
> div-cms@1.0.0 build
> cross-env NODE_OPTIONS="--no-deprecation --max-old-space-size=8000" next build

▲ Next.js 16.2.1 (Turbopack)
- Environments: .env

  Creating an optimized production build ...

> Build error occurred
Error: Turbopack build failed with 162 errors:
./src/app/(frontend)/layout.tsx:6:1
Module not found: Can't resolve '../components/PropertyPage/Icons'
  [90m4 |[0m [36mimport[0m [33mScript[0m [36mfrom[0m [32m"next/script"[0m;
  [90m5 |[0m [36mimport[0m { [33mToaster[0m } [36mfrom[0m [32m"@/components/ui/toaster"[0m;
[31m[1m>[0m [90m6 |[0m [36mimport[0m [33mIcons[0m, {[33mIconGradients[0m} [36mfrom[0m [32m"../components/PropertyPage/Icons"[0m;
  [90m  |[0m [31m[1m^^^^^^^^^^^^^^^^^^^^^^^^^^^^^^^^^^^^^^^^^^^^^^^^^^^^^^^^^^^^^^^^^^^^^^[0m
  [90m7 |[0m
  [90m8 |[0m [90m// Google Fonts[0m
  [90m9 |[0m [36mconst[0m poppins = [33mPoppins[0m({



https://nextjs.org/docs/messages/module-not-found


./src/app/(frontend)/layout.tsx:2:1
Module not found: Can't resolve '../styles/globals.css'
  [90m1 |[0m [36mimport[0m [36mtype[0m { [33mMetadata[0m } [36mfrom[0m [32m"next"[0m;
[31m[1m>[0m [90m2 |[0m [36mimport[0m [32m"../styles/globals.css"[0m;
  [90m  |[0m [31m[1m^^^^^^^^^^^^^^^^^^^^^^^^^^^^^^^[0m
  [90m3 |[0m [36mimport[0m { [33mPoppins[0m, [33mMontserrat[0m, [33mMulish[0m } [36mfrom[0m [32m"next/font/google"[0m;
  [90m4 |[0m [36mimport[0m [33mScript[0m [36mfrom[0m [32m"next/script"[0m;
  [90m5 |[0m [36mimport[0m { [33mToaster[0m } [36mfrom[0m [32m"@/components/ui/toaster"[0m;



https://nextjs.org/docs/messages/module-not-found


./src/utils/ImgProxyURLGenerator.tsx:18:1
Module not found: Can't resolve '@imgproxy/imgproxy-js-core'
  [90m16 |[0m [90m// }[0m
  [90m17 |[0m
[31m[1m>[0m [90m18 |[0m [36mimport[0m { generateUrl } [36mfrom[0m [32m"@imgproxy/imgproxy-js-core"[0m;
  [90m   |[0m [31m[1m^^^^^^^^^^^^^^^^^^^^^^^^^^^^^^^^^^^^^^^^^^^^^^^^^^^^^^^^^[0m
  [90m19 |[0m
  [90m20 |[0m [36mexport[0m [36mdefault[0m [36mfunction[0m imgproxyLoader({
  [90m21 |[0m   src,



Import traces:
  Client Component Browser:
    ./src/utils/ImgProxyURLGenerator.tsx [Client Component Browser]
    ./src/app/(frontend)/(root)/property/[id]/ImageViewer.tsx [Client Component Browser]
    ./src/app/(frontend)/(root)/property/[id]/page.tsx [Client Component Browser]
    ./src/app/(frontend)/(root)/property/[id]/page.tsx [Server Component]

  Client Component SSR:
    ./src/utils/ImgProxyURLGenerator.tsx [Client Component SSR]
    ./src/app/(frontend)/(root)/property/[id]/ImageViewer.tsx [Client Component SSR]
    ./src/app/(frontend)/(root)/property/[id]/page.tsx [Client Component SSR]
    ./src/app/(frontend)/(root)/property/[id]/page.tsx [Server Component]

https://nextjs.org/docs/messages/module-not-found


./src/components/ui/avatar.tsx:4:1
Module not found: Can't resolve '@radix-ui/react-avatar'
  [90m2 |[0m
  [90m3 |[0m [36mimport[0m * [36mas[0m [33mReact[0m [36mfrom[0m [32m"react"[0m
[31m[1m>[0m [90m4 |[0m [36mimport[0m * [36mas[0m [33mAvatarPrimitive[0m [36mfrom[0m [32m"@radix-ui/react-avatar"[0m
  [90m  |[0m [31m[1m^^^^^^^^^^^^^^^^^^^^^^^^^^^^^^^^^^^^^^^^^^^^^^^^^^^^^^^^^[0m
  [90m5 |[0m
  [90m6 |[0m [36mimport[0m { cn } [36mfrom[0m [32m"@/lib/utils"[0m
  [90m7 |[0m



Import traces:
  Client Component Browser:
    ./src/components/ui/avatar.tsx [Client Component Browser]
    ./src/components/Form/ProfileImageUpload.tsx [Client Component Browser]
    ./src/components/Profile/PersonalInfoCard.tsx [Client Component Browser]
    ./src/app/(frontend)/(root)/profile/page.tsx [Client Component Browser]
    ./src/app/(frontend)/(root)/profile/page.tsx [Server Component]

  Client Component SSR:
    ./src/components/ui/avatar.tsx [Client Component SSR]
    ./src/components/Form/ProfileImageUpload.tsx [Client Component SSR]
    ./src/components/Profile/PersonalInfoCard.tsx [Client Component SSR]
    ./src/app/(frontend)/(root)/profile/page.tsx [Client Component SSR]
    ./src/app/(frontend)/(root)/profile/page.tsx [Server Component]

https://nextjs.org/docs/messages/module-not-found


./src/components/ui/dialog.tsx:4:1
Module not found: Can't resolve '@radix-ui/react-dialog'
  [90m2 |[0m
  [90m3 |[0m [36mimport[0m * [36mas[0m [33mReact[0m [36mfrom[0m [32m"react"[0m;
[31m[1m>[0m [90m4 |[0m [36mimport[0m * [36mas[0m [33mDialogPrimitive[0m [36mfrom[0m [32m"@radix-ui/react-dialog"[0m;
  [90m  |[0m [31m[1m^^^^^^^^^^^^^^^^^^^^^^^^^^^^^^^^^^^^^^^^^^^^^^^^^^^^^^^^^^[0m
  [90m5 |[0m [36mimport[0m { [33mX[0m } [36mfrom[0m [32m"lucide-react"[0m;
  [90m6 |[0m
  [90m7 |[0m [36mimport[0m { cn } [36mfrom[0m [32m"@/lib/utils"[0m;



Import traces:
  Client Component Browser:
    ./src/components/ui/dialog.tsx [Client Component Browser]
    ./src/components/Property/LocationPicker/LocationPickerModal.tsx [Client Component Browser]
    ./src/components/Loaning/BuyabilityCalculator.tsx [Client Component Browser]
    ./src/app/(frontend)/(root)/loaning/page.tsx [Client Component Browser]
    ./src/app/(frontend)/(root)/loaning/page.tsx [Server Component]

  Client Component SSR:
    ./src/components/ui/dialog.tsx [Client Component SSR]
    ./src/components/Property/LocationPicker/LocationPickerModal.tsx [Client Component SSR]
    ./src/components/Loaning/BuyabilityCalculator.tsx [Client Component SSR]
    ./src/app/(frontend)/(root)/loaning/page.tsx [Client Component SSR]
    ./src/app/(frontend)/(root)/loaning/page.tsx [Server Component]

https://nextjs.org/docs/messages/module-not-found


./src/components/ui/sheet.tsx:4:1
Module not found: Can't resolve '@radix-ui/react-dialog'
  [90m2 |[0m
  [90m3 |[0m [36mimport[0m * [36mas[0m [33mReact[0m [36mfrom[0m [32m"react"[0m
[31m[1m>[0m [90m4 |[0m [36mimport[0m * [36mas[0m [33mSheetPrimitive[0m [36mfrom[0m [32m"@radix-ui/react-dialog"[0m
  [90m  |[0m [31m[1m^^^^^^^^^^^^^^^^^^^^^^^^^^^^^^^^^^^^^^^^^^^^^^^^^^^^^^^^[0m
  [90m5 |[0m [36mimport[0m { cva, [36mtype[0m [33mVariantProps[0m } [36mfrom[0m [32m"class-variance-authority"[0m
  [90m6 |[0m [36mimport[0m { [33mX[0m } [36mfrom[0m [32m"lucide-react"[0m
  [90m7 |[0m



Import traces:
  Client Component Browser:
    ./src/components/ui/sheet.tsx [Client Component Browser]
    ./src/components/auth/PhoneAuthModal.tsx [Client Component Browser]
    ./src/components/Loaning/BuyabilityCalculator.tsx [Client Component Browser]
    ./src/app/(frontend)/(root)/tools/page.tsx [Client Component Browser]
    ./src/app/(frontend)/(root)/tools/page.tsx [Server Component]

  Client Component SSR:
    ./src/components/ui/sheet.tsx [Client Component SSR]
    ./src/components/auth/PhoneAuthModal.tsx [Client Component SSR]
    ./src/components/Loaning/BuyabilityCalculator.tsx [Client Component SSR]
    ./src/app/(frontend)/(root)/tools/page.tsx [Client Component SSR]
    ./src/app/(frontend)/(root)/tools/page.tsx [Server Component]

https://nextjs.org/docs/messages/module-not-found


./src/components/ui/dropdown-menu.tsx:4:1
Module not found: Can't resolve '@radix-ui/react-dropdown-menu'
  [90m2 |[0m
  [90m3 |[0m [36mimport[0m * [36mas[0m [33mReact[0m [36mfrom[0m [32m"react"[0m
[31m[1m>[0m [90m4 |[0m [36mimport[0m * [36mas[0m [33mDropdownMenuPrimitive[0m [36mfrom[0m [32m"@radix-ui/react-dropdown-menu"[0m
  [90m  |[0m [31m[1m^^^^^^^^^^^^^^^^^^^^^^^^^^^^^^^^^^^^^^^^^^^^^^^^^^^^^^^^^^^^^^^^^^^^^^[0m
  [90m5 |[0m [36mimport[0m { [33mCheck[0m, [33mChevronRight[0m, [33mCircle[0m } [36mfrom[0m [32m"lucide-react"[0m
  [90m6 |[0m
  [90m7 |[0m [36mimport[0m { cn } [36mfrom[0m [32m"@/lib/utils"[0m



Import traces:
  Client Component Browser:
    ./src/components/ui/dropdown-menu.tsx [Client Component Browser]
    ./src/components/Navbar.tsx [Client Component Browser]
    ./src/components/Navbar.tsx [Server Component]
    ./src/app/(frontend)/(root)/layout.tsx [Server Component]

  Client Component SSR:
    ./src/components/ui/dropdown-menu.tsx [Client Component SSR]
    ./src/components/Navbar.tsx [Client Component SSR]
    ./src/components/Navbar.tsx [Server Component]
    ./src/app/(frontend)/(root)/layout.tsx [Server Component]

https://nextjs.org/docs/messages/module-not-found


./src/components/ui/popover.tsx:4:1
Module not found: Can't resolve '@radix-ui/react-popover'
  [90m2 |[0m
  [90m3 |[0m [36mimport[0m * [36mas[0m [33mReact[0m [36mfrom[0m [32m"react"[0m
[31m[1m>[0m [90m4 |[0m [36mimport[0m * [36mas[0m [33mPopoverPrimitive[0m [36mfrom[0m [32m"@radix-ui/react-popover"[0m
  [90m  |[0m [31m[1m^^^^^^^^^^^^^^^^^^^^^^^^^^^^^^^^^^^^^^^^^^^^^^^^^^^^^^^^^^^[0m
  [90m5 |[0m
  [90m6 |[0m [36mimport[0m { cn } [36mfrom[0m [32m"@/lib/utils"[0m
  [90m7 |[0m



Import traces:
  Client Component Browser:
    ./src/components/ui/popover.tsx [Client Component Browser]
    ./src/components/Property/PropertyCard/BuilderInfo.tsx [Client Component Browser]
    ./src/components/Property/PropertyCard/PropertyCard.tsx [Client Component Browser]
    ./src/components/Profile/WishlistSection.tsx [Client Component Browser]
    ./src/app/(frontend)/(root)/profile/page.tsx [Client Component Browser]
    ./src/app/(frontend)/(root)/profile/page.tsx [Server Component]

  Client Component SSR:
    ./src/components/ui/popover.tsx [Client Component SSR]
    ./src/components/Property/PropertyCard/BuilderInfo.tsx [Client Component SSR]
    ./src/components/Property/PropertyCard/PropertyCard.tsx [Client Component SSR]
    ./src/components/Profile/WishlistSection.tsx [Client Component SSR]
    ./src/app/(frontend)/(root)/profile/page.tsx [Client Component SSR]
    ./src/app/(frontend)/(root)/profile/page.tsx [Server Component]

https://nextjs.org/docs/messages/module-not-found


./src/components/ui/slider.tsx:4:1
Module not found: Can't resolve '@radix-ui/react-slider'
  [90m2 |[0m
  [90m3 |[0m [36mimport[0m * [36mas[0m [33mReact[0m [36mfrom[0m [32m"react"[0m;
[31m[1m>[0m [90m4 |[0m [36mimport[0m * [36mas[0m [33mSliderPrimitive[0m [36mfrom[0m [32m"@radix-ui/react-slider"[0m;
  [90m  |[0m [31m[1m^^^^^^^^^^^^^^^^^^^^^^^^^^^^^^^^^^^^^^^^^^^^^^^^^^^^^^^^^^[0m
  [90m5 |[0m
  [90m6 |[0m [36mimport[0m { cn } [36mfrom[0m [32m"@/lib/utils"[0m;
  [90m7 |[0m [36mtype[0m [33mSliderStyleProps[0m = {



Import traces:
  Client Component Browser:
    ./src/components/ui/slider.tsx [Client Component Browser]
    ./src/components/Property/mobileView/MobileViewFilters.tsx [Client Component Browser]
    ./src/components/Property/mobileView/MobilePropertyView.tsx [Client Component Browser]
    ./src/app/(frontend)/(root)/properties/page.tsx [Client Component Browser]
    ./src/app/(frontend)/(root)/properties/page.tsx [Server Component]

  Client Component SSR:
    ./src/components/ui/slider.tsx [Client Component SSR]
    ./src/components/Property/mobileView/MobileViewFilters.tsx [Client Component SSR]
    ./src/components/Property/mobileView/MobilePropertyView.tsx [Client Component SSR]
    ./src/app/(frontend)/(root)/properties/page.tsx [Client Component SSR]
    ./src/app/(frontend)/(root)/properties/page.tsx [Server Component]

https://nextjs.org/docs/messages/module-not-found


./src/components/ui/button.tsx:2:1
Module not found: Can't resolve '@radix-ui/react-slot'
  [90m1 |[0m [36mimport[0m * [36mas[0m [33mReact[0m [36mfrom[0m [32m"react"[0m;
[31m[1m>[0m [90m2 |[0m [36mimport[0m { [33mSlot[0m } [36mfrom[0m [32m"@radix-ui/react-slot"[0m;
  [90m  |[0m [31m[1m^^^^^^^^^^^^^^^^^^^^^^^^^^^^^^^^^^^^^^^^^^^^[0m
  [90m3 |[0m [36mimport[0m { cva, [36mtype[0m [33mVariantProps[0m } [36mfrom[0m [32m"class-variance-authority"[0m;
  [90m4 |[0m
  [90m5 |[0m [36mimport[0m { cn } [36mfrom[0m [32m"@/lib/utils"[0m;



Import traces:
  Client Component Browser:
    ./src/components/ui/button.tsx [Client Component Browser]
    ./src/components/Property/desktopView/RegionFilter.tsx [Client Component Browser]
    ./src/components/Property/Properties/PropertyListOnlyView.tsx [Client Component Browser]
    ./src/components/Property/desktopView/DesktopPropertyView.tsx [Client Component Browser]
    ./src/app/(frontend)/(root)/properties/page.tsx [Client Component Browser]
    ./src/app/(frontend)/(root)/properties/page.tsx [Server Component]

  Client Component SSR:
    ./src/components/ui/button.tsx [Client Component SSR]
    ./src/components/Property/desktopView/RegionFilter.tsx [Client Component SSR]
    ./src/components/Property/Properties/PropertyListOnlyView.tsx [Client Component SSR]
    ./src/components/Property/desktopView/DesktopPropertyView.tsx [Client Component SSR]
    ./src/app/(frontend)/(root)/properties/page.tsx [Client Component SSR]
    ./src/app/(frontend)/(root)/properties/page.tsx [Server Component]

https://nextjs.org/docs/messages/module-not-found


./src/components/ui/switch.tsx:4:1
Module not found: Can't resolve '@radix-ui/react-switch'
  [90m2 |[0m
  [90m3 |[0m [36mimport[0m * [36mas[0m [33mReact[0m [36mfrom[0m [32m"react"[0m;
[31m[1m>[0m [90m4 |[0m [36mimport[0m * [36mas[0m [33mSwitchPrimitives[0m [36mfrom[0m [32m"@radix-ui/react-switch"[0m;
  [90m  |[0m [31m[1m^^^^^^^^^^^^^^^^^^^^^^^^^^^^^^^^^^^^^^^^^^^^^^^^^^^^^^^^^^^[0m
  [90m5 |[0m
  [90m6 |[0m [36mimport[0m { cn } [36mfrom[0m [32m"@/lib/utils"[0m;
  [90m7 |[0m



Import traces:
  Client Component Browser:
    ./src/components/ui/switch.tsx [Client Component Browser]
    ./src/components/Property/PropertyFilters/AreaOfInterestDialog.tsx [Client Component Browser]
    ./src/components/SearchFilter.tsx [Client Component Browser]
    ./src/components/BuyersGuide/LargestReturn.tsx [Client Component Browser]
    ./src/app/(frontend)/(root)/buyers-guide/page.tsx [Client Component Browser]
    ./src/app/(frontend)/(root)/buyers-guide/page.tsx [Server Component]

  Client Component SSR:
    ./src/components/ui/switch.tsx [Client Component SSR]
    ./src/components/Property/PropertyFilters/AreaOfInterestDialog.tsx [Client Component SSR]
    ./src/components/SearchFilter.tsx [Client Component SSR]
    ./src/components/BuyersGuide/LargestReturn.tsx [Client Component SSR]
    ./src/app/(frontend)/(root)/buyers-guide/page.tsx [Client Component SSR]
    ./src/app/(frontend)/(root)/buyers-guide/page.tsx [Server Component]

https://nextjs.org/docs/messages/module-not-found


./src/components/ui/toast.tsx:4:1
Module not found: Can't resolve '@radix-ui/react-toast'
  [90m2 |[0m
  [90m3 |[0m [36mimport[0m * [36mas[0m [33mReact[0m [36mfrom[0m [32m"react"[0m
[31m[1m>[0m [90m4 |[0m [36mimport[0m * [36mas[0m [33mToastPrimitives[0m [36mfrom[0m [32m"@radix-ui/react-toast"[0m
  [90m  |[0m [31m[1m^^^^^^^^^^^^^^^^^^^^^^^^^^^^^^^^^^^^^^^^^^^^^^^^^^^^^^^^[0m
  [90m5 |[0m [36mimport[0m { cva, [36mtype[0m [33mVariantProps[0m } [36mfrom[0m [32m"class-variance-authority"[0m
  [90m6 |[0m [36mimport[0m { [33mX[0m } [36mfrom[0m [32m"lucide-react"[0m
  [90m7 |[0m



Import traces:
  Client Component Browser:
    ./src/components/ui/toast.tsx [Client Component Browser]
    ./src/components/ui/toaster.tsx [Client Component Browser]
    ./src/components/ui/toaster.tsx [Server Component]
    ./src/app/(frontend)/layout.tsx [Server Component]

  Client Component SSR:
    ./src/components/ui/toast.tsx [Client Component SSR]
    ./src/components/ui/toaster.tsx [Client Component SSR]
    ./src/components/ui/toaster.tsx [Server Component]
    ./src/app/(frontend)/layout.tsx [Server Component]

https://nextjs.org/docs/messages/module-not-found


./src/store/index.ts:1:1
Module not found: Can't resolve '@reduxjs/toolkit'
[31m[1m>[0m [90m1 |[0m [36mimport[0m { configureStore } [36mfrom[0m [32m"@reduxjs/toolkit"[0m;
  [90m  |[0m [31m[1m^^^^^^^^^^^^^^^^^^^^^^^^^^^^^^^^^^^^^^^^^^^^^^^^^^[0m
  [90m2 |[0m [36mimport[0m propertyReducer [36mfrom[0m [32m"./slices/propertySlice"[0m;
  [90m3 |[0m [36mimport[0m locationReducer [36mfrom[0m [32m"./slices/locationSlice"[0m;
  [90m4 |[0m [36mimport[0m wishlistReducer [36mfrom[0m [32m"./slices/wishlistSlice"[0m;



Import traces:
  Client Component Browser:
    ./src/store/index.ts [Client Component Browser]
    ./src/providers/ClientProviders.tsx [Client Component Browser]
    ./src/providers/ClientProviders.tsx [Server Component]
    ./src/app/(frontend)/(root)/layout.tsx [Server Component]

  Client Component SSR:
    ./src/store/index.ts [Client Component SSR]
    ./src/providers/ClientProviders.tsx [Client Component SSR]
    ./src/providers/ClientProviders.tsx [Server Component]
    ./src/app/(frontend)/(root)/layout.tsx [Server Component]

https://nextjs.org/docs/messages/module-not-found


./src/store/slices/locationSlice.ts:1:1
Module not found: Can't resolve '@reduxjs/toolkit'
[31m[1m>[0m [90m1 |[0m [36mimport[0m { createSlice, createAsyncThunk, [33mPayloadAction[0m } [36mfrom[0m [32m"@reduxjs/toolkit"[0m;
  [90m  |[0m [31m[1m^^^^^^^^^^^^^^^^^^^^^^^^^^^^^^^^^^^^^^^^^^^^^^^^^^^^^^^^^^^^^^^^^^^^^^^^^^^^^^^^[0m
  [90m2 |[0m [36mimport[0m [36mtype[0m { [33mRootState[0m } [36mfrom[0m [32m".."[0m;
  [90m3 |[0m [36mimport[0m { [33mLocationHelper[0m } [36mfrom[0m [32m"@/utils/location-helper"[0m;
  [90m4 |[0m



Import traces:
  Client Component Browser:
    ./src/store/slices/locationSlice.ts [Client Component Browser]
    ./src/hooks/useSearchForm.ts [Client Component Browser]
    ./src/components/SearchFilter.tsx [Client Component Browser]
    ./src/components/BuyersGuide/LargestReturn.tsx [Client Component Browser]
    ./src/app/(frontend)/(root)/buyers-guide/page.tsx [Client Component Browser]
    ./src/app/(frontend)/(root)/buyers-guide/page.tsx [Server Component]

  Client Component SSR:
    ./src/store/slices/locationSlice.ts [Client Component SSR]
    ./src/hooks/useSearchForm.ts [Client Component SSR]
    ./src/components/SearchFilter.tsx [Client Component SSR]
    ./src/components/BuyersGuide/LargestReturn.tsx [Client Component SSR]
    ./src/app/(frontend)/(root)/buyers-guide/page.tsx [Client Component SSR]
    ./src/app/(frontend)/(root)/buyers-guide/page.tsx [Server Component]

https://nextjs.org/docs/messages/module-not-found


./src/store/slices/propertySlice.ts:1:1
Module not found: Can't resolve '@reduxjs/toolkit'
[31m[1m>[0m [90m1 |[0m ...[36mrt[0m { createSlice, createAsyncThunk, [33mPayloadAction[0m, createSelector } [36mfrom[0m [32m"@reduxjs/toolk...[0m
  [90m  |[0m    [31m[1m^^^^^^^^^^^^^^^^^^^^^^^^^^^^^^^^^^^^^^^^^^^^^^^^^^^^^^^^^^^^^^^^^^^^^^^^^^^^^^^^^^^^^^^^^^^[0m
  [90m2 |[0m ...[36mrt[0m [36mtype[0m { [33mRootState[0m } [36mfrom[0m [32m"@/store"[0m;
  [90m3 |[0m ...[36mrt[0m [36mtype[0m {
  [90m4 |[0m ...[33moperty[0m,



Import traces:
  Client Component Browser:
    ./src/store/slices/propertySlice.ts [Client Component Browser]
    ./src/hooks/usePropertiesPageHandlers.ts [Client Component Browser]
    ./src/app/(frontend)/(root)/properties/page.tsx [Client Component Browser]
    ./src/app/(frontend)/(root)/properties/page.tsx [Server Component]

  Client Component SSR:
    ./src/store/slices/propertySlice.ts [Client Component SSR]
    ./src/hooks/usePropertiesPageHandlers.ts [Client Component SSR]
    ./src/app/(frontend)/(root)/properties/page.tsx [Client Component SSR]
    ./src/app/(frontend)/(root)/properties/page.tsx [Server Component]

https://nextjs.org/docs/messages/module-not-found


./src/store/slices/wishlistSlice.ts:2:1
Module not found: Can't resolve '@reduxjs/toolkit'
  [90m1 |[0m [36mimport[0m { apiRequest } [36mfrom[0m [32m"@/api/api"[0m;
[31m[1m>[0m [90m2 |[0m [36mimport[0m { createSlice, createAsyncThunk, [33mPayloadAction[0m } [36mfrom[0m [32m"@reduxjs/toolkit"[0m;
  [90m  |[0m [31m[1m^^^^^^^^^^^^^^^^^^^^^^^^^^^^^^^^^^^^^^^^^^^^^^^^^^^^^^^^^^^^^^^^^^^^^^^^^^^^^^^^[0m
  [90m3 |[0m
  [90m4 |[0m [90m// API Response Types[0m
  [90m5 |[0m [36minterface[0m [33mWishlistProperty[0m {



Import traces:
  Client Component Browser:
    ./src/store/slices/wishlistSlice.ts [Client Component Browser]
    ./src/hooks/useWishlist.ts [Client Component Browser]
    ./src/app/(frontend)/(root)/profile/page.tsx [Client Component Browser]
    ./src/app/(frontend)/(root)/profile/page.tsx [Server Component]

  Client Component SSR:
    ./src/store/slices/wishlistSlice.ts [Client Component SSR]
    ./src/hooks/useWishlist.ts [Client Component SSR]
    ./src/app/(frontend)/(root)/profile/page.tsx [Client Component SSR]
    ./src/app/(frontend)/(root)/profile/page.tsx [Server Component]

https://nextjs.org/docs/messages/module-not-found


./src/components/Property/PropertyMap/PropertyAreaHighlight.tsx:2:1
Module not found: Can't resolve '@vis.gl/react-google-maps'
  [90m1 |[0m [36mimport[0m [33mReact[0m, { useEffect, useRef } [36mfrom[0m [32m"react"[0m;
[31m[1m>[0m [90m2 |[0m [36mimport[0m { useMap } [36mfrom[0m [32m"@vis.gl/react-google-maps"[0m;
  [90m  |[0m [31m[1m^^^^^^^^^^^^^^^^^^^^^^^^^^^^^^^^^^^^^^^^^^^^^^^^^^^[0m
  [90m3 |[0m [36mimport[0m { [33mProperty[0m } [36mfrom[0m [32m"@/types/property"[0m;
  [90m4 |[0m
  [90m5 |[0m [36minterface[0m [33mPropertyAreaHighlightProps[0m {



Import traces:
  Client Component Browser:
    ./src/components/Property/PropertyMap/PropertyAreaHighlight.tsx [Client Component Browser]
    ./src/components/Property/PropertyMap/PropertyMap.tsx [Client Component Browser]
    ./src/components/Property/Properties/PropertyWithMapView.tsx [Client Component Browser]
    ./src/components/Property/desktopView/DesktopPropertyView.tsx [Client Component Browser]
    ./src/app/(frontend)/(root)/properties/page.tsx [Client Component Browser]
    ./src/app/(frontend)/(root)/properties/page.tsx [Server Component]

  Client Component SSR:
    ./src/components/Property/PropertyMap/PropertyAreaHighlight.tsx [Client Component SSR]
    ./src/components/Property/PropertyMap/PropertyMap.tsx [Client Component SSR]
    ./src/components/Property/Properties/PropertyWithMapView.tsx [Client Component SSR]
    ./src/components/Property/desktopView/DesktopPropertyView.tsx [Client Component SSR]
    ./src/app/(frontend)/(root)/properties/page.tsx [Client Component SSR]
    ./src/app/(frontend)/(root)/properties/page.tsx [Server Component]

https://nextjs.org/docs/messages/module-not-found


./src/components/Property/PropertyMap/PropertyMapMarker.tsx:23:1
Module not found: Can't resolve '@vis.gl/react-google-maps'
  [90m21 |[0m [36mimport[0m { [33mAreaOfInterest[0m, [33mProperty[0m } [36mfrom[0m [32m"@/types/property"[0m;
  [90m22 |[0m [36mimport[0m { [33mPropertyMapMarkerDataRef[0m } [36mfrom[0m [32m"./types"[0m;
[31m[1m>[0m [90m23 |[0m [36mimport[0m { [33mAdvancedMarker[0m } [36mfrom[0m [32m"@vis.gl/react-google-maps"[0m;
  [90m   |[0m [31m[1m^^^^^^^^^^^^^^^^^^^^^^^^^^^^^^^^^^^^^^^^^^^^^^^^^^^^^^^^^^^[0m
  [90m24 |[0m [36mimport[0m { [33mUserLocationMarker[0m } [36mfrom[0m [32m"./markers/UserLocationMarker"[0m;
  [90m25 |[0m [36mimport[0m { [33mLocationTrackingButton[0m } [36mfrom[0m [32m"./controls/LocationTrackingButton"[0m;
  [90m26 |[0m



Import traces:
  Client Component Browser:
    ./src/components/Property/PropertyMap/PropertyMapMarker.tsx [Client Component Browser]
    ./src/components/Property/mobileView/MobileMapView.tsx [Client Component Browser]
    ./src/components/Property/mobileView/MobilePropertyView.tsx [Client Component Browser]
    ./src/app/(frontend)/(root)/properties/page.tsx [Client Component Browser]
    ./src/app/(frontend)/(root)/properties/page.tsx [Server Component]

  Client Component SSR:
    ./src/components/Property/PropertyMap/PropertyMapMarker.tsx [Client Component SSR]
    ./src/components/Property/mobileView/MobileMapView.tsx [Client Component SSR]
    ./src/components/Property/mobileView/MobilePropertyView.tsx [Client Component SSR]
    ./src/app/(frontend)/(root)/properties/page.tsx [Client Component SSR]
    ./src/app/(frontend)/(root)/properties/page.tsx [Server Component]

https://nextjs.org/docs/messages/module-not-found


./src/components/Property/PropertyMap/markers/AreaOfInterestMarker.tsx:2:1
Module not found: Can't resolve '@vis.gl/react-google-maps'
  [90m1 |[0m [36mimport[0m [33mReact[0m [36mfrom[0m [32m"react"[0m;
[31m[1m>[0m [90m2 |[0m [36mimport[0m { [33mAdvancedMarker[0m } [36mfrom[0m [32m"@vis.gl/react-google-maps"[0m;
  [90m  |[0m [31m[1m^^^^^^^^^^^^^^^^^^^^^^^^^^^^^^^^^^^^^^^^^^^^^^^^^^^^^^^^^^^[0m
  [90m3 |[0m [36mimport[0m { [33mAreaOfInterest[0m } [36mfrom[0m [32m"@/types/property"[0m;
  [90m4 |[0m [36mimport[0m [33mCarIcon[0m [36mfrom[0m [32m"../../icons/CarIcon"[0m;
  [90m5 |[0m [36mimport[0m { [33mRouteDuration[0m } [36mfrom[0m [32m"@/hooks/useRouteCalculation"[0m;



Import traces:
  Client Component Browser:
    ./src/components/Property/PropertyMap/markers/AreaOfInterestMarker.tsx [Client Component Browser]
    ./src/components/Property/PropertyMap/PropertyMapMarker.tsx [Client Component Browser]
    ./src/components/Property/mobileView/MobileMapView.tsx [Client Component Browser]
    ./src/components/Property/mobileView/MobilePropertyView.tsx [Client Component Browser]
    ./src/app/(frontend)/(root)/properties/page.tsx [Client Component Browser]
    ./src/app/(frontend)/(root)/properties/page.tsx [Server Component]

  Client Component SSR:
    ./src/components/Property/PropertyMap/markers/AreaOfInterestMarker.tsx [Client Component SSR]
    ./src/components/Property/PropertyMap/PropertyMapMarker.tsx [Client Component SSR]
    ./src/components/Property/mobileView/MobileMapView.tsx [Client Component SSR]
    ./src/components/Property/mobileView/MobilePropertyView.tsx [Client Component SSR]
    ./src/app/(frontend)/(root)/properties/page.tsx [Client Component SSR]
    ./src/app/(frontend)/(root)/properties/page.tsx [Server Component]

https://nextjs.org/docs/messages/module-not-found


./src/components/Property/PropertyMap/markers/NearbyLocationMarkers.tsx:2:1
Module not found: Can't resolve '@vis.gl/react-google-maps'
  [90m1 |[0m [36mimport[0m [33mReact[0m [36mfrom[0m [32m"react"[0m;
[31m[1m>[0m [90m2 |[0m [36mimport[0m { [33mAdvancedMarker[0m } [36mfrom[0m [32m"@vis.gl/react-google-maps"[0m;
  [90m  |[0m [31m[1m^^^^^^^^^^^^^^^^^^^^^^^^^^^^^^^^^^^^^^^^^^^^^^^^^^^^^^^^^^^[0m
  [90m3 |[0m [36mimport[0m [33mIcons[0m [36mfrom[0m [32m"@/components/PropertyPage/Icons"[0m;
  [90m4 |[0m
  [90m5 |[0m [90m// Icon components[0m



Import traces:
  Client Component Browser:
    ./src/components/Property/PropertyMap/markers/NearbyLocationMarkers.tsx [Client Component Browser]
    ./src/components/PropertyPage/PropertyMap.tsx [Client Component Browser]
    ./src/components/PropertyPage/index.ts [Client Component Browser]
    ./src/app/(frontend)/(root)/property/[id]/page.tsx [Client Component Browser]
    ./src/app/(frontend)/(root)/property/[id]/page.tsx [Server Component]

  Client Component SSR:
    ./src/components/Property/PropertyMap/markers/NearbyLocationMarkers.tsx [Client Component SSR]
    ./src/components/PropertyPage/PropertyMap.tsx [Client Component SSR]
    ./src/components/PropertyPage/index.ts [Client Component SSR]
    ./src/app/(frontend)/(root)/property/[id]/page.tsx [Client Component SSR]
    ./src/app/(frontend)/(root)/property/[id]/page.tsx [Server Component]

https://nextjs.org/docs/messages/module-not-found


./src/components/Property/PropertyMap/markers/SelectedPropertyMarker.tsx:2:1
Module not found: Can't resolve '@vis.gl/react-google-maps'
  [90m1 |[0m [36mimport[0m [33mReact[0m [36mfrom[0m [32m"react"[0m;
[31m[1m>[0m [90m2 |[0m [36mimport[0m { [33mAdvancedMarker[0m } [36mfrom[0m [32m"@vis.gl/react-google-maps"[0m;
  [90m  |[0m [31m[1m^^^^^^^^^^^^^^^^^^^^^^^^^^^^^^^^^^^^^^^^^^^^^^^^^^^^^^^^^^^[0m
  [90m3 |[0m [36mimport[0m { [33mProperty[0m } [36mfrom[0m [32m"@/types/property"[0m;
  [90m4 |[0m [36mimport[0m [33mPropertyCard[0m [36mfrom[0m [32m"../../PropertyCard/PropertyCard"[0m;
  [90m5 |[0m [36mimport[0m [33mClickAwayListener[0m [36mfrom[0m [32m"react-click-away-listener"[0m;



Import traces:
  Client Component Browser:
    ./src/components/Property/PropertyMap/markers/SelectedPropertyMarker.tsx [Client Component Browser]
    ./src/components/Property/PropertyMap/PropertyMapMarker.tsx [Client Component Browser]
    ./src/components/Property/mobileView/MobileMapView.tsx [Client Component Browser]
    ./src/components/Property/mobileView/MobilePropertyView.tsx [Client Component Browser]
    ./src/app/(frontend)/(root)/properties/page.tsx [Client Component Browser]
    ./src/app/(frontend)/(root)/properties/page.tsx [Server Component]

  Client Component SSR:
    ./src/components/Property/PropertyMap/markers/SelectedPropertyMarker.tsx [Client Component SSR]
    ./src/components/Property/PropertyMap/PropertyMapMarker.tsx [Client Component SSR]
    ./src/components/Property/mobileView/MobileMapView.tsx [Client Component SSR]
    ./src/components/Property/mobileView/MobilePropertyView.tsx [Client Component SSR]
    ./src/app/(frontend)/(root)/properties/page.tsx [Client Component SSR]
    ./src/app/(frontend)/(root)/properties/page.tsx [Server Component]

https://nextjs.org/docs/messages/module-not-found


./src/components/Property/PropertyMap/markers/UserLocationMarker.tsx:2:1
Module not found: Can't resolve '@vis.gl/react-google-maps'
  [90m1 |[0m [36mimport[0m [33mReact[0m [36mfrom[0m [32m"react"[0m;
[31m[1m>[0m [90m2 |[0m [36mimport[0m { [33mAdvancedMarker[0m } [36mfrom[0m [32m"@vis.gl/react-google-maps"[0m;
  [90m  |[0m [31m[1m^^^^^^^^^^^^^^^^^^^^^^^^^^^^^^^^^^^^^^^^^^^^^^^^^^^^^^^^^^^[0m
  [90m3 |[0m
  [90m4 |[0m [36minterface[0m [33mUserLocationMarkerProps[0m {
  [90m5 |[0m     position: { lat: number; lng: number };



Import traces:
  Client Component Browser:
    ./src/components/Property/PropertyMap/markers/UserLocationMarker.tsx [Client Component Browser]
    ./src/components/Property/PropertyMap/PropertyMapMarker.tsx [Client Component Browser]
    ./src/components/Property/mobileView/MobileMapView.tsx [Client Component Browser]
    ./src/components/Property/mobileView/MobilePropertyView.tsx [Client Component Browser]
    ./src/app/(frontend)/(root)/properties/page.tsx [Client Component Browser]
    ./src/app/(frontend)/(root)/properties/page.tsx [Server Component]

  Client Component SSR:
    ./src/components/Property/PropertyMap/markers/UserLocationMarker.tsx [Client Component SSR]
    ./src/components/Property/PropertyMap/PropertyMapMarker.tsx [Client Component SSR]
    ./src/components/Property/mobileView/MobileMapView.tsx [Client Component SSR]
    ./src/components/Property/mobileView/MobilePropertyView.tsx [Client Component SSR]
    ./src/app/(frontend)/(root)/properties/page.tsx [Client Component SSR]
    ./src/app/(frontend)/(root)/properties/page.tsx [Server Component]

https://nextjs.org/docs/messages/module-not-found


./src/components/PropertyPage/PropertyMap.tsx:4:1
Module not found: Can't resolve '@vis.gl/react-google-maps'
  [90m2 |[0m
  [90m3 |[0m [36mimport[0m [33mReact[0m, { useState } [36mfrom[0m [32m"react"[0m;
[31m[1m>[0m [90m4 |[0m [36mimport[0m { [33mAPIProvider[0m, [33mMap[0m, [33mAdvancedMarker[0m } [36mfrom[0m [32m"@vis.gl/react-google-maps"[0m;
  [90m  |[0m [31m[1m^^^^^^^^^^^^^^^^^^^^^^^^^^^^^^^^^^^^^^^^^^^^^^^^^^^^^^^^^^^^^^^^^^^^^^^^^^^^^[0m
  [90m5 |[0m [36mimport[0m { [33mMAP_CONFIG[0m } [36mfrom[0m [32m"@/constants/map-constants"[0m;
  [90m6 |[0m [36mimport[0m [33mIcons[0m [36mfrom[0m [32m"./Icons"[0m;
  [90m7 |[0m [36mimport[0m { useAreaOfInterestManager } [36mfrom[0m [32m"@/hooks/useAreaOfInterestManager"[0m;



Import traces:
  Client Component Browser:
    ./src/components/PropertyPage/PropertyMap.tsx [Client Component Browser]
    ./src/components/PropertyPage/index.ts [Client Component Browser]
    ./src/app/(frontend)/(root)/property/[id]/page.tsx [Client Component Browser]
    ./src/app/(frontend)/(root)/property/[id]/page.tsx [Server Component]

  Client Component SSR:
    ./src/components/PropertyPage/PropertyMap.tsx [Client Component SSR]
    ./src/components/PropertyPage/index.ts [Client Component SSR]
    ./src/app/(frontend)/(root)/property/[id]/page.tsx [Client Component SSR]
    ./src/app/(frontend)/(root)/property/[id]/page.tsx [Server Component]

https://nextjs.org/docs/messages/module-not-found


./src/components/shared/GoogleMapsWrapper.tsx:4:1
Module not found: Can't resolve '@vis.gl/react-google-maps'
  [90m 2 |[0m
  [90m 3 |[0m [36mimport[0m [33mReact[0m, { useEffect } [36mfrom[0m [32m"react"[0m;
[31m[1m>[0m [90m 4 |[0m [36mimport[0m {
  [90m   |[0m [31m[1m^^^^^^^[0m
[31m[1m>[0m [90m 5 |[0m   [33mAPIProvider[0m,
  [90m   |[0m [31m[1m^^^^^^^^^^^^^^[0m
[31m[1m>[0m [90m 6 |[0m   [33mMap[0m,
  [90m   |[0m [31m[1m^^^^^^[0m
[31m[1m>[0m [90m 7 |[0m   [33mMapMouseEvent[0m,
  [90m   |[0m [31m[1m^^^^^^^^^^^^^^^^[0m
[31m[1m>[0m [90m 8 |[0m   [33mRenderingType[0m,
  [90m   |[0m [31m[1m^^^^^^^^^^^^^^^^[0m
[31m[1m>[0m [90m 9 |[0m   useMap,
  [90m   |[0m [31m[1m^^^^^^^^^[0m
[31m[1m>[0m [90m10 |[0m } [36mfrom[0m [32m"@vis.gl/react-google-maps"[0m;
  [90m   |[0m [31m[1m^^^^^^^^^^^^^^^^^^^^^^^^^^^^^^^^^^^[0m
  [90m11 |[0m [36mimport[0m { [33mMAP_CONFIG[0m, [33mMapStyle[0m } [36mfrom[0m [32m"@/constants/map-constants"[0m;
  [90m12 |[0m [36mimport[0m { [33mMapError[0m } [36mfrom[0m [32m"@/components/error/MapError"[0m;
  [90m13 |[0m [36mimport[0m { cn } [36mfrom[0m [32m"@/lib/utils"[0m;



Import traces:
  Client Component Browser:
    ./src/components/shared/GoogleMapsWrapper.tsx [Client Component Browser]
    ./src/components/Property/mobileView/MobileMapView.tsx [Client Component Browser]
    ./src/components/Property/mobileView/MobilePropertyView.tsx [Client Component Browser]
    ./src/app/(frontend)/(root)/properties/page.tsx [Client Component Browser]
    ./src/app/(frontend)/(root)/properties/page.tsx [Server Component]

  Client Component SSR:
    ./src/components/shared/GoogleMapsWrapper.tsx [Client Component SSR]
    ./src/components/Property/mobileView/MobileMapView.tsx [Client Component SSR]
    ./src/components/Property/mobileView/MobilePropertyView.tsx [Client Component SSR]
    ./src/app/(frontend)/(root)/properties/page.tsx [Client Component SSR]
    ./src/app/(frontend)/(root)/properties/page.tsx [Server Component]

https://nextjs.org/docs/messages/module-not-found


./src/hooks/useMapInstance.ts:2:1
Module not found: Can't resolve '@vis.gl/react-google-maps'
  [90m1 |[0m [36mimport[0m { useEffect, useRef } [36mfrom[0m [32m"react"[0m;
[31m[1m>[0m [90m2 |[0m [36mimport[0m { useMap } [36mfrom[0m [32m"@vis.gl/react-google-maps"[0m;
  [90m  |[0m [31m[1m^^^^^^^^^^^^^^^^^^^^^^^^^^^^^^^^^^^^^^^^^^^^^^^^^^^[0m
  [90m3 |[0m [36mimport[0m { [33mMapBound[0m } [36mfrom[0m [32m"./useMapBounds"[0m;
  [90m4 |[0m
  [90m5 |[0m [36minterface[0m [33mUseMapInstanceOptions[0m {



Import traces:
  Client Component Browser:
    ./src/hooks/useMapInstance.ts [Client Component Browser]
    ./src/components/Property/PropertyMap/PropertyMapMarker.tsx [Client Component Browser]
    ./src/components/Property/mobileView/MobileMapView.tsx [Client Component Browser]
    ./src/components/Property/mobileView/MobilePropertyView.tsx [Client Component Browser]
    ./src/app/(frontend)/(root)/properties/page.tsx [Client Component Browser]
    ./src/app/(frontend)/(root)/properties/page.tsx [Server Component]

  Client Component SSR:
    ./src/hooks/useMapInstance.ts [Client Component SSR]
    ./src/components/Property/PropertyMap/PropertyMapMarker.tsx [Client Component SSR]
    ./src/components/Property/mobileView/MobileMapView.tsx [Client Component SSR]
    ./src/components/Property/mobileView/MobilePropertyView.tsx [Client Component SSR]
    ./src/app/(frontend)/(root)/properties/page.tsx [Client Component SSR]
    ./src/app/(frontend)/(root)/properties/page.tsx [Server Component]

https://nextjs.org/docs/messages/module-not-found


./src/components/ui/badge.tsx:2:1
Module not found: Can't resolve 'class-variance-authority'
  [90m1 |[0m [36mimport[0m * [36mas[0m [33mReact[0m [36mfrom[0m [32m"react"[0m
[31m[1m>[0m [90m2 |[0m [36mimport[0m { cva, [36mtype[0m [33mVariantProps[0m } [36mfrom[0m [32m"class-variance-authority"[0m
  [90m  |[0m [31m[1m^^^^^^^^^^^^^^^^^^^^^^^^^^^^^^^^^^^^^^^^^^^^^^^^^^^^^^^^^^^^^^^^^[0m
  [90m3 |[0m
  [90m4 |[0m [36mimport[0m { cn } [36mfrom[0m [32m"@/lib/utils"[0m
  [90m5 |[0m



Import traces:
  Client Component Browser:
    ./src/components/ui/badge.tsx [Client Component Browser]
    ./src/components/Property/PropertyFilters/FilterControls.tsx [Client Component Browser]
    ./src/components/Property/PropertyFilters/MainControls.tsx [Client Component Browser]
    ./src/components/Property/PropertyFilters/PropertyFilters.tsx [Client Component Browser]
    ./src/components/Property/Properties/PropertiesPageHeader.tsx [Client Component Browser]
    ./src/components/Property/Properties/PropertyWithMapView.tsx [Client Component Browser]
    ./src/components/Property/desktopView/DesktopPropertyView.tsx [Client Component Browser]
    ./src/app/(frontend)/(root)/properties/page.tsx [Client Component Browser]
    ./src/app/(frontend)/(root)/properties/page.tsx [Server Component]

  Client Component SSR:
    ./src/components/ui/badge.tsx [Client Component SSR]
    ./src/components/Property/PropertyFilters/FilterControls.tsx [Client Component SSR]
    ./src/components/Property/PropertyFilters/MainControls.tsx [Client Component SSR]
    ./src/components/Property/PropertyFilters/PropertyFilters.tsx [Client Component SSR]
    ./src/components/Property/Properties/PropertiesPageHeader.tsx [Client Component SSR]
    ./src/components/Property/Properties/PropertyWithMapView.tsx [Client Component SSR]
    ./src/components/Property/desktopView/DesktopPropertyView.tsx [Client Component SSR]
    ./src/app/(frontend)/(root)/properties/page.tsx [Client Component SSR]
    ./src/app/(frontend)/(root)/properties/page.tsx [Server Component]

https://nextjs.org/docs/messages/module-not-found


./src/components/ui/button.tsx:3:1
Module not found: Can't resolve 'class-variance-authority'
  [90m1 |[0m [36mimport[0m * [36mas[0m [33mReact[0m [36mfrom[0m [32m"react"[0m;
  [90m2 |[0m [36mimport[0m { [33mSlot[0m } [36mfrom[0m [32m"@radix-ui/react-slot"[0m;
[31m[1m>[0m [90m3 |[0m [36mimport[0m { cva, [36mtype[0m [33mVariantProps[0m } [36mfrom[0m [32m"class-variance-authority"[0m;
  [90m  |[0m [31m[1m^^^^^^^^^^^^^^^^^^^^^^^^^^^^^^^^^^^^^^^^^^^^^^^^^^^^^^^^^^^^^^^^^^[0m
  [90m4 |[0m
  [90m5 |[0m [36mimport[0m { cn } [36mfrom[0m [32m"@/lib/utils"[0m;
  [90m6 |[0m



Import traces:
  Client Component Browser:
    ./src/components/ui/button.tsx [Client Component Browser]
    ./src/components/Property/desktopView/RegionFilter.tsx [Client Component Browser]
    ./src/components/Property/Properties/PropertyListOnlyView.tsx [Client Component Browser]
    ./src/components/Property/desktopView/DesktopPropertyView.tsx [Client Component Browser]
    ./src/app/(frontend)/(root)/properties/page.tsx [Client Component Browser]
    ./src/app/(frontend)/(root)/properties/page.tsx [Server Component]

  Client Component SSR:
    ./src/components/ui/button.tsx [Client Component SSR]
    ./src/components/Property/desktopView/RegionFilter.tsx [Client Component SSR]
    ./src/components/Property/Properties/PropertyListOnlyView.tsx [Client Component SSR]
    ./src/components/Property/desktopView/DesktopPropertyView.tsx [Client Component SSR]
    ./src/app/(frontend)/(root)/properties/page.tsx [Client Component SSR]
    ./src/app/(frontend)/(root)/properties/page.tsx [Server Component]

https://nextjs.org/docs/messages/module-not-found


./src/components/ui/sheet.tsx:5:1
Module not found: Can't resolve 'class-variance-authority'
  [90m3 |[0m [36mimport[0m * [36mas[0m [33mReact[0m [36mfrom[0m [32m"react"[0m
  [90m4 |[0m [36mimport[0m * [36mas[0m [33mSheetPrimitive[0m [36mfrom[0m [32m"@radix-ui/react-dialog"[0m
[31m[1m>[0m [90m5 |[0m [36mimport[0m { cva, [36mtype[0m [33mVariantProps[0m } [36mfrom[0m [32m"class-variance-authority"[0m
  [90m  |[0m [31m[1m^^^^^^^^^^^^^^^^^^^^^^^^^^^^^^^^^^^^^^^^^^^^^^^^^^^^^^^^^^^^^^^^^[0m
  [90m6 |[0m [36mimport[0m { [33mX[0m } [36mfrom[0m [32m"lucide-react"[0m
  [90m7 |[0m
  [90m8 |[0m [36mimport[0m { cn } [36mfrom[0m [32m"@/lib/utils"[0m



Import traces:
  Client Component Browser:
    ./src/components/ui/sheet.tsx [Client Component Browser]
    ./src/components/auth/PhoneAuthModal.tsx [Client Component Browser]
    ./src/components/Loaning/BuyabilityCalculator.tsx [Client Component Browser]
    ./src/app/(frontend)/(root)/tools/page.tsx [Client Component Browser]
    ./src/app/(frontend)/(root)/tools/page.tsx [Server Component]

  Client Component SSR:
    ./src/components/ui/sheet.tsx [Client Component SSR]
    ./src/components/auth/PhoneAuthModal.tsx [Client Component SSR]
    ./src/components/Loaning/BuyabilityCalculator.tsx [Client Component SSR]
    ./src/app/(frontend)/(root)/tools/page.tsx [Client Component SSR]
    ./src/app/(frontend)/(root)/tools/page.tsx [Server Component]

https://nextjs.org/docs/messages/module-not-found


./src/components/ui/toast.tsx:5:1
Module not found: Can't resolve 'class-variance-authority'
  [90m3 |[0m [36mimport[0m * [36mas[0m [33mReact[0m [36mfrom[0m [32m"react"[0m
  [90m4 |[0m [36mimport[0m * [36mas[0m [33mToastPrimitives[0m [36mfrom[0m [32m"@radix-ui/react-toast"[0m
[31m[1m>[0m [90m5 |[0m [36mimport[0m { cva, [36mtype[0m [33mVariantProps[0m } [36mfrom[0m [32m"class-variance-authority"[0m
  [90m  |[0m [31m[1m^^^^^^^^^^^^^^^^^^^^^^^^^^^^^^^^^^^^^^^^^^^^^^^^^^^^^^^^^^^^^^^^^[0m
  [90m6 |[0m [36mimport[0m { [33mX[0m } [36mfrom[0m [32m"lucide-react"[0m
  [90m7 |[0m
  [90m8 |[0m [36mimport[0m { cn } [36mfrom[0m [32m"@/lib/utils"[0m



Import traces:
  Client Component Browser:
    ./src/components/ui/toast.tsx [Client Component Browser]
    ./src/components/ui/toaster.tsx [Client Component Browser]
    ./src/components/ui/toaster.tsx [Server Component]
    ./src/app/(frontend)/layout.tsx [Server Component]

  Client Component SSR:
    ./src/components/ui/toast.tsx [Client Component SSR]
    ./src/components/ui/toaster.tsx [Client Component SSR]
    ./src/components/ui/toaster.tsx [Server Component]
    ./src/app/(frontend)/layout.tsx [Server Component]

https://nextjs.org/docs/messages/module-not-found


./src/components/ui/carousel.tsx:4:1
Module not found: Can't resolve 'embla-carousel-react'
  [90m2 |[0m
  [90m3 |[0m [36mimport[0m * [36mas[0m [33mReact[0m [36mfrom[0m [32m"react"[0m;
[31m[1m>[0m [90m4 |[0m [36mimport[0m useEmblaCarousel, {
  [90m  |[0m [31m[1m^^^^^^^^^^^^^^^^^^^^^^^^^[0m
[31m[1m>[0m [90m5 |[0m   [36mtype[0m [33mUseEmblaCarouselType[0m,
  [90m  |[0m [31m[1m^^^^^^^^^^^^^^^^^^^^^^^^^^^^[0m
[31m[1m>[0m [90m6 |[0m } [36mfrom[0m [32m"embla-carousel-react"[0m;
  [90m  |[0m [31m[1m^^^^^^^^^^^^^^^^^^^^^^^^^^^^^^[0m
  [90m7 |[0m [36mimport[0m { [33mArrowLeft[0m, [33mArrowRight[0m } [36mfrom[0m [32m"lucide-react"[0m;
  [90m8 |[0m
  [90m9 |[0m [36mimport[0m { cn } [36mfrom[0m [32m"@/lib/utils"[0m;



Import traces:
  Client Component Browser:
    ./src/components/ui/carousel.tsx [Client Component Browser]
    ./src/components/Property/PropertyCard/PropertyImageContainer.tsx [Client Component Browser]
    ./src/components/Property/PropertyCard/PropertyCard.tsx [Client Component Browser]
    ./src/components/Profile/WishlistSection.tsx [Client Component Browser]
    ./src/app/(frontend)/(root)/profile/page.tsx [Client Component Browser]
    ./src/app/(frontend)/(root)/profile/page.tsx [Server Component]

  Client Component SSR:
    ./src/components/ui/carousel.tsx [Client Component SSR]
    ./src/components/Property/PropertyCard/PropertyImageContainer.tsx [Client Component SSR]
    ./src/components/Property/PropertyCard/PropertyCard.tsx [Client Component SSR]
    ./src/components/Profile/WishlistSection.tsx [Client Component SSR]
    ./src/app/(frontend)/(root)/profile/page.tsx [Client Component SSR]
    ./src/app/(frontend)/(root)/profile/page.tsx [Server Component]

https://nextjs.org/docs/messages/module-not-found


./src/app/(frontend)/(root)/property-media-gallery/[id]/page.tsx:8:1
Module not found: Can't resolve 'framer-motion'
  [90m 6 |[0m [36mimport[0m { [33mChevronLeft[0m, [33mChevronRight[0m, [33mPlay[0m, [33mX[0m, [33mImageIcon[0m, [33mShare[0m, [33mHeart[0m } [36mfrom[0m [32m"lucide-react"[0m;
  [90m 7 |[0m [36mimport[0m { cn } [36mfrom[0m [32m"@/lib/utils"[0m;
[31m[1m>[0m [90m 8 |[0m [36mimport[0m { motion, [33mAnimatePresence[0m } [36mfrom[0m [32m"framer-motion"[0m;
  [90m   |[0m [31m[1m^^^^^^^^^^^^^^^^^^^^^^^^^^^^^^^^^^^^^^^^^^^^^^^^^^^^^^^^[0m
  [90m 9 |[0m
  [90m10 |[0m [90m// --- Interfaces ---[0m
  [90m11 |[0m [36minterface[0m [33mMediaObject[0m {



Import traces:
  Client Component Browser:
    ./src/app/(frontend)/(root)/property-media-gallery/[id]/page.tsx [Client Component Browser]
    ./src/app/(frontend)/(root)/property-media-gallery/[id]/page.tsx [Server Component]

  Client Component SSR:
    ./src/app/(frontend)/(root)/property-media-gallery/[id]/page.tsx [Client Component SSR]
    ./src/app/(frontend)/(root)/property-media-gallery/[id]/page.tsx [Server Component]

https://nextjs.org/docs/messages/module-not-found


./src/app/(frontend)/(root)/property/[id]/ImageViewer.tsx:13:1
Module not found: Can't resolve 'framer-motion'
  [90m11 |[0m [36mimport[0m { [33mChevronLeft[0m, [33mChevronRight[0m, [33mPlay[0m, [33mX[0m, [33mImageOff[0m } [36mfrom[0m [32m"lucide-react"[0m;
  [90m12 |[0m [36mimport[0m { cn } [36mfrom[0m [32m"@/lib/utils"[0m;
[31m[1m>[0m [90m13 |[0m [36mimport[0m { motion, [33mAnimatePresence[0m } [36mfrom[0m [32m"framer-motion"[0m;
  [90m   |[0m [31m[1m^^^^^^^^^^^^^^^^^^^^^^^^^^^^^^^^^^^^^^^^^^^^^^^^^^^^^^^^[0m
  [90m14 |[0m [36mimport[0m imgproxyLoader [36mfrom[0m [32m"@/utils/ImgProxyURLGenerator"[0m;
  [90m15 |[0m
  [90m16 |[0m [90m// ─── Interfaces ───────────────────────[0m─────────────────────────────────────────



Import traces:
  Client Component Browser:
    ./src/app/(frontend)/(root)/property/[id]/ImageViewer.tsx [Client Component Browser]
    ./src/app/(frontend)/(root)/property/[id]/page.tsx [Client Component Browser]
    ./src/app/(frontend)/(root)/property/[id]/page.tsx [Server Component]

  Client Component SSR:
    ./src/app/(frontend)/(root)/property/[id]/ImageViewer.tsx [Client Component SSR]
    ./src/app/(frontend)/(root)/property/[id]/page.tsx [Client Component SSR]
    ./src/app/(frontend)/(root)/property/[id]/page.tsx [Server Component]

https://nextjs.org/docs/messages/module-not-found


./src/components/Blogs/BlogListingContent.tsx:6:1
Module not found: Can't resolve 'framer-motion'
  [90m4 |[0m [36mimport[0m [33mImage[0m [36mfrom[0m [32m"next/image"[0m;
  [90m5 |[0m [36mimport[0m { [33mChevronLeft[0m, [33mChevronRight[0m } [36mfrom[0m [32m"lucide-react"[0m;
[31m[1m>[0m [90m6 |[0m [36mimport[0m { motion, [33mAnimatePresence[0m } [36mfrom[0m [32m"framer-motion"[0m;
  [90m  |[0m [31m[1m^^^^^^^^^^^^^^^^^^^^^^^^^^^^^^^^^^^^^^^^^^^^^^^^^^^^^^^^[0m
  [90m7 |[0m [36mimport[0m [33mLink[0m [36mfrom[0m [32m"next/link"[0m;
  [90m8 |[0m [36mimport[0m { [33mBlog[0m, [33mBlogsResponse[0m } [36mfrom[0m [32m"@/lib/types/blog"[0m;
  [90m9 |[0m



Import traces:
  Client Component Browser:
    ./src/components/Blogs/BlogListingContent.tsx [Client Component Browser]
    ./src/components/Blogs/BlogsPageContent.tsx [Client Component Browser]
    ./src/components/Blogs/BlogsPageContent.tsx [Server Component]
    ./src/app/(frontend)/(root)/blogs/page.tsx [Server Component]

  Client Component SSR:
    ./src/components/Blogs/BlogListingContent.tsx [Client Component SSR]
    ./src/components/Blogs/BlogsPageContent.tsx [Client Component SSR]
    ./src/components/Blogs/BlogsPageContent.tsx [Server Component]
    ./src/app/(frontend)/(root)/blogs/page.tsx [Server Component]

https://nextjs.org/docs/messages/module-not-found


./src/components/Blogs/HeaderSection.tsx:5:1
Module not found: Can't resolve 'framer-motion'
  [90m3 |[0m [36mimport[0m [33mReact[0m [36mfrom[0m [32m"react"[0m;
  [90m4 |[0m [36mimport[0m [33mImage[0m [36mfrom[0m [32m"next/image"[0m;
[31m[1m>[0m [90m5 |[0m [36mimport[0m { motion } [36mfrom[0m [32m"framer-motion"[0m;
  [90m  |[0m [31m[1m^^^^^^^^^^^^^^^^^^^^^^^^^^^^^^^^^^^^^^^[0m
  [90m6 |[0m
  [90m7 |[0m [36mconst[0m [33mHeaderSection[0m: [33mReact[0m.[33mFC[0m = () => {
  [90m8 |[0m   [90m// Animation variants[0m



Import trace:
  Server Component:
    ./src/components/Blogs/HeaderSection.tsx
    ./src/app/(frontend)/(root)/blogs/page.tsx

https://nextjs.org/docs/messages/module-not-found


./src/components/BookSiteVisit/BookingJourney.tsx:5:1
Module not found: Can't resolve 'framer-motion'
  [90m3 |[0m [36mimport[0m { [33mCheck[0m } [36mfrom[0m [32m"lucide-react"[0m;
  [90m4 |[0m [36mimport[0m [33mImage[0m [36mfrom[0m [32m"next/image"[0m;
[31m[1m>[0m [90m5 |[0m [36mimport[0m { motion } [36mfrom[0m [32m"framer-motion"[0m;
  [90m  |[0m [31m[1m^^^^^^^^^^^^^^^^^^^^^^^^^^^^^^^^^^^^^^^[0m
  [90m6 |[0m
  [90m7 |[0m [36mexport[0m [36mdefault[0m [36mfunction[0m [33mBookingJourneySection[0m() {
  [90m8 |[0m   [36mreturn[0m (



Import traces:
  Client Component Browser:
    ./src/components/BookSiteVisit/BookingJourney.tsx [Client Component Browser]
    ./src/app/(frontend)/(root)/book-visit/page.tsx [Client Component Browser]
    ./src/app/(frontend)/(root)/book-visit/page.tsx [Server Component]

  Client Component SSR:
    ./src/components/BookSiteVisit/BookingJourney.tsx [Client Component SSR]
    ./src/app/(frontend)/(root)/book-visit/page.tsx [Client Component SSR]
    ./src/app/(frontend)/(root)/book-visit/page.tsx [Server Component]

https://nextjs.org/docs/messages/module-not-found


./src/components/BookSiteVisit/ProcessSection.tsx:4:1
Module not found: Can't resolve 'framer-motion'
  [90m2 |[0m [36mimport[0m [33mImage[0m [36mfrom[0m [32m"next/image"[0m;
  [90m3 |[0m [36mimport[0m { [33mCheck[0m } [36mfrom[0m [32m"lucide-react"[0m;
[31m[1m>[0m [90m4 |[0m [36mimport[0m { motion } [36mfrom[0m [32m"framer-motion"[0m;
  [90m  |[0m [31m[1m^^^^^^^^^^^^^^^^^^^^^^^^^^^^^^^^^^^^^^^[0m
  [90m5 |[0m
  [90m6 |[0m [36mconst[0m [33mProcessSection[0m = () => {
  [90m7 |[0m   [90m// Animation variants[0m



Import traces:
  Client Component Browser:
    ./src/components/BookSiteVisit/ProcessSection.tsx [Client Component Browser]
    ./src/app/(frontend)/(root)/book-visit/page.tsx [Client Component Browser]
    ./src/app/(frontend)/(root)/book-visit/page.tsx [Server Component]

  Client Component SSR:
    ./src/components/BookSiteVisit/ProcessSection.tsx [Client Component SSR]
    ./src/app/(frontend)/(root)/book-visit/page.tsx [Client Component SSR]
    ./src/app/(frontend)/(root)/book-visit/page.tsx [Server Component]

https://nextjs.org/docs/messages/module-not-found


./src/components/BookSiteVisit/ScheduleVisit.tsx:4:1
Module not found: Can't resolve 'framer-motion'
  [90m2 |[0m
  [90m3 |[0m [36mimport[0m [33mImage[0m [36mfrom[0m [32m"next/image"[0m;
[31m[1m>[0m [90m4 |[0m [36mimport[0m { motion } [36mfrom[0m [32m"framer-motion"[0m;
  [90m  |[0m [31m[1m^^^^^^^^^^^^^^^^^^^^^^^^^^^^^^^^^^^^^^^[0m
  [90m5 |[0m
  [90m6 |[0m [36mexport[0m [36mdefault[0m [36mfunction[0m [33mScheduleVisitSection[0m() {
  [90m7 |[0m   [36mreturn[0m (



Import traces:
  Client Component Browser:
    ./src/components/BookSiteVisit/ScheduleVisit.tsx [Client Component Browser]
    ./src/app/(frontend)/(root)/book-visit/page.tsx [Client Component Browser]
    ./src/app/(frontend)/(root)/book-visit/page.tsx [Server Component]

  Client Component SSR:
    ./src/components/BookSiteVisit/ScheduleVisit.tsx [Client Component SSR]
    ./src/app/(frontend)/(root)/book-visit/page.tsx [Client Component SSR]
    ./src/app/(frontend)/(root)/book-visit/page.tsx [Server Component]

https://nextjs.org/docs/messages/module-not-found


./src/components/BuyersGuide/InvestorGuide.tsx:5:1
Module not found: Can't resolve 'framer-motion'
  [90m3 |[0m [36mimport[0m { [33mListTodo[0m, [33mStar[0m, [33mUser[0m } [36mfrom[0m [32m"lucide-react"[0m;
  [90m4 |[0m [36mimport[0m [33mImage[0m [36mfrom[0m [32m"next/image"[0m;
[31m[1m>[0m [90m5 |[0m [36mimport[0m { motion, [33mVariants[0m } [36mfrom[0m [32m"framer-motion"[0m;
  [90m  |[0m [31m[1m^^^^^^^^^^^^^^^^^^^^^^^^^^^^^^^^^^^^^^^^^^^^^^^^^[0m
  [90m6 |[0m
  [90m7 |[0m [90m// Animation Variants[0m
  [90m8 |[0m [36mconst[0m fadeInFromLeft: [33mVariants[0m = {



Import traces:
  Client Component Browser:
    ./src/components/BuyersGuide/InvestorGuide.tsx [Client Component Browser]
    ./src/app/(frontend)/(root)/buyers-guide/page.tsx [Client Component Browser]
    ./src/app/(frontend)/(root)/buyers-guide/page.tsx [Server Component]

  Client Component SSR:
    ./src/components/BuyersGuide/InvestorGuide.tsx [Client Component SSR]
    ./src/app/(frontend)/(root)/buyers-guide/page.tsx [Client Component SSR]
    ./src/app/(frontend)/(root)/buyers-guide/page.tsx [Server Component]

https://nextjs.org/docs/messages/module-not-found


./src/components/BuyersGuide/PrePurchaseSection.tsx:3:1
Module not found: Can't resolve 'framer-motion'
  [90m1 |[0m [36mimport[0m [33mReact[0m [36mfrom[0m [32m"react"[0m;
  [90m2 |[0m [36mimport[0m [33mImage[0m [36mfrom[0m [32m"next/image"[0m;
[31m[1m>[0m [90m3 |[0m [36mimport[0m { motion } [36mfrom[0m [32m"framer-motion"[0m;
  [90m  |[0m [31m[1m^^^^^^^^^^^^^^^^^^^^^^^^^^^^^^^^^^^^^^^[0m
  [90m4 |[0m
  [90m5 |[0m [36mconst[0m [33mPrePurchaseSection[0m: [33mReact[0m.[33mFC[0m = () => {
  [90m6 |[0m   [36mconst[0m steps = [



Import traces:
  Client Component Browser:
    ./src/components/BuyersGuide/PrePurchaseSection.tsx [Client Component Browser]
    ./src/app/(frontend)/(root)/buyers-guide/page.tsx [Client Component Browser]
    ./src/app/(frontend)/(root)/buyers-guide/page.tsx [Server Component]

  Client Component SSR:
    ./src/components/BuyersGuide/PrePurchaseSection.tsx [Client Component SSR]
    ./src/app/(frontend)/(root)/buyers-guide/page.tsx [Client Component SSR]
    ./src/app/(frontend)/(root)/buyers-guide/page.tsx [Server Component]

https://nextjs.org/docs/messages/module-not-found


./src/components/BuyersGuide/PremiumProjects.tsx:5:1
Module not found: Can't resolve 'framer-motion'
  [90m3 |[0m [36mimport[0m [33mReact[0m [36mfrom[0m [32m"react"[0m;
  [90m4 |[0m [36mimport[0m [33mImage[0m [36mfrom[0m [32m"next/image"[0m;
[31m[1m>[0m [90m5 |[0m [36mimport[0m { motion } [36mfrom[0m [32m"framer-motion"[0m;
  [90m  |[0m [31m[1m^^^^^^^^^^^^^^^^^^^^^^^^^^^^^^^^^^^^^^^[0m
  [90m6 |[0m
  [90m7 |[0m [36mconst[0m [33mPremiumProjectsSection[0m: [33mReact[0m.[33mFC[0m = () => {
  [90m8 |[0m   [36mconst[0m benefits = [



Import traces:
  Client Component Browser:
    ./src/components/BuyersGuide/PremiumProjects.tsx [Client Component Browser]
    ./src/app/(frontend)/(root)/buyers-guide/page.tsx [Client Component Browser]
    ./src/app/(frontend)/(root)/buyers-guide/page.tsx [Server Component]

  Client Component SSR:
    ./src/components/BuyersGuide/PremiumProjects.tsx [Client Component SSR]
    ./src/app/(frontend)/(root)/buyers-guide/page.tsx [Client Component SSR]
    ./src/app/(frontend)/(root)/buyers-guide/page.tsx [Server Component]

https://nextjs.org/docs/messages/module-not-found


./src/components/BuyersGuide/PropertyBudget.tsx:3:1
Module not found: Can't resolve 'framer-motion'
  [90m1 |[0m [36mimport[0m [33mReact[0m, { useState } [36mfrom[0m [32m"react"[0m;
  [90m2 |[0m [36mimport[0m [33mImage[0m [36mfrom[0m [32m"next/image"[0m;
[31m[1m>[0m [90m3 |[0m [36mimport[0m { motion } [36mfrom[0m [32m"framer-motion"[0m;
  [90m  |[0m [31m[1m^^^^^^^^^^^^^^^^^^^^^^^^^^^^^^^^^^^^^^^[0m
  [90m4 |[0m
  [90m5 |[0m [36mconst[0m [33mPropertyBudgetSection[0m: [33mReact[0m.[33mFC[0m = () => {
  [90m6 |[0m   [36mconst[0m [minPrice, setMinPrice] = useState([35m50[0m);



Import traces:
  Client Component Browser:
    ./src/components/BuyersGuide/PropertyBudget.tsx [Client Component Browser]
    ./src/app/(frontend)/(root)/buyers-guide/page.tsx [Client Component Browser]
    ./src/app/(frontend)/(root)/buyers-guide/page.tsx [Server Component]

  Client Component SSR:
    ./src/components/BuyersGuide/PropertyBudget.tsx [Client Component SSR]
    ./src/app/(frontend)/(root)/buyers-guide/page.tsx [Client Component SSR]
    ./src/app/(frontend)/(root)/buyers-guide/page.tsx [Server Component]

https://nextjs.org/docs/messages/module-not-found


./src/components/BuyersGuide/PropertyMap.tsx:3:1
Module not found: Can't resolve 'framer-motion'
  [90m1 |[0m [36mimport[0m [33mReact[0m [36mfrom[0m [32m"react"[0m;
  [90m2 |[0m [36mimport[0m [33mImage[0m [36mfrom[0m [32m"next/image"[0m;
[31m[1m>[0m [90m3 |[0m [36mimport[0m { motion } [36mfrom[0m [32m"framer-motion"[0m;
  [90m  |[0m [31m[1m^^^^^^^^^^^^^^^^^^^^^^^^^^^^^^^^^^^^^^^[0m
  [90m4 |[0m
  [90m5 |[0m [36mconst[0m [33mPropertyMapSection[0m: [33mReact[0m.[33mFC[0m = () => {
  [90m6 |[0m   [36mconst[0m buyerAvatars = [



Import traces:
  Client Component Browser:
    ./src/components/BuyersGuide/PropertyMap.tsx [Client Component Browser]
    ./src/app/(frontend)/(root)/buyers-guide/page.tsx [Client Component Browser]
    ./src/app/(frontend)/(root)/buyers-guide/page.tsx [Server Component]

  Client Component SSR:
    ./src/components/BuyersGuide/PropertyMap.tsx [Client Component SSR]
    ./src/app/(frontend)/(root)/buyers-guide/page.tsx [Client Component SSR]
    ./src/app/(frontend)/(root)/buyers-guide/page.tsx [Server Component]

https://nextjs.org/docs/messages/module-not-found


./src/components/Careers/CeoWordsSection.tsx:4:1
Module not found: Can't resolve 'framer-motion'
  [90m2 |[0m [36mimport[0m [33mLink[0m [36mfrom[0m [32m"next/link"[0m;
  [90m3 |[0m [36mimport[0m [33mReact[0m, { useState } [36mfrom[0m [32m"react"[0m;
[31m[1m>[0m [90m4 |[0m [36mimport[0m { motion, [33mAnimatePresence[0m } [36mfrom[0m [32m"framer-motion"[0m;
  [90m  |[0m [31m[1m^^^^^^^^^^^^^^^^^^^^^^^^^^^^^^^^^^^^^^^^^^^^^^^^^^^^^^^^[0m
  [90m5 |[0m
  [90m6 |[0m [36mconst[0m [33mCeoWordsSection[0m = () => {
  [90m7 |[0m   [36mconst[0m [currentSlide, setCurrentSlide] = useState([35m0[0m);



Import traces:
  Client Component Browser:
    ./src/components/Careers/CeoWordsSection.tsx [Client Component Browser]
    ./src/app/(frontend)/(root)/careers/page.tsx [Client Component Browser]
    ./src/app/(frontend)/(root)/careers/page.tsx [Server Component]

  Client Component SSR:
    ./src/components/Careers/CeoWordsSection.tsx [Client Component SSR]
    ./src/app/(frontend)/(root)/careers/page.tsx [Client Component SSR]
    ./src/app/(frontend)/(root)/careers/page.tsx [Server Component]

https://nextjs.org/docs/messages/module-not-found


./src/components/Careers/ChannelPartnerSection.tsx:3:1
Module not found: Can't resolve 'framer-motion'
  [90m1 |[0m [36mimport[0m [33mImage[0m [36mfrom[0m [32m"next/image"[0m;
  [90m2 |[0m [36mimport[0m [33mReact[0m [36mfrom[0m [32m"react"[0m;
[31m[1m>[0m [90m3 |[0m [36mimport[0m { motion } [36mfrom[0m [32m"framer-motion"[0m;
  [90m  |[0m [31m[1m^^^^^^^^^^^^^^^^^^^^^^^^^^^^^^^^^^^^^^^[0m
  [90m4 |[0m
  [90m5 |[0m [36mconst[0m [33mChannelPartnerSection[0m = () => {
  [90m6 |[0m   [90m// Animation variants[0m



Import traces:
  Client Component Browser:
    ./src/components/Careers/ChannelPartnerSection.tsx [Client Component Browser]
    ./src/app/(frontend)/(root)/careers/page.tsx [Client Component Browser]
    ./src/app/(frontend)/(root)/careers/page.tsx [Server Component]

  Client Component SSR:
    ./src/components/Careers/ChannelPartnerSection.tsx [Client Component SSR]
    ./src/app/(frontend)/(root)/careers/page.tsx [Client Component SSR]
    ./src/app/(frontend)/(root)/careers/page.tsx [Server Component]

https://nextjs.org/docs/messages/module-not-found


./src/components/Careers/CoreValuesSection.tsx:3:1
Module not found: Can't resolve 'framer-motion'
  [90m1 |[0m [36mimport[0m [33mImage[0m [36mfrom[0m [32m"next/image"[0m;
  [90m2 |[0m [36mimport[0m [33mReact[0m [36mfrom[0m [32m"react"[0m;
[31m[1m>[0m [90m3 |[0m [36mimport[0m { motion } [36mfrom[0m [32m"framer-motion"[0m;
  [90m  |[0m [31m[1m^^^^^^^^^^^^^^^^^^^^^^^^^^^^^^^^^^^^^^^[0m
  [90m4 |[0m
  [90m5 |[0m [36mconst[0m [33mCoreValuesSection[0m = () => {
  [90m6 |[0m   [90m// Animation variants[0m



Import traces:
  Client Component Browser:
    ./src/components/Careers/CoreValuesSection.tsx [Client Component Browser]
    ./src/app/(frontend)/(root)/careers/page.tsx [Client Component Browser]
    ./src/app/(frontend)/(root)/careers/page.tsx [Server Component]

  Client Component SSR:
    ./src/components/Careers/CoreValuesSection.tsx [Client Component SSR]
    ./src/app/(frontend)/(root)/careers/page.tsx [Client Component SSR]
    ./src/app/(frontend)/(root)/careers/page.tsx [Server Component]

https://nextjs.org/docs/messages/module-not-found


./src/components/Careers/GrowHeroSection.tsx:3:1
Module not found: Can't resolve 'framer-motion'
  [90m1 |[0m [36mimport[0m [33mImage[0m [36mfrom[0m [32m"next/image"[0m;
  [90m2 |[0m [36mimport[0m [33mReact[0m [36mfrom[0m [32m"react"[0m;
[31m[1m>[0m [90m3 |[0m [36mimport[0m { motion } [36mfrom[0m [32m"framer-motion"[0m;
  [90m  |[0m [31m[1m^^^^^^^^^^^^^^^^^^^^^^^^^^^^^^^^^^^^^^^[0m
  [90m4 |[0m
  [90m5 |[0m [36mconst[0m [33mGrowHeroSection[0m = () => {
  [90m6 |[0m   [90m// Animation variants[0m



Import traces:
  Client Component Browser:
    ./src/components/Careers/GrowHeroSection.tsx [Client Component Browser]
    ./src/app/(frontend)/(root)/careers/page.tsx [Client Component Browser]
    ./src/app/(frontend)/(root)/careers/page.tsx [Server Component]

  Client Component SSR:
    ./src/components/Careers/GrowHeroSection.tsx [Client Component SSR]
    ./src/app/(frontend)/(root)/careers/page.tsx [Client Component SSR]
    ./src/app/(frontend)/(root)/careers/page.tsx [Server Component]

https://nextjs.org/docs/messages/module-not-found


./src/components/Careers/JoinTeamSection.tsx:3:1
Module not found: Can't resolve 'framer-motion'
  [90m1 |[0m [36mimport[0m [33mImage[0m [36mfrom[0m [32m"next/image"[0m;
  [90m2 |[0m [36mimport[0m [33mReact[0m [36mfrom[0m [32m"react"[0m;
[31m[1m>[0m [90m3 |[0m [36mimport[0m { motion } [36mfrom[0m [32m"framer-motion"[0m;
  [90m  |[0m [31m[1m^^^^^^^^^^^^^^^^^^^^^^^^^^^^^^^^^^^^^^^[0m
  [90m4 |[0m
  [90m5 |[0m [36mconst[0m [33mJoinTeamSection[0m = () => {
  [90m6 |[0m   [90m// Animation variants[0m



Import traces:
  Client Component Browser:
    ./src/components/Careers/JoinTeamSection.tsx [Client Component Browser]
    ./src/app/(frontend)/(root)/careers/page.tsx [Client Component Browser]
    ./src/app/(frontend)/(root)/careers/page.tsx [Server Component]

  Client Component SSR:
    ./src/components/Careers/JoinTeamSection.tsx [Client Component SSR]
    ./src/app/(frontend)/(root)/careers/page.tsx [Client Component SSR]
    ./src/app/(frontend)/(root)/careers/page.tsx [Server Component]

https://nextjs.org/docs/messages/module-not-found


./src/components/Careers/MarqueeSection.tsx:2:1
Module not found: Can't resolve 'framer-motion'
  [90m1 |[0m [36mimport[0m [33mReact[0m [36mfrom[0m [32m"react"[0m;
[31m[1m>[0m [90m2 |[0m [36mimport[0m { motion } [36mfrom[0m [32m"framer-motion"[0m;
  [90m  |[0m [31m[1m^^^^^^^^^^^^^^^^^^^^^^^^^^^^^^^^^^^^^^^[0m
  [90m3 |[0m
  [90m4 |[0m [36mconst[0m [33mMarqueeSection[0m = () => {
  [90m5 |[0m   [36mconst[0m departments = [



Import traces:
  Client Component Browser:
    ./src/components/Careers/MarqueeSection.tsx [Client Component Browser]
    ./src/app/(frontend)/(root)/careers/page.tsx [Client Component Browser]
    ./src/app/(frontend)/(root)/careers/page.tsx [Server Component]

  Client Component SSR:
    ./src/components/Careers/MarqueeSection.tsx [Client Component SSR]
    ./src/app/(frontend)/(root)/careers/page.tsx [Client Component SSR]
    ./src/app/(frontend)/(root)/careers/page.tsx [Server Component]

https://nextjs.org/docs/messages/module-not-found


./src/components/Careers/PartOfHoodSection.tsx:3:1
Module not found: Can't resolve 'framer-motion'
  [90m1 |[0m [36mimport[0m [33mImage[0m [36mfrom[0m [32m"next/image"[0m;
  [90m2 |[0m [36mimport[0m [33mReact[0m [36mfrom[0m [32m"react"[0m;
[31m[1m>[0m [90m3 |[0m [36mimport[0m { motion } [36mfrom[0m [32m"framer-motion"[0m;
  [90m  |[0m [31m[1m^^^^^^^^^^^^^^^^^^^^^^^^^^^^^^^^^^^^^^^[0m
  [90m4 |[0m
  [90m5 |[0m [36mconst[0m [33mPartOfHoodSection[0m = () => {
  [90m6 |[0m   [36mreturn[0m (



Import traces:
  Client Component Browser:
    ./src/components/Careers/PartOfHoodSection.tsx [Client Component Browser]
    ./src/app/(frontend)/(root)/careers/page.tsx [Client Component Browser]
    ./src/app/(frontend)/(root)/careers/page.tsx [Server Component]

  Client Component SSR:
    ./src/components/Careers/PartOfHoodSection.tsx [Client Component SSR]
    ./src/app/(frontend)/(root)/careers/page.tsx [Client Component SSR]
    ./src/app/(frontend)/(root)/careers/page.tsx [Server Component]

https://nextjs.org/docs/messages/module-not-found


./src/components/Careers/UnlockSmarterSell.tsx:4:1
Module not found: Can't resolve 'framer-motion'
  [90m2 |[0m [36mimport[0m [33mImage[0m [36mfrom[0m [32m"next/image"[0m;
  [90m3 |[0m [36mimport[0m [33mReact[0m [36mfrom[0m [32m"react"[0m;
[31m[1m>[0m [90m4 |[0m [36mimport[0m { motion } [36mfrom[0m [32m"framer-motion"[0m;
  [90m  |[0m [31m[1m^^^^^^^^^^^^^^^^^^^^^^^^^^^^^^^^^^^^^^^[0m
  [90m5 |[0m
  [90m6 |[0m [36mconst[0m [33mUnlockSmarterSellSection[0m = () => {
  [90m7 |[0m   [90m// Animation variants[0m



Import traces:
  Client Component Browser:
    ./src/components/Careers/UnlockSmarterSell.tsx [Client Component Browser]
    ./src/app/(frontend)/(root)/careers/page.tsx [Client Component Browser]
    ./src/app/(frontend)/(root)/careers/page.tsx [Server Component]

  Client Component SSR:
    ./src/components/Careers/UnlockSmarterSell.tsx [Client Component SSR]
    ./src/app/(frontend)/(root)/careers/page.tsx [Client Component SSR]
    ./src/app/(frontend)/(root)/careers/page.tsx [Server Component]

https://nextjs.org/docs/messages/module-not-found


./src/components/Footer.tsx:7:1
Module not found: Can't resolve 'framer-motion'
  [90m 5 |[0m [36mimport[0m [33mLink[0m [36mfrom[0m [32m"next/link"[0m;
  [90m 6 |[0m [36mimport[0m { useState } [36mfrom[0m [32m"react"[0m;
[31m[1m>[0m [90m 7 |[0m [36mimport[0m { motion, [33mAnimatePresence[0m } [36mfrom[0m [32m"framer-motion"[0m;
  [90m   |[0m [31m[1m^^^^^^^^^^^^^^^^^^^^^^^^^^^^^^^^^^^^^^^^^^^^^^^^^^^^^^^^[0m
  [90m 8 |[0m [36mimport[0m { usePathname } [36mfrom[0m [32m"next/navigation"[0m;
  [90m 9 |[0m
  [90m10 |[0m [36mexport[0m [36mfunction[0m [33mFooter[0m() {



Import trace:
  Server Component:
    ./src/components/Footer.tsx
    ./src/app/(frontend)/(root)/layout.tsx

https://nextjs.org/docs/messages/module-not-found


./src/components/Loaning/BuyAbilitySection.tsx:4:1
Module not found: Can't resolve 'framer-motion'
  [90m2 |[0m
  [90m3 |[0m [36mimport[0m [33mImage[0m [36mfrom[0m [32m"next/image"[0m;
[31m[1m>[0m [90m4 |[0m [36mimport[0m { motion } [36mfrom[0m [32m"framer-motion"[0m;
  [90m  |[0m [31m[1m^^^^^^^^^^^^^^^^^^^^^^^^^^^^^^^^^^^^^^^[0m
  [90m5 |[0m
  [90m6 |[0m [36mexport[0m [36mdefault[0m [36mfunction[0m [33mBuyAbilitySection[0m() {
  [90m7 |[0m   [36mreturn[0m (



Import traces:
  Client Component Browser:
    ./src/components/Loaning/BuyAbilitySection.tsx [Client Component Browser]
    ./src/app/(frontend)/(root)/loaning/page.tsx [Client Component Browser]
    ./src/app/(frontend)/(root)/loaning/page.tsx [Server Component]

  Client Component SSR:
    ./src/components/Loaning/BuyAbilitySection.tsx [Client Component SSR]
    ./src/app/(frontend)/(root)/loaning/page.tsx [Client Component SSR]
    ./src/app/(frontend)/(root)/loaning/page.tsx [Server Component]

https://nextjs.org/docs/messages/module-not-found


./src/components/Loaning/BuyabilityCalculator.tsx:5:1
Module not found: Can't resolve 'framer-motion'
  [90m3 |[0m [36mimport[0m { useState, useEffect } [36mfrom[0m [32m"react"[0m;
  [90m4 |[0m [36mimport[0m [33mImage[0m [36mfrom[0m [32m"next/image"[0m;
[31m[1m>[0m [90m5 |[0m [36mimport[0m { motion } [36mfrom[0m [32m"framer-motion"[0m;
  [90m  |[0m [31m[1m^^^^^^^^^^^^^^^^^^^^^^^^^^^^^^^^^^^^^^^[0m
  [90m6 |[0m [36mimport[0m { useAuth } [36mfrom[0m [32m"@/lib/auth"[0m;
  [90m7 |[0m [36mimport[0m [33mPhoneAuthModal[0m [36mfrom[0m [32m"@/components/auth/PhoneAuthModal"[0m;
  [90m8 |[0m [36mimport[0m { useLocationPicker } [36mfrom[0m [32m"@/hooks/useLocationPicker"[0m;



Import traces:
  Client Component Browser:
    ./src/components/Loaning/BuyabilityCalculator.tsx [Client Component Browser]
    ./src/app/(frontend)/(root)/tools/page.tsx [Client Component Browser]
    ./src/app/(frontend)/(root)/tools/page.tsx [Server Component]

  Client Component SSR:
    ./src/components/Loaning/BuyabilityCalculator.tsx [Client Component SSR]
    ./src/app/(frontend)/(root)/tools/page.tsx [Client Component SSR]
    ./src/app/(frontend)/(root)/tools/page.tsx [Server Component]

https://nextjs.org/docs/messages/module-not-found


./src/components/Loaning/PreApprovalSection.tsx:5:1
Module not found: Can't resolve 'framer-motion'
  [90m3 |[0m [36mimport[0m { [33mCheck[0m } [36mfrom[0m [32m"lucide-react"[0m;
  [90m4 |[0m [36mimport[0m [33mImage[0m [36mfrom[0m [32m"next/image"[0m;
[31m[1m>[0m [90m5 |[0m [36mimport[0m { motion } [36mfrom[0m [32m"framer-motion"[0m;
  [90m  |[0m [31m[1m^^^^^^^^^^^^^^^^^^^^^^^^^^^^^^^^^^^^^^^[0m
  [90m6 |[0m
  [90m7 |[0m [36minterface[0m [33mBenefitItemProps[0m {
  [90m8 |[0m   text: string;



Import traces:
  Client Component Browser:
    ./src/components/Loaning/PreApprovalSection.tsx [Client Component Browser]
    ./src/app/(frontend)/(root)/loaning/page.tsx [Client Component Browser]
    ./src/app/(frontend)/(root)/loaning/page.tsx [Server Component]

  Client Component SSR:
    ./src/components/Loaning/PreApprovalSection.tsx [Client Component SSR]
    ./src/app/(frontend)/(root)/loaning/page.tsx [Client Component SSR]
    ./src/app/(frontend)/(root)/loaning/page.tsx [Server Component]

https://nextjs.org/docs/messages/module-not-found


./src/components/Loaning/PropertyScoreSteps.tsx:4:1
Module not found: Can't resolve 'framer-motion'
  [90m2 |[0m
  [90m3 |[0m [36mimport[0m [33mImage[0m [36mfrom[0m [32m"next/image"[0m;
[31m[1m>[0m [90m4 |[0m [36mimport[0m { motion } [36mfrom[0m [32m"framer-motion"[0m;
  [90m  |[0m [31m[1m^^^^^^^^^^^^^^^^^^^^^^^^^^^^^^^^^^^^^^^[0m
  [90m5 |[0m
  [90m6 |[0m [36mconst[0m [33mPropertyScoreStepsSection[0m = () => {
  [90m7 |[0m   [90m// Animation variants[0m



Import traces:
  Client Component Browser:
    ./src/components/Loaning/PropertyScoreSteps.tsx [Client Component Browser]
    ./src/app/(frontend)/(root)/loaning/page.tsx [Client Component Browser]
    ./src/app/(frontend)/(root)/loaning/page.tsx [Server Component]

  Client Component SSR:
    ./src/components/Loaning/PropertyScoreSteps.tsx [Client Component SSR]
    ./src/app/(frontend)/(root)/loaning/page.tsx [Client Component SSR]
    ./src/app/(frontend)/(root)/loaning/page.tsx [Server Component]

https://nextjs.org/docs/messages/module-not-found


./src/components/Navbar.tsx:3:1
Module not found: Can't resolve 'framer-motion'
  [90m1 |[0m [32m"use client"[0m;
  [90m2 |[0m
[31m[1m>[0m [90m3 |[0m [36mimport[0m { motion, [33mAnimatePresence[0m } [36mfrom[0m [32m"framer-motion"[0m;
  [90m  |[0m [31m[1m^^^^^^^^^^^^^^^^^^^^^^^^^^^^^^^^^^^^^^^^^^^^^^^^^^^^^^^^[0m
  [90m4 |[0m [36mimport[0m { [33mButton[0m } [36mfrom[0m [32m"@/components/ui/button"[0m;
  [90m5 |[0m [36mimport[0m { [33mMenu[0m, [33mPhoneCall[0m, [33mX[0m } [36mfrom[0m [32m"lucide-react"[0m;
  [90m6 |[0m [36mimport[0m { cn } [36mfrom[0m [32m"@/lib/utils"[0m;



Import trace:
  Server Component:
    ./src/components/Navbar.tsx
    ./src/app/(frontend)/(root)/layout.tsx

https://nextjs.org/docs/messages/module-not-found


./src/components/Search/PropertyTypeCard.tsx:2:1
Module not found: Can't resolve 'framer-motion'
  [90m1 |[0m [36mimport[0m [33mReact[0m [36mfrom[0m [32m"react"[0m;
[31m[1m>[0m [90m2 |[0m [36mimport[0m { motion } [36mfrom[0m [32m"framer-motion"[0m;
  [90m  |[0m [31m[1m^^^^^^^^^^^^^^^^^^^^^^^^^^^^^^^^^^^^^^^[0m
  [90m3 |[0m [36mimport[0m { [33mSearch[0m } [36mfrom[0m [32m"lucide-react"[0m;
  [90m4 |[0m [36mimport[0m { cn } [36mfrom[0m [32m"@/lib/utils"[0m;
  [90m5 |[0m [36mimport[0m { [33mPropertyType[0m } [36mfrom[0m [32m"@/types/property"[0m;



Import traces:
  Client Component Browser:
    ./src/components/Search/PropertyTypeCard.tsx [Client Component Browser]
    ./src/components/SearchFilter.tsx [Client Component Browser]
    ./src/components/BuyersGuide/LargestReturn.tsx [Client Component Browser]
    ./src/app/(frontend)/(root)/buyers-guide/page.tsx [Client Component Browser]
    ./src/app/(frontend)/(root)/buyers-guide/page.tsx [Server Component]

  Client Component SSR:
    ./src/components/Search/PropertyTypeCard.tsx [Client Component SSR]
    ./src/components/SearchFilter.tsx [Client Component SSR]
    ./src/components/BuyersGuide/LargestReturn.tsx [Client Component SSR]
    ./src/app/(frontend)/(root)/buyers-guide/page.tsx [Client Component SSR]
    ./src/app/(frontend)/(root)/buyers-guide/page.tsx [Server Component]

https://nextjs.org/docs/messages/module-not-found


./src/components/SearchFilter.tsx:2:1
Module not found: Can't resolve 'framer-motion'
  [90m1 |[0m [36mimport[0m [33mReact[0m, { useState, useRef, useEffect, useMemo } [36mfrom[0m [32m"react"[0m;
[31m[1m>[0m [90m2 |[0m [36mimport[0m { motion, [33mAnimatePresence[0m } [36mfrom[0m [32m"framer-motion"[0m;
  [90m  |[0m [31m[1m^^^^^^^^^^^^^^^^^^^^^^^^^^^^^^^^^^^^^^^^^^^^^^^^^^^^^^^^[0m
  [90m3 |[0m [36mimport[0m { [33mCard[0m } [36mfrom[0m [32m"@/components/ui/card"[0m;
  [90m4 |[0m [36mimport[0m { [33mSlider[0m } [36mfrom[0m [32m"@/components/ui/slider"[0m;
  [90m5 |[0m [36mimport[0m {



Import traces:
  Client Component Browser:
    ./src/components/SearchFilter.tsx [Client Component Browser]
    ./src/components/BuyersGuide/LargestReturn.tsx [Client Component Browser]
    ./src/app/(frontend)/(root)/buyers-guide/page.tsx [Client Component Browser]
    ./src/app/(frontend)/(root)/buyers-guide/page.tsx [Server Component]

  Client Component SSR:
    ./src/components/SearchFilter.tsx [Client Component SSR]
    ./src/components/BuyersGuide/LargestReturn.tsx [Client Component SSR]
    ./src/app/(frontend)/(root)/buyers-guide/page.tsx [Client Component SSR]
    ./src/app/(frontend)/(root)/buyers-guide/page.tsx [Server Component]

https://nextjs.org/docs/messages/module-not-found


./src/components/SmartTools/BeyondSearchBar.tsx:5:1
Module not found: Can't resolve 'framer-motion'
  [90m3 |[0m [36mimport[0m [33mImage[0m [36mfrom[0m [32m"next/image"[0m;
  [90m4 |[0m [36mimport[0m { [33mCheck[0m } [36mfrom[0m [32m"lucide-react"[0m;
[31m[1m>[0m [90m5 |[0m [36mimport[0m { motion } [36mfrom[0m [32m"framer-motion"[0m;
  [90m  |[0m [31m[1m^^^^^^^^^^^^^^^^^^^^^^^^^^^^^^^^^^^^^^^[0m
  [90m6 |[0m
  [90m7 |[0m [36mconst[0m [33mBeyondSearchBarSection[0m = () => {
  [90m8 |[0m   [36mconst[0m comparisonFeatures = [



Import traces:
  Client Component Browser:
    ./src/components/SmartTools/BeyondSearchBar.tsx [Client Component Browser]
    ./src/app/(frontend)/(root)/tools/page.tsx [Client Component Browser]
    ./src/app/(frontend)/(root)/tools/page.tsx [Server Component]

  Client Component SSR:
    ./src/components/SmartTools/BeyondSearchBar.tsx [Client Component SSR]
    ./src/app/(frontend)/(root)/tools/page.tsx [Client Component SSR]
    ./src/app/(frontend)/(root)/tools/page.tsx [Server Component]

https://nextjs.org/docs/messages/module-not-found


./src/components/SmartTools/EstateIQ.tsx:4:1
Module not found: Can't resolve 'framer-motion'
  [90m2 |[0m
  [90m3 |[0m [36mimport[0m [33mImage[0m [36mfrom[0m [32m"next/image"[0m;
[31m[1m>[0m [90m4 |[0m [36mimport[0m { motion } [36mfrom[0m [32m"framer-motion"[0m;
  [90m  |[0m [31m[1m^^^^^^^^^^^^^^^^^^^^^^^^^^^^^^^^^^^^^^^[0m
  [90m5 |[0m
  [90m6 |[0m [36mexport[0m [36mdefault[0m [36mfunction[0m [33mEstateIQSection[0m() {
  [90m7 |[0m   [90m// Animation variants[0m



Import traces:
  Client Component Browser:
    ./src/components/SmartTools/EstateIQ.tsx [Client Component Browser]
    ./src/app/(frontend)/(root)/tools/page.tsx [Client Component Browser]
    ./src/app/(frontend)/(root)/tools/page.tsx [Server Component]

  Client Component SSR:
    ./src/components/SmartTools/EstateIQ.tsx [Client Component SSR]
    ./src/app/(frontend)/(root)/tools/page.tsx [Client Component SSR]
    ./src/app/(frontend)/(root)/tools/page.tsx [Server Component]

https://nextjs.org/docs/messages/module-not-found


./src/components/SmartTools/HotHomeProperties.tsx:4:1
Module not found: Can't resolve 'framer-motion'
  [90m2 |[0m
  [90m3 |[0m [36mimport[0m [33mImage[0m [36mfrom[0m [32m"next/image"[0m;
[31m[1m>[0m [90m4 |[0m [36mimport[0m { motion } [36mfrom[0m [32m"framer-motion"[0m;
  [90m  |[0m [31m[1m^^^^^^^^^^^^^^^^^^^^^^^^^^^^^^^^^^^^^^^[0m
  [90m5 |[0m
  [90m6 |[0m [36mexport[0m [36mdefault[0m [36mfunction[0m [33mHotHomePropertiesSection[0m() {
  [90m7 |[0m   [90m// Animation variants[0m



Import traces:
  Client Component Browser:
    ./src/components/SmartTools/HotHomeProperties.tsx [Client Component Browser]
    ./src/app/(frontend)/(root)/tools/page.tsx [Client Component Browser]
    ./src/app/(frontend)/(root)/tools/page.tsx [Server Component]

  Client Component SSR:
    ./src/components/SmartTools/HotHomeProperties.tsx [Client Component SSR]
    ./src/app/(frontend)/(root)/tools/page.tsx [Client Component SSR]
    ./src/app/(frontend)/(root)/tools/page.tsx [Server Component]

https://nextjs.org/docs/messages/module-not-found


./src/components/SmartTools/PreLaunchSection.tsx:4:1
Module not found: Can't resolve 'framer-motion'
  [90m2 |[0m
  [90m3 |[0m [36mimport[0m [33mReact[0m [36mfrom[0m [32m"react"[0m;
[31m[1m>[0m [90m4 |[0m [36mimport[0m { motion } [36mfrom[0m [32m"framer-motion"[0m;
  [90m  |[0m [31m[1m^^^^^^^^^^^^^^^^^^^^^^^^^^^^^^^^^^^^^^^[0m
  [90m5 |[0m
  [90m6 |[0m [36mconst[0m [33mPreLaunchSection[0m: [33mReact[0m.[33mFC[0m = () => {
  [90m7 |[0m   [36mreturn[0m (



Import traces:
  Client Component Browser:
    ./src/components/SmartTools/PreLaunchSection.tsx [Client Component Browser]
    ./src/app/(frontend)/(root)/tools/page.tsx [Client Component Browser]
    ./src/app/(frontend)/(root)/tools/page.tsx [Server Component]

  Client Component SSR:
    ./src/components/SmartTools/PreLaunchSection.tsx [Client Component SSR]
    ./src/app/(frontend)/(root)/tools/page.tsx [Client Component SSR]
    ./src/app/(frontend)/(root)/tools/page.tsx [Server Component]

https://nextjs.org/docs/messages/module-not-found


./src/components/SmartTools/PropertyFeature.tsx:4:1
Module not found: Can't resolve 'framer-motion'
  [90m2 |[0m
  [90m3 |[0m [36mimport[0m [33mImage[0m [36mfrom[0m [32m"next/image"[0m;
[31m[1m>[0m [90m4 |[0m [36mimport[0m { motion } [36mfrom[0m [32m"framer-motion"[0m;
  [90m  |[0m [31m[1m^^^^^^^^^^^^^^^^^^^^^^^^^^^^^^^^^^^^^^^[0m
  [90m5 |[0m
  [90m6 |[0m [36mconst[0m [33mPropertyFeatureSection[0m = () => {
  [90m7 |[0m   [90m// Animation variants[0m



Import traces:
  Client Component Browser:
    ./src/components/SmartTools/PropertyFeature.tsx [Client Component Browser]
    ./src/app/(frontend)/(root)/tools/page.tsx [Client Component Browser]
    ./src/app/(frontend)/(root)/tools/page.tsx [Server Component]

  Client Component SSR:
    ./src/components/SmartTools/PropertyFeature.tsx [Client Component SSR]
    ./src/app/(frontend)/(root)/tools/page.tsx [Client Component SSR]
    ./src/app/(frontend)/(root)/tools/page.tsx [Server Component]

https://nextjs.org/docs/messages/module-not-found


./src/components/WhyUs/CommitmentSection.tsx:3:1
Module not found: Can't resolve 'framer-motion'
  [90m1 |[0m [36mimport[0m [33mImage[0m [36mfrom[0m [32m"next/image"[0m;
  [90m2 |[0m [36mimport[0m { [33mPhone[0m, [33mVideo[0m } [36mfrom[0m [32m"lucide-react"[0m;
[31m[1m>[0m [90m3 |[0m [36mimport[0m { motion } [36mfrom[0m [32m"framer-motion"[0m;
  [90m  |[0m [31m[1m^^^^^^^^^^^^^^^^^^^^^^^^^^^^^^^^^^^^^^^[0m
  [90m4 |[0m
  [90m5 |[0m [36mexport[0m [36mdefault[0m [36mfunction[0m [33mCommitmentSection[0m() {
  [90m6 |[0m   [36mconst[0m teamMembers = [



Import traces:
  Client Component Browser:
    ./src/components/WhyUs/CommitmentSection.tsx [Client Component Browser]
    ./src/app/(frontend)/(root)/why-us/page.tsx [Client Component Browser]
    ./src/app/(frontend)/(root)/why-us/page.tsx [Server Component]

  Client Component SSR:
    ./src/components/WhyUs/CommitmentSection.tsx [Client Component SSR]
    ./src/app/(frontend)/(root)/why-us/page.tsx [Client Component SSR]
    ./src/app/(frontend)/(root)/why-us/page.tsx [Server Component]

https://nextjs.org/docs/messages/module-not-found


./src/components/WhyUs/ConnectionSection.tsx:2:1
Module not found: Can't resolve 'framer-motion'
  [90m1 |[0m [36mimport[0m [33mReact[0m [36mfrom[0m [32m"react"[0m;
[31m[1m>[0m [90m2 |[0m [36mimport[0m { motion } [36mfrom[0m [32m"framer-motion"[0m;
  [90m  |[0m [31m[1m^^^^^^^^^^^^^^^^^^^^^^^^^^^^^^^^^^^^^^^[0m
  [90m3 |[0m
  [90m4 |[0m [36mexport[0m [36mdefault[0m [36mfunction[0m [33mConnectionSection[0m() {
  [90m5 |[0m   [36mreturn[0m (



Import traces:
  Client Component Browser:
    ./src/components/WhyUs/ConnectionSection.tsx [Client Component Browser]
    ./src/app/(frontend)/(root)/why-us/page.tsx [Client Component Browser]
    ./src/app/(frontend)/(root)/why-us/page.tsx [Server Component]

  Client Component SSR:
    ./src/components/WhyUs/ConnectionSection.tsx [Client Component SSR]
    ./src/app/(frontend)/(root)/why-us/page.tsx [Client Component SSR]
    ./src/app/(frontend)/(root)/why-us/page.tsx [Server Component]

https://nextjs.org/docs/messages/module-not-found


./src/components/WhyUs/ExploreSection.tsx:5:1
Module not found: Can't resolve 'framer-motion'
  [90m3 |[0m [36mimport[0m [33mImage[0m [36mfrom[0m [32m"next/image"[0m;
  [90m4 |[0m [36mimport[0m { [33mCheck[0m } [36mfrom[0m [32m"lucide-react"[0m;
[31m[1m>[0m [90m5 |[0m [36mimport[0m { motion } [36mfrom[0m [32m"framer-motion"[0m;
  [90m  |[0m [31m[1m^^^^^^^^^^^^^^^^^^^^^^^^^^^^^^^^^^^^^^^[0m
  [90m6 |[0m
  [90m7 |[0m [36mconst[0m [33mExploreSection[0m = () => {
  [90m8 |[0m   [90m// Animation variants[0m



Import traces:
  Client Component Browser:
    ./src/components/WhyUs/ExploreSection.tsx [Client Component Browser]
    ./src/app/(frontend)/(root)/why-us/page.tsx [Client Component Browser]
    ./src/app/(frontend)/(root)/why-us/page.tsx [Server Component]

  Client Component SSR:
    ./src/components/WhyUs/ExploreSection.tsx [Client Component SSR]
    ./src/app/(frontend)/(root)/why-us/page.tsx [Client Component SSR]
    ./src/app/(frontend)/(root)/why-us/page.tsx [Server Component]

https://nextjs.org/docs/messages/module-not-found


./src/components/WhyUs/FavouritesSection.tsx:4:1
Module not found: Can't resolve 'framer-motion'
  [90m2 |[0m [36mimport[0m [33mImage[0m [36mfrom[0m [32m"next/image"[0m;
  [90m3 |[0m [36mimport[0m { [33mHeart[0m, [33mThumbsUp[0m } [36mfrom[0m [32m"lucide-react"[0m;
[31m[1m>[0m [90m4 |[0m [36mimport[0m { motion } [36mfrom[0m [32m"framer-motion"[0m;
  [90m  |[0m [31m[1m^^^^^^^^^^^^^^^^^^^^^^^^^^^^^^^^^^^^^^^[0m
  [90m5 |[0m
  [90m6 |[0m [36mconst[0m floatingHeart = {
  [90m7 |[0m   hidden: { opacity: [35m0[0m, scale: [35m0.8[0m },



Import traces:
  Client Component Browser:
    ./src/components/WhyUs/FavouritesSection.tsx [Client Component Browser]
    ./src/app/(frontend)/(root)/why-us/page.tsx [Client Component Browser]
    ./src/app/(frontend)/(root)/why-us/page.tsx [Server Component]

  Client Component SSR:
    ./src/components/WhyUs/FavouritesSection.tsx [Client Component SSR]
    ./src/app/(frontend)/(root)/why-us/page.tsx [Client Component SSR]
    ./src/app/(frontend)/(root)/why-us/page.tsx [Server Component]

https://nextjs.org/docs/messages/module-not-found


./src/components/WhyUs/GetAccessSection.tsx:3:1
Module not found: Can't resolve 'framer-motion'
  [90m1 |[0m [36mimport[0m [33mImage[0m [36mfrom[0m [32m"next/image"[0m;
  [90m2 |[0m [36mimport[0m [33mReact[0m [36mfrom[0m [32m"react"[0m;
[31m[1m>[0m [90m3 |[0m [36mimport[0m { motion } [36mfrom[0m [32m"framer-motion"[0m;
  [90m  |[0m [31m[1m^^^^^^^^^^^^^^^^^^^^^^^^^^^^^^^^^^^^^^^[0m
  [90m4 |[0m
  [90m5 |[0m [36mconst[0m [33mGetAccessSection[0m = () => {
  [90m6 |[0m   [90m// Animation variants[0m



Import traces:
  Client Component Browser:
    ./src/components/WhyUs/GetAccessSection.tsx [Client Component Browser]
    ./src/app/(frontend)/(root)/why-us/page.tsx [Client Component Browser]
    ./src/app/(frontend)/(root)/why-us/page.tsx [Server Component]

  Client Component SSR:
    ./src/components/WhyUs/GetAccessSection.tsx [Client Component SSR]
    ./src/app/(frontend)/(root)/why-us/page.tsx [Client Component SSR]
    ./src/app/(frontend)/(root)/why-us/page.tsx [Server Component]

https://nextjs.org/docs/messages/module-not-found


./src/components/WhyUs/HomeFeatures.tsx:3:1
Module not found: Can't resolve 'framer-motion'
  [90m1 |[0m [36mimport[0m [33mReact[0m [36mfrom[0m [32m"react"[0m;
  [90m2 |[0m [36mimport[0m [33mImage[0m [36mfrom[0m [32m"next/image"[0m;
[31m[1m>[0m [90m3 |[0m [36mimport[0m { motion } [36mfrom[0m [32m"framer-motion"[0m;
  [90m  |[0m [31m[1m^^^^^^^^^^^^^^^^^^^^^^^^^^^^^^^^^^^^^^^[0m
  [90m4 |[0m
  [90m5 |[0m [36mconst[0m [33mHomeFeaturesSection[0m: [33mReact[0m.[33mFC[0m = () => {
  [90m6 |[0m   [36mconst[0m features = [



Import traces:
  Client Component Browser:
    ./src/components/WhyUs/HomeFeatures.tsx [Client Component Browser]
    ./src/app/(frontend)/(root)/why-us/page.tsx [Client Component Browser]
    ./src/app/(frontend)/(root)/why-us/page.tsx [Server Component]

  Client Component SSR:
    ./src/components/WhyUs/HomeFeatures.tsx [Client Component SSR]
    ./src/app/(frontend)/(root)/why-us/page.tsx [Client Component SSR]
    ./src/app/(frontend)/(root)/why-us/page.tsx [Server Component]

https://nextjs.org/docs/messages/module-not-found


./src/components/WhyUs/PropertyComparison.tsx:3:1
Module not found: Can't resolve 'framer-motion'
  [90m1 |[0m [36mimport[0m [33mReact[0m [36mfrom[0m [32m"react"[0m;
  [90m2 |[0m [36mimport[0m [33mImage[0m [36mfrom[0m [32m"next/image"[0m;
[31m[1m>[0m [90m3 |[0m [36mimport[0m { motion } [36mfrom[0m [32m"framer-motion"[0m;
  [90m  |[0m [31m[1m^^^^^^^^^^^^^^^^^^^^^^^^^^^^^^^^^^^^^^^[0m
  [90m4 |[0m
  [90m5 |[0m [36mconst[0m [33mPropertyComparisonSection[0m = () => {
  [90m6 |[0m   [36mconst[0m comparisonFeatures = [



Import traces:
  Client Component Browser:
    ./src/components/WhyUs/PropertyComparison.tsx [Client Component Browser]
    ./src/app/(frontend)/(root)/why-us/page.tsx [Client Component Browser]
    ./src/app/(frontend)/(root)/why-us/page.tsx [Server Component]

  Client Component SSR:
    ./src/components/WhyUs/PropertyComparison.tsx [Client Component SSR]
    ./src/app/(frontend)/(root)/why-us/page.tsx [Client Component SSR]
    ./src/app/(frontend)/(root)/why-us/page.tsx [Server Component]

https://nextjs.org/docs/messages/module-not-found


./src/components/WhyUs/PropertyEligibility.tsx:5:1
Module not found: Can't resolve 'framer-motion'
  [90m3 |[0m [36mimport[0m [33mImage[0m [36mfrom[0m [32m"next/image"[0m;
  [90m4 |[0m [36mimport[0m { [33mSearch[0m } [36mfrom[0m [32m"lucide-react"[0m;
[31m[1m>[0m [90m5 |[0m [36mimport[0m { motion } [36mfrom[0m [32m"framer-motion"[0m;
  [90m  |[0m [31m[1m^^^^^^^^^^^^^^^^^^^^^^^^^^^^^^^^^^^^^^^[0m
  [90m6 |[0m
  [90m7 |[0m [36mexport[0m [36mdefault[0m [36mfunction[0m [33mPropertyEligibilitySection[0m() {
  [90m8 |[0m   [90m// Animation variants[0m



Import traces:
  Client Component Browser:
    ./src/components/WhyUs/PropertyEligibility.tsx [Client Component Browser]
    ./src/app/(frontend)/(root)/why-us/page.tsx [Client Component Browser]
    ./src/app/(frontend)/(root)/why-us/page.tsx [Server Component]

  Client Component SSR:
    ./src/components/WhyUs/PropertyEligibility.tsx [Client Component SSR]
    ./src/app/(frontend)/(root)/why-us/page.tsx [Client Component SSR]
    ./src/app/(frontend)/(root)/why-us/page.tsx [Server Component]

https://nextjs.org/docs/messages/module-not-found


./src/components/WhyUs/PropertyVisitSection.tsx:3:1
Module not found: Can't resolve 'framer-motion'
  [90m1 |[0m [36mimport[0m [33mReact[0m [36mfrom[0m [32m"react"[0m;
  [90m2 |[0m [36mimport[0m [33mImage[0m [36mfrom[0m [32m"next/image"[0m;
[31m[1m>[0m [90m3 |[0m [36mimport[0m { motion } [36mfrom[0m [32m"framer-motion"[0m;
  [90m  |[0m [31m[1m^^^^^^^^^^^^^^^^^^^^^^^^^^^^^^^^^^^^^^^[0m
  [90m4 |[0m [36mimport[0m { [33mCalendarDays[0m } [36mfrom[0m [32m"lucide-react"[0m;
  [90m5 |[0m
  [90m6 |[0m [36mconst[0m [33mPropertyVisitSection[0m = () => {



Import traces:
  Client Component Browser:
    ./src/components/WhyUs/PropertyVisitSection.tsx [Client Component Browser]
    ./src/app/(frontend)/(root)/why-us/page.tsx [Client Component Browser]
    ./src/app/(frontend)/(root)/why-us/page.tsx [Server Component]

  Client Component SSR:
    ./src/components/WhyUs/PropertyVisitSection.tsx [Client Component SSR]
    ./src/app/(frontend)/(root)/why-us/page.tsx [Client Component SSR]
    ./src/app/(frontend)/(root)/why-us/page.tsx [Server Component]

https://nextjs.org/docs/messages/module-not-found


./src/components/WhyUs/RedefiningTrustSection.tsx:4:1
Module not found: Can't resolve 'framer-motion'
  [90m2 |[0m [36mimport[0m [33mReact[0m [36mfrom[0m [32m"react"[0m;
  [90m3 |[0m [36mimport[0m [33mImage[0m [36mfrom[0m [32m"next/image"[0m;
[31m[1m>[0m [90m4 |[0m [36mimport[0m { motion } [36mfrom[0m [32m"framer-motion"[0m;
  [90m  |[0m [31m[1m^^^^^^^^^^^^^^^^^^^^^^^^^^^^^^^^^^^^^^^[0m
  [90m5 |[0m
  [90m6 |[0m [36mconst[0m [33mRedefiningTrustSection[0m = () => {
  [90m7 |[0m   [36mconst[0m containerVariants = {



Import traces:
  Client Component Browser:
    ./src/components/WhyUs/RedefiningTrustSection.tsx [Client Component Browser]
    ./src/app/(frontend)/(root)/why-us/page.tsx [Client Component Browser]
    ./src/app/(frontend)/(root)/why-us/page.tsx [Server Component]

  Client Component SSR:
    ./src/components/WhyUs/RedefiningTrustSection.tsx [Client Component SSR]
    ./src/app/(frontend)/(root)/why-us/page.tsx [Client Component SSR]
    ./src/app/(frontend)/(root)/why-us/page.tsx [Server Component]

https://nextjs.org/docs/messages/module-not-found


./src/components/WhyUs/TestimonialSection.tsx:3:1
Module not found: Can't resolve 'framer-motion'
  [90m1 |[0m [36mimport[0m [33mImage[0m [36mfrom[0m [32m"next/image"[0m;
  [90m2 |[0m [36mimport[0m { useEffect, useRef, useState } [36mfrom[0m [32m"react"[0m;
[31m[1m>[0m [90m3 |[0m [36mimport[0m { motion, useAnimation } [36mfrom[0m [32m"framer-motion"[0m;
  [90m  |[0m [31m[1m^^^^^^^^^^^^^^^^^^^^^^^^^^^^^^^^^^^^^^^^^^^^^^^^^^^^^[0m
  [90m4 |[0m
  [90m5 |[0m [36minterface[0m [33mTestimonial[0m {
  [90m6 |[0m   id: number;



Import traces:
  Client Component Browser:
    ./src/components/WhyUs/TestimonialSection.tsx [Client Component Browser]
    ./src/app/(frontend)/(root)/why-us/page.tsx [Client Component Browser]
    ./src/app/(frontend)/(root)/why-us/page.tsx [Server Component]

  Client Component SSR:
    ./src/components/WhyUs/TestimonialSection.tsx [Client Component SSR]
    ./src/app/(frontend)/(root)/why-us/page.tsx [Client Component SSR]
    ./src/app/(frontend)/(root)/why-us/page.tsx [Server Component]

https://nextjs.org/docs/messages/module-not-found


./src/components/WhyUs/UnitBookingSection.tsx:2:1
Module not found: Can't resolve 'framer-motion'
  [90m1 |[0m [36mimport[0m [33mReact[0m [36mfrom[0m [32m"react"[0m;
[31m[1m>[0m [90m2 |[0m [36mimport[0m { motion } [36mfrom[0m [32m"framer-motion"[0m;
  [90m  |[0m [31m[1m^^^^^^^^^^^^^^^^^^^^^^^^^^^^^^^^^^^^^^^[0m
  [90m3 |[0m
  [90m4 |[0m [36mexport[0m [36mdefault[0m [36mfunction[0m [33mUnitBookingSection[0m() {
  [90m5 |[0m   [90m// Animation variants[0m



Import traces:
  Client Component Browser:
    ./src/components/WhyUs/UnitBookingSection.tsx [Client Component Browser]
    ./src/app/(frontend)/(root)/why-us/page.tsx [Client Component Browser]
    ./src/app/(frontend)/(root)/why-us/page.tsx [Server Component]

  Client Component SSR:
    ./src/components/WhyUs/UnitBookingSection.tsx [Client Component SSR]
    ./src/app/(frontend)/(root)/why-us/page.tsx [Client Component SSR]
    ./src/app/(frontend)/(root)/why-us/page.tsx [Server Component]

https://nextjs.org/docs/messages/module-not-found


./src/components/sections/CommercialComingSoon.tsx:3:1
Module not found: Can't resolve 'framer-motion'
  [90m1 |[0m [36mimport[0m [33mReact[0m [36mfrom[0m [32m"react"[0m;
  [90m2 |[0m [36mimport[0m [33mImage[0m [36mfrom[0m [32m"next/image"[0m;
[31m[1m>[0m [90m3 |[0m [36mimport[0m { motion } [36mfrom[0m [32m"framer-motion"[0m;
  [90m  |[0m [31m[1m^^^^^^^^^^^^^^^^^^^^^^^^^^^^^^^^^^^^^^^[0m
  [90m4 |[0m
  [90m5 |[0m [36minterface[0m [33mCommercialComingSoonResponsiveProps[0m {
  [90m6 |[0m   onExploreResidential?: () => [36mvoid[0m;



Import traces:
  Client Component Browser:
    ./src/components/sections/CommercialComingSoon.tsx [Client Component Browser]
    ./src/components/SearchFilter.tsx [Client Component Browser]
    ./src/components/BuyersGuide/LargestReturn.tsx [Client Component Browser]
    ./src/app/(frontend)/(root)/buyers-guide/page.tsx [Client Component Browser]
    ./src/app/(frontend)/(root)/buyers-guide/page.tsx [Server Component]

  Client Component SSR:
    ./src/components/sections/CommercialComingSoon.tsx [Client Component SSR]
    ./src/components/SearchFilter.tsx [Client Component SSR]
    ./src/components/BuyersGuide/LargestReturn.tsx [Client Component SSR]
    ./src/app/(frontend)/(root)/buyers-guide/page.tsx [Client Component SSR]
    ./src/app/(frontend)/(root)/buyers-guide/page.tsx [Server Component]

https://nextjs.org/docs/messages/module-not-found


./src/components/sections/FaqsSection.tsx:5:1
Module not found: Can't resolve 'framer-motion'
  [90m3 |[0m [36mimport[0m { [33mChevronDown[0m } [36mfrom[0m [32m"lucide-react"[0m;
  [90m4 |[0m [36mimport[0m [33mReact[0m, { useState, useMemo } [36mfrom[0m [32m"react"[0m;
[31m[1m>[0m [90m5 |[0m [36mimport[0m { motion, [33mAnimatePresence[0m } [36mfrom[0m [32m"framer-motion"[0m;
  [90m  |[0m [31m[1m^^^^^^^^^^^^^^^^^^^^^^^^^^^^^^^^^^^^^^^^^^^^^^^^^^^^^^^^[0m
  [90m6 |[0m
  [90m7 |[0m [36mexport[0m [36mtype[0m [33mTab[0m = string;
  [90m8 |[0m



Import traces:
  Client Component Browser:
    ./src/components/sections/FaqsSection.tsx [Client Component Browser]
    ./src/app/(frontend)/(root)/tools/page.tsx [Client Component Browser]
    ./src/app/(frontend)/(root)/tools/page.tsx [Server Component]

  Client Component SSR:
    ./src/components/sections/FaqsSection.tsx [Client Component SSR]
    ./src/app/(frontend)/(root)/tools/page.tsx [Client Component SSR]
    ./src/app/(frontend)/(root)/tools/page.tsx [Server Component]

https://nextjs.org/docs/messages/module-not-found


./src/components/sections/FeaturesSection.tsx:3:1
Module not found: Can't resolve 'framer-motion'
  [90m1 |[0m [32m"use client"[0m;
  [90m2 |[0m
[31m[1m>[0m [90m3 |[0m [36mimport[0m { motion } [36mfrom[0m [32m"framer-motion"[0m;
  [90m  |[0m [31m[1m^^^^^^^^^^^^^^^^^^^^^^^^^^^^^^^^^^^^^^^[0m
  [90m4 |[0m [36mimport[0m { [33mCard[0m } [36mfrom[0m [32m"@/components/ui/card"[0m;
  [90m5 |[0m [36mimport[0m [33mImage[0m [36mfrom[0m [32m"next/image"[0m;
  [90m6 |[0m



Import traces:
  Client Component Browser:
    ./src/components/sections/FeaturesSection.tsx [Client Component Browser]
    ./src/app/(frontend)/(root)/why-us/page.tsx [Client Component Browser]
    ./src/app/(frontend)/(root)/why-us/page.tsx [Server Component]

  Client Component SSR:
    ./src/components/sections/FeaturesSection.tsx [Client Component SSR]
    ./src/app/(frontend)/(root)/why-us/page.tsx [Client Component SSR]
    ./src/app/(frontend)/(root)/why-us/page.tsx [Server Component]

https://nextjs.org/docs/messages/module-not-found


./src/components/sections/PerfectHomeSection.tsx:5:1
Module not found: Can't resolve 'framer-motion'
  [90m3 |[0m [36mimport[0m [33mReact[0m, { useMemo } [36mfrom[0m [32m"react"[0m;
  [90m4 |[0m [36mimport[0m [33mImage[0m [36mfrom[0m [32m"next/image"[0m;
[31m[1m>[0m [90m5 |[0m [36mimport[0m { motion, [33mVariants[0m } [36mfrom[0m [32m"framer-motion"[0m;
  [90m  |[0m [31m[1m^^^^^^^^^^^^^^^^^^^^^^^^^^^^^^^^^^^^^^^^^^^^^^^^^[0m
  [90m6 |[0m [36mimport[0m { useContentElement } [36mfrom[0m [32m"@/hooks/useContentElement"[0m;
  [90m7 |[0m
  [90m8 |[0m [90m// --- Types ---[0m



Import traces:
  Client Component Browser:
    ./src/components/sections/PerfectHomeSection.tsx [Client Component Browser]
    ./src/app/(frontend)/(root)/buyers-guide/page.tsx [Client Component Browser]
    ./src/app/(frontend)/(root)/buyers-guide/page.tsx [Server Component]

  Client Component SSR:
    ./src/components/sections/PerfectHomeSection.tsx [Client Component SSR]
    ./src/app/(frontend)/(root)/buyers-guide/page.tsx [Client Component SSR]
    ./src/app/(frontend)/(root)/buyers-guide/page.tsx [Server Component]

https://nextjs.org/docs/messages/module-not-found


./src/app/(frontend)/(root)/property-media-gallery/[id]/page.tsx:6:1
Module not found: Can't resolve 'lucide-react'
  [90m4 |[0m [36mimport[0m { useParams, useSearchParams } [36mfrom[0m [32m"next/navigation"[0m;
  [90m5 |[0m [36mimport[0m { apiRequest } [36mfrom[0m [32m"@/api/api"[0m;
[31m[1m>[0m [90m6 |[0m [36mimport[0m { [33mChevronLeft[0m, [33mChevronRight[0m, [33mPlay[0m, [33mX[0m, [33mImageIcon[0m, [33mShare[0m, [33mHeart[0m } [36mfrom[0m [32m"lucide-react"[0m;
  [90m  |[0m [31m[1m^^^^^^^^^^^^^^^^^^^^^^^^^^^^^^^^^^^^^^^^^^^^^^^^^^^^^^^^^^^^^^^^^^^^^^^^^^^^^^^^^^^^^^^^^^^[0m
  [90m7 |[0m [36mimport[0m { cn } [36mfrom[0m [32m"@/lib/utils"[0m;
  [90m8 |[0m [36mimport[0m { motion, [33mAnimatePresence[0m } [36mfrom[0m [32m"framer-motion"[0m;
  [90m9 |[0m



Import traces:
  Client Component Browser:
    ./src/app/(frontend)/(root)/property-media-gallery/[id]/page.tsx [Client Component Browser]
    ./src/app/(frontend)/(root)/property-media-gallery/[id]/page.tsx [Server Component]

  Client Component SSR:
    ./src/app/(frontend)/(root)/property-media-gallery/[id]/page.tsx [Client Component SSR]
    ./src/app/(frontend)/(root)/property-media-gallery/[id]/page.tsx [Server Component]

https://nextjs.org/docs/messages/module-not-found


./src/app/(frontend)/(root)/property/[id]/ImageViewer.tsx:11:1
Module not found: Can't resolve 'lucide-react'
  [90m 9 |[0m } [36mfrom[0m [32m"react"[0m;
  [90m10 |[0m [36mimport[0m { useSearchParams, useRouter } [36mfrom[0m [32m"next/navigation"[0m;
[31m[1m>[0m [90m11 |[0m [36mimport[0m { [33mChevronLeft[0m, [33mChevronRight[0m, [33mPlay[0m, [33mX[0m, [33mImageOff[0m } [36mfrom[0m [32m"lucide-react"[0m;
  [90m   |[0m [31m[1m^^^^^^^^^^^^^^^^^^^^^^^^^^^^^^^^^^^^^^^^^^^^^^^^^^^^^^^^^^^^^^^^^^^^^^^^^^^^[0m
  [90m12 |[0m [36mimport[0m { cn } [36mfrom[0m [32m"@/lib/utils"[0m;
  [90m13 |[0m [36mimport[0m { motion, [33mAnimatePresence[0m } [36mfrom[0m [32m"framer-motion"[0m;
  [90m14 |[0m [36mimport[0m imgproxyLoader [36mfrom[0m [32m"@/utils/ImgProxyURLGenerator"[0m;



Import traces:
  Client Component Browser:
    ./src/app/(frontend)/(root)/property/[id]/ImageViewer.tsx [Client Component Browser]
    ./src/app/(frontend)/(root)/property/[id]/page.tsx [Client Component Browser]
    ./src/app/(frontend)/(root)/property/[id]/page.tsx [Server Component]

  Client Component SSR:
    ./src/app/(frontend)/(root)/property/[id]/ImageViewer.tsx [Client Component SSR]
    ./src/app/(frontend)/(root)/property/[id]/page.tsx [Client Component SSR]
    ./src/app/(frontend)/(root)/property/[id]/page.tsx [Server Component]

https://nextjs.org/docs/messages/module-not-found


./src/components/Blogs/BlogListingContent.tsx:5:1
Module not found: Can't resolve 'lucide-react'
  [90m3 |[0m [36mimport[0m [33mReact[0m, { useState, useMemo } [36mfrom[0m [32m"react"[0m;
  [90m4 |[0m [36mimport[0m [33mImage[0m [36mfrom[0m [32m"next/image"[0m;
[31m[1m>[0m [90m5 |[0m [36mimport[0m { [33mChevronLeft[0m, [33mChevronRight[0m } [36mfrom[0m [32m"lucide-react"[0m;
  [90m  |[0m [31m[1m^^^^^^^^^^^^^^^^^^^^^^^^^^^^^^^^^^^^^^^^^^^^^^^^^^^^^^^^^[0m
  [90m6 |[0m [36mimport[0m { motion, [33mAnimatePresence[0m } [36mfrom[0m [32m"framer-motion"[0m;
  [90m7 |[0m [36mimport[0m [33mLink[0m [36mfrom[0m [32m"next/link"[0m;
  [90m8 |[0m [36mimport[0m { [33mBlog[0m, [33mBlogsResponse[0m } [36mfrom[0m [32m"@/lib/types/blog"[0m;



Import traces:
  Client Component Browser:
    ./src/components/Blogs/BlogListingContent.tsx [Client Component Browser]
    ./src/components/Blogs/BlogsPageContent.tsx [Client Component Browser]
    ./src/components/Blogs/BlogsPageContent.tsx [Server Component]
    ./src/app/(frontend)/(root)/blogs/page.tsx [Server Component]

  Client Component SSR:
    ./src/components/Blogs/BlogListingContent.tsx [Client Component SSR]
    ./src/components/Blogs/BlogsPageContent.tsx [Client Component SSR]
    ./src/components/Blogs/BlogsPageContent.tsx [Server Component]
    ./src/app/(frontend)/(root)/blogs/page.tsx [Server Component]

https://nextjs.org/docs/messages/module-not-found


./src/components/BookSiteVisit/BookingJourney.tsx:3:1
Module not found: Can't resolve 'lucide-react'
  [90m1 |[0m [32m"use client"[0m;
  [90m2 |[0m
[31m[1m>[0m [90m3 |[0m [36mimport[0m { [33mCheck[0m } [36mfrom[0m [32m"lucide-react"[0m;
  [90m  |[0m [31m[1m^^^^^^^^^^^^^^^^^^^^^^^^^^^^^^^^^^^^^[0m
  [90m4 |[0m [36mimport[0m [33mImage[0m [36mfrom[0m [32m"next/image"[0m;
  [90m5 |[0m [36mimport[0m { motion } [36mfrom[0m [32m"framer-motion"[0m;
  [90m6 |[0m



Import traces:
  Client Component Browser:
    ./src/components/BookSiteVisit/BookingJourney.tsx [Client Component Browser]
    ./src/app/(frontend)/(root)/book-visit/page.tsx [Client Component Browser]
    ./src/app/(frontend)/(root)/book-visit/page.tsx [Server Component]

  Client Component SSR:
    ./src/components/BookSiteVisit/BookingJourney.tsx [Client Component SSR]
    ./src/app/(frontend)/(root)/book-visit/page.tsx [Client Component SSR]
    ./src/app/(frontend)/(root)/book-visit/page.tsx [Server Component]

https://nextjs.org/docs/messages/module-not-found


./src/components/BookSiteVisit/ProcessSection.tsx:3:1
Module not found: Can't resolve 'lucide-react'
  [90m1 |[0m [36mimport[0m [33mReact[0m [36mfrom[0m [32m"react"[0m;
  [90m2 |[0m [36mimport[0m [33mImage[0m [36mfrom[0m [32m"next/image"[0m;
[31m[1m>[0m [90m3 |[0m [36mimport[0m { [33mCheck[0m } [36mfrom[0m [32m"lucide-react"[0m;
  [90m  |[0m [31m[1m^^^^^^^^^^^^^^^^^^^^^^^^^^^^^^^^^^^^^[0m
  [90m4 |[0m [36mimport[0m { motion } [36mfrom[0m [32m"framer-motion"[0m;
  [90m5 |[0m
  [90m6 |[0m [36mconst[0m [33mProcessSection[0m = () => {



Import traces:
  Client Component Browser:
    ./src/components/BookSiteVisit/ProcessSection.tsx [Client Component Browser]
    ./src/app/(frontend)/(root)/book-visit/page.tsx [Client Component Browser]
    ./src/app/(frontend)/(root)/book-visit/page.tsx [Server Component]

  Client Component SSR:
    ./src/components/BookSiteVisit/ProcessSection.tsx [Client Component SSR]
    ./src/app/(frontend)/(root)/book-visit/page.tsx [Client Component SSR]
    ./src/app/(frontend)/(root)/book-visit/page.tsx [Server Component]

https://nextjs.org/docs/messages/module-not-found


./src/components/BuyersGuide/InvestorGuide.tsx:3:1
Module not found: Can't resolve 'lucide-react'
  [90m1 |[0m [32m"use client"[0m;
  [90m2 |[0m
[31m[1m>[0m [90m3 |[0m [36mimport[0m { [33mListTodo[0m, [33mStar[0m, [33mUser[0m } [36mfrom[0m [32m"lucide-react"[0m;
  [90m  |[0m [31m[1m^^^^^^^^^^^^^^^^^^^^^^^^^^^^^^^^^^^^^^^^^^^^^^^^^^^^[0m
  [90m4 |[0m [36mimport[0m [33mImage[0m [36mfrom[0m [32m"next/image"[0m;
  [90m5 |[0m [36mimport[0m { motion, [33mVariants[0m } [36mfrom[0m [32m"framer-motion"[0m;
  [90m6 |[0m



Import traces:
  Client Component Browser:
    ./src/components/BuyersGuide/InvestorGuide.tsx [Client Component Browser]
    ./src/app/(frontend)/(root)/buyers-guide/page.tsx [Client Component Browser]
    ./src/app/(frontend)/(root)/buyers-guide/page.tsx [Server Component]

  Client Component SSR:
    ./src/components/BuyersGuide/InvestorGuide.tsx [Client Component SSR]
    ./src/app/(frontend)/(root)/buyers-guide/page.tsx [Client Component SSR]
    ./src/app/(frontend)/(root)/buyers-guide/page.tsx [Server Component]

https://nextjs.org/docs/messages/module-not-found


./src/components/Careers/UnlockSmarterSell.tsx:1:1
Module not found: Can't resolve 'lucide-react'
[31m[1m>[0m [90m1 |[0m [36mimport[0m { [33mCheck[0m } [36mfrom[0m [32m"lucide-react"[0m;
  [90m  |[0m [31m[1m^^^^^^^^^^^^^^^^^^^^^^^^^^^^^^^^^^^^^[0m
  [90m2 |[0m [36mimport[0m [33mImage[0m [36mfrom[0m [32m"next/image"[0m;
  [90m3 |[0m [36mimport[0m [33mReact[0m [36mfrom[0m [32m"react"[0m;
  [90m4 |[0m [36mimport[0m { motion } [36mfrom[0m [32m"framer-motion"[0m;



Import traces:
  Client Component Browser:
    ./src/components/Careers/UnlockSmarterSell.tsx [Client Component Browser]
    ./src/app/(frontend)/(root)/careers/page.tsx [Client Component Browser]
    ./src/app/(frontend)/(root)/careers/page.tsx [Server Component]

  Client Component SSR:
    ./src/components/Careers/UnlockSmarterSell.tsx [Client Component SSR]
    ./src/app/(frontend)/(root)/careers/page.tsx [Client Component SSR]
    ./src/app/(frontend)/(root)/careers/page.tsx [Server Component]

https://nextjs.org/docs/messages/module-not-found


./src/components/Form/AddressAutocompleteField.tsx:5:1
Module not found: Can't resolve 'lucide-react'
  [90m3 |[0m     getGeocode,
  [90m4 |[0m } [36mfrom[0m [32m"use-places-autocomplete"[0m;
[31m[1m>[0m [90m5 |[0m [36mimport[0m { [33mMapPin[0m } [36mfrom[0m [32m"lucide-react"[0m;
  [90m  |[0m [31m[1m^^^^^^^^^^^^^^^^^^^^^^^^^^^^^^^^^^^^^^[0m
  [90m6 |[0m [36mimport[0m { [33mPROPERTY_COLORS[0m } [36mfrom[0m [32m"@/constants/property-ui-constants"[0m;
  [90m7 |[0m
  [90m8 |[0m [36minterface[0m [33mAddressAutocompleteFieldProps[0m {



Import traces:
  Client Component Browser:
    ./src/components/Form/AddressAutocompleteField.tsx [Client Component Browser]
    ./src/components/Profile/PersonalInfoCard.tsx [Client Component Browser]
    ./src/app/(frontend)/(root)/profile/page.tsx [Client Component Browser]
    ./src/app/(frontend)/(root)/profile/page.tsx [Server Component]

  Client Component SSR:
    ./src/components/Form/AddressAutocompleteField.tsx [Client Component SSR]
    ./src/components/Profile/PersonalInfoCard.tsx [Client Component SSR]
    ./src/app/(frontend)/(root)/profile/page.tsx [Client Component SSR]
    ./src/app/(frontend)/(root)/profile/page.tsx [Server Component]

https://nextjs.org/docs/messages/module-not-found


./src/components/Form/FormActions.tsx:3:1
Module not found: Can't resolve 'lucide-react'
  [90m1 |[0m [36mimport[0m [33mReact[0m [36mfrom[0m [32m"react"[0m;
  [90m2 |[0m [36mimport[0m { [33mButton[0m } [36mfrom[0m [32m"@/components/ui/button"[0m;
[31m[1m>[0m [90m3 |[0m [36mimport[0m { [33mCheck[0m, [33mPencil[0m, [33mSquarePen[0m, [33mX[0m } [36mfrom[0m [32m"lucide-react"[0m;
  [90m  |[0m [31m[1m^^^^^^^^^^^^^^^^^^^^^^^^^^^^^^^^^^^^^^^^^^^^^^^^^^^^^^^^^^^[0m
  [90m4 |[0m [36mimport[0m { [33mPROPERTY_COLORS[0m } [36mfrom[0m [32m"@/constants/property-ui-constants"[0m;
  [90m5 |[0m [36mimport[0m { useMediaQuery } [36mfrom[0m [32m"@/hooks/use-media-query"[0m;
  [90m6 |[0m



Import traces:
  Client Component Browser:
    ./src/components/Form/FormActions.tsx [Client Component Browser]
    ./src/components/Profile/PersonalInfoCard.tsx [Client Component Browser]
    ./src/app/(frontend)/(root)/profile/page.tsx [Client Component Browser]
    ./src/app/(frontend)/(root)/profile/page.tsx [Server Component]

  Client Component SSR:
    ./src/components/Form/FormActions.tsx [Client Component SSR]
    ./src/components/Profile/PersonalInfoCard.tsx [Client Component SSR]
    ./src/app/(frontend)/(root)/profile/page.tsx [Client Component SSR]
    ./src/app/(frontend)/(root)/profile/page.tsx [Server Component]

https://nextjs.org/docs/messages/module-not-found


./src/components/Form/FormMultiSelect.tsx:3:1
Module not found: Can't resolve 'lucide-react'
  [90m1 |[0m [36mimport[0m [33mReact[0m [36mfrom[0m [32m"react"[0m;
  [90m2 |[0m [36mimport[0m { [33mPROPERTY_COLORS[0m } [36mfrom[0m [32m"@/constants/property-ui-constants"[0m;
[31m[1m>[0m [90m3 |[0m [36mimport[0m { [33mX[0m } [36mfrom[0m [32m"lucide-react"[0m;
  [90m  |[0m [31m[1m^^^^^^^^^^^^^^^^^^^^^^^^^^^^^^^^^[0m
  [90m4 |[0m
  [90m5 |[0m [36minterface[0m [33mFormMultiSelectProps[0m {
  [90m6 |[0m     label: string;



Import traces:
  Client Component Browser:
    ./src/components/Form/FormMultiSelect.tsx [Client Component Browser]
    ./src/components/Profile/PersonalInfoCard.tsx [Client Component Browser]
    ./src/app/(frontend)/(root)/profile/page.tsx [Client Component Browser]
    ./src/app/(frontend)/(root)/profile/page.tsx [Server Component]

  Client Component SSR:
    ./src/components/Form/FormMultiSelect.tsx [Client Component SSR]
    ./src/components/Profile/PersonalInfoCard.tsx [Client Component SSR]
    ./src/app/(frontend)/(root)/profile/page.tsx [Client Component SSR]
    ./src/app/(frontend)/(root)/profile/page.tsx [Server Component]

https://nextjs.org/docs/messages/module-not-found


./src/components/Form/FormSelect.tsx:3:1
Module not found: Can't resolve 'lucide-react'
  [90m1 |[0m [36mimport[0m [33mReact[0m [36mfrom[0m [32m"react"[0m;
  [90m2 |[0m [36mimport[0m { [33mPROPERTY_COLORS[0m } [36mfrom[0m [32m"@/constants/property-ui-constants"[0m;
[31m[1m>[0m [90m3 |[0m [36mimport[0m { [33mChevronDown[0m } [36mfrom[0m [32m"lucide-react"[0m;
  [90m  |[0m [31m[1m^^^^^^^^^^^^^^^^^^^^^^^^^^^^^^^^^^^^^^^^^^^[0m
  [90m4 |[0m
  [90m5 |[0m [36minterface[0m [33mFormSelectProps[0m {
  [90m6 |[0m     label: string;



Import traces:
  Client Component Browser:
    ./src/components/Form/FormSelect.tsx [Client Component Browser]
    ./src/components/auth/ModalContent.tsx [Client Component Browser]
    ./src/components/auth/RequirementModal.tsx [Client Component Browser]
    ./src/components/auth/PhoneAuthModal.tsx [Client Component Browser]
    ./src/components/Loaning/BuyabilityCalculator.tsx [Client Component Browser]
    ./src/app/(frontend)/(root)/tools/page.tsx [Client Component Browser]
    ./src/app/(frontend)/(root)/tools/page.tsx [Server Component]

  Client Component SSR:
    ./src/components/Form/FormSelect.tsx [Client Component SSR]
    ./src/components/auth/ModalContent.tsx [Client Component SSR]
    ./src/components/auth/RequirementModal.tsx [Client Component SSR]
    ./src/components/auth/PhoneAuthModal.tsx [Client Component SSR]
    ./src/components/Loaning/BuyabilityCalculator.tsx [Client Component SSR]
    ./src/app/(frontend)/(root)/tools/page.tsx [Client Component SSR]
    ./src/app/(frontend)/(root)/tools/page.tsx [Server Component]

https://nextjs.org/docs/messages/module-not-found


./src/components/Form/ProfileImageUpload.tsx:3:1
Module not found: Can't resolve 'lucide-react'
  [90m1 |[0m [36mimport[0m [33mReact[0m [36mfrom[0m [32m"react"[0m;
  [90m2 |[0m [36mimport[0m { [33mAvatar[0m, [33mAvatarImage[0m, [33mAvatarFallback[0m } [36mfrom[0m [32m"@/components/ui/avatar"[0m;
[31m[1m>[0m [90m3 |[0m [36mimport[0m { [33mPencil[0m } [36mfrom[0m [32m"lucide-react"[0m;
  [90m  |[0m [31m[1m^^^^^^^^^^^^^^^^^^^^^^^^^^^^^^^^^^^^^^[0m
  [90m4 |[0m [36mimport[0m { [33mPROPERTY_COLORS[0m } [36mfrom[0m [32m"@/constants/property-ui-constants"[0m;
  [90m5 |[0m
  [90m6 |[0m [36minterface[0m [33mProfileImageUploadProps[0m {



Import traces:
  Client Component Browser:
    ./src/components/Form/ProfileImageUpload.tsx [Client Component Browser]
    ./src/components/Profile/PersonalInfoCard.tsx [Client Component Browser]
    ./src/app/(frontend)/(root)/profile/page.tsx [Client Component Browser]
    ./src/app/(frontend)/(root)/profile/page.tsx [Server Component]

  Client Component SSR:
    ./src/components/Form/ProfileImageUpload.tsx [Client Component SSR]
    ./src/components/Profile/PersonalInfoCard.tsx [Client Component SSR]
    ./src/app/(frontend)/(root)/profile/page.tsx [Client Component SSR]
    ./src/app/(frontend)/(root)/profile/page.tsx [Server Component]

https://nextjs.org/docs/messages/module-not-found


./src/components/Loaning/PreApprovalSection.tsx:3:1
Module not found: Can't resolve 'lucide-react'
  [90m1 |[0m [32m"use client"[0m;
  [90m2 |[0m
[31m[1m>[0m [90m3 |[0m [36mimport[0m { [33mCheck[0m } [36mfrom[0m [32m"lucide-react"[0m;
  [90m  |[0m [31m[1m^^^^^^^^^^^^^^^^^^^^^^^^^^^^^^^^^^^^^[0m
  [90m4 |[0m [36mimport[0m [33mImage[0m [36mfrom[0m [32m"next/image"[0m;
  [90m5 |[0m [36mimport[0m { motion } [36mfrom[0m [32m"framer-motion"[0m;
  [90m6 |[0m



Import traces:
  Client Component Browser:
    ./src/components/Loaning/PreApprovalSection.tsx [Client Component Browser]
    ./src/app/(frontend)/(root)/loaning/page.tsx [Client Component Browser]
    ./src/app/(frontend)/(root)/loaning/page.tsx [Server Component]

  Client Component SSR:
    ./src/components/Loaning/PreApprovalSection.tsx [Client Component SSR]
    ./src/app/(frontend)/(root)/loaning/page.tsx [Client Component SSR]
    ./src/app/(frontend)/(root)/loaning/page.tsx [Server Component]

https://nextjs.org/docs/messages/module-not-found


./src/components/Navbar.tsx:5:1
Module not found: Can't resolve 'lucide-react'
  [90m3 |[0m [36mimport[0m { motion, [33mAnimatePresence[0m } [36mfrom[0m [32m"framer-motion"[0m;
  [90m4 |[0m [36mimport[0m { [33mButton[0m } [36mfrom[0m [32m"@/components/ui/button"[0m;
[31m[1m>[0m [90m5 |[0m [36mimport[0m { [33mMenu[0m, [33mPhoneCall[0m, [33mX[0m } [36mfrom[0m [32m"lucide-react"[0m;
  [90m  |[0m [31m[1m^^^^^^^^^^^^^^^^^^^^^^^^^^^^^^^^^^^^^^^^^^^^^^^^^^[0m
  [90m6 |[0m [36mimport[0m { cn } [36mfrom[0m [32m"@/lib/utils"[0m;
  [90m7 |[0m [36mimport[0m [33mLocationPicker[0m [36mfrom[0m [32m"@/components/Property/LocationPicker/LocationPicker"[0m;
  [90m8 |[0m [36mimport[0m [33mImage[0m [36mfrom[0m [32m"next/image"[0m;



Import trace:
  Server Component:
    ./src/components/Navbar.tsx
    ./src/app/(frontend)/(root)/layout.tsx

https://nextjs.org/docs/messages/module-not-found


./src/components/Profile/WishlistSection.tsx:2:1
Module not found: Can't resolve 'lucide-react'
  [90m1 |[0m [36mimport[0m [33mReact[0m [36mfrom[0m [32m"react"[0m;
[31m[1m>[0m [90m2 |[0m [36mimport[0m { [33mHeart[0m } [36mfrom[0m [32m"lucide-react"[0m;
  [90m  |[0m [31m[1m^^^^^^^^^^^^^^^^^^^^^^^^^^^^^^^^^^^^^[0m
  [90m3 |[0m [36mimport[0m { [33mProperty[0m } [36mfrom[0m [32m"@/types/property"[0m;
  [90m4 |[0m [36mimport[0m [33mPropertyGrid[0m [36mfrom[0m [32m"@/components/Property/PropertyGrid"[0m;
  [90m5 |[0m [36mimport[0m { [33mPROPERTY_COLORS[0m } [36mfrom[0m [32m"@/constants/property-ui-constants"[0m;



Import traces:
  Client Component Browser:
    ./src/components/Profile/WishlistSection.tsx [Client Component Browser]
    ./src/app/(frontend)/(root)/profile/page.tsx [Client Component Browser]
    ./src/app/(frontend)/(root)/profile/page.tsx [Server Component]

  Client Component SSR:
    ./src/components/Profile/WishlistSection.tsx [Client Component SSR]
    ./src/app/(frontend)/(root)/profile/page.tsx [Client Component SSR]
    ./src/app/(frontend)/(root)/profile/page.tsx [Server Component]

https://nextjs.org/docs/messages/module-not-found


./src/components/Property/LocationPicker/CitySearchInput.tsx:2:1
Module not found: Can't resolve 'lucide-react'
  [90m1 |[0m [36mimport[0m [33mReact[0m [36mfrom[0m [32m"react"[0m;
[31m[1m>[0m [90m2 |[0m [36mimport[0m { [33mSearch[0m, [33mX[0m, [33mMapPin[0m } [36mfrom[0m [32m"lucide-react"[0m;
  [90m  |[0m [31m[1m^^^^^^^^^^^^^^^^^^^^^^^^^^^^^^^^^^^^^^^^^^^^^^^^^[0m
  [90m3 |[0m [36mimport[0m usePlacesAutocomplete [36mfrom[0m [32m"use-places-autocomplete"[0m;
  [90m4 |[0m [36mimport[0m [36mtype[0m { [33mCity[0m } [36mfrom[0m [32m"@/hooks/useLocationPicker"[0m;
  [90m5 |[0m



Import traces:
  Client Component Browser:
    ./src/components/Property/LocationPicker/CitySearchInput.tsx [Client Component Browser]
    ./src/components/Property/LocationPicker/index.ts [Client Component Browser]
    ./src/components/Loaning/BuyabilityCalculator.tsx [Client Component Browser]
    ./src/app/(frontend)/(root)/tools/page.tsx [Client Component Browser]
    ./src/app/(frontend)/(root)/tools/page.tsx [Server Component]

  Client Component SSR:
    ./src/components/Property/LocationPicker/CitySearchInput.tsx [Client Component SSR]
    ./src/components/Property/LocationPicker/index.ts [Client Component SSR]
    ./src/components/Loaning/BuyabilityCalculator.tsx [Client Component SSR]
    ./src/app/(frontend)/(root)/tools/page.tsx [Client Component SSR]
    ./src/app/(frontend)/(root)/tools/page.tsx [Server Component]

https://nextjs.org/docs/messages/module-not-found


./src/components/Property/LocationPicker/LocationButton.tsx:4:1
Module not found: Can't resolve 'lucide-react'
  [90m2 |[0m
  [90m3 |[0m [36mimport[0m [33mReact[0m, { useState, useEffect } [36mfrom[0m [32m"react"[0m;
[31m[1m>[0m [90m4 |[0m [36mimport[0m { [33mChevronDown[0m, [33mMapPin[0m } [36mfrom[0m [32m"lucide-react"[0m;
  [90m  |[0m [31m[1m^^^^^^^^^^^^^^^^^^^^^^^^^^^^^^^^^^^^^^^^^^^^^^^^^^^[0m
  [90m5 |[0m [36mimport[0m { [33mButton[0m } [36mfrom[0m [32m"@/components/ui/button"[0m;
  [90m6 |[0m [36mimport[0m [36mtype[0m { [33mLocation[0m } [36mfrom[0m [32m"@/store/slices/locationSlice"[0m;
  [90m7 |[0m



Import traces:
  Client Component Browser:
    ./src/components/Property/LocationPicker/LocationButton.tsx [Client Component Browser]
    ./src/components/Property/LocationPicker/index.ts [Client Component Browser]
    ./src/components/Loaning/BuyabilityCalculator.tsx [Client Component Browser]
    ./src/app/(frontend)/(root)/tools/page.tsx [Client Component Browser]
    ./src/app/(frontend)/(root)/tools/page.tsx [Server Component]

  Client Component SSR:
    ./src/components/Property/LocationPicker/LocationButton.tsx [Client Component SSR]
    ./src/components/Property/LocationPicker/index.ts [Client Component SSR]
    ./src/components/Loaning/BuyabilityCalculator.tsx [Client Component SSR]
    ./src/app/(frontend)/(root)/tools/page.tsx [Client Component SSR]
    ./src/app/(frontend)/(root)/tools/page.tsx [Server Component]

https://nextjs.org/docs/messages/module-not-found


./src/components/Property/PropertyCard/BuilderInfo.tsx:9:1
Module not found: Can't resolve 'lucide-react'
  [90m 7 |[0m [36mimport[0m [33mIcons[0m [36mfrom[0m [32m"./Icons"[0m;
  [90m 8 |[0m [36mimport[0m { [33mPROPERTY_IMAGES[0m } [36mfrom[0m [32m"@/constants/property-ui-constants"[0m;
[31m[1m>[0m [90m 9 |[0m [36mimport[0m { [33mPhone[0m, [33mCalendarDays[0m, [33mChevronDown[0m } [36mfrom[0m [32m"lucide-react"[0m;
  [90m   |[0m [31m[1m^^^^^^^^^^^^^^^^^^^^^^^^^^^^^^^^^^^^^^^^^^^^^^^^^^^^^^^^^^^^^^^^[0m
  [90m10 |[0m [36mimport[0m { [33mFaWhatsapp[0m } [36mfrom[0m [32m"react-icons/fa"[0m;
  [90m11 |[0m [36mimport[0m { [33mScheduleCallDialog[0m } [36mfrom[0m [32m"@/components/shared/ScheduleCallDialog"[0m;
  [90m12 |[0m [36mimport[0m { useAuth } [36mfrom[0m [32m"@/lib/auth"[0m;



Import traces:
  Client Component Browser:
    ./src/components/Property/PropertyCard/BuilderInfo.tsx [Client Component Browser]
    ./src/components/Property/PropertyCard/PropertyCard.tsx [Client Component Browser]
    ./src/components/Profile/WishlistSection.tsx [Client Component Browser]
    ./src/app/(frontend)/(root)/profile/page.tsx [Client Component Browser]
    ./src/app/(frontend)/(root)/profile/page.tsx [Server Component]

  Client Component SSR:
    ./src/components/Property/PropertyCard/BuilderInfo.tsx [Client Component SSR]
    ./src/components/Property/PropertyCard/PropertyCard.tsx [Client Component SSR]
    ./src/components/Profile/WishlistSection.tsx [Client Component SSR]
    ./src/app/(frontend)/(root)/profile/page.tsx [Client Component SSR]
    ./src/app/(frontend)/(root)/profile/page.tsx [Server Component]

https://nextjs.org/docs/messages/module-not-found


./src/components/Property/PropertyCard/PossessionAndPrice.tsx:3:1
Module not found: Can't resolve 'lucide-react'
  [90m 1 |[0m [36mimport[0m [33mReact[0m [36mfrom[0m [32m"react"[0m;
  [90m 2 |[0m [36mimport[0m { formatIndianCurrency } [36mfrom[0m [32m"@/utils/format-indian-currency"[0m;
[31m[1m>[0m [90m 3 |[0m [36mimport[0m {
  [90m   |[0m [31m[1m^^^^^^^[0m
[31m[1m>[0m [90m 4 |[0m   [33mBuilding[0m,
  [90m   |[0m [31m[1m^^^^^^^^^^^[0m
[31m[1m>[0m [90m 5 |[0m   [33mCarFront[0m,
  [90m   |[0m [31m[1m^^^^^^^^^^^[0m
[31m[1m>[0m [90m 6 |[0m   [33mCircleParking[0m,
  [90m   |[0m [31m[1m^^^^^^^^^^^^^^^^[0m
[31m[1m>[0m [90m 7 |[0m   [33mDumbbell[0m,
  [90m   |[0m [31m[1m^^^^^^^^^^^[0m
[31m[1m>[0m [90m 8 |[0m   [33mTentTree[0m,
  [90m   |[0m [31m[1m^^^^^^^^^^^[0m
[31m[1m>[0m [90m 9 |[0m   [33mTrees[0m,
  [90m   |[0m [31m[1m^^^^^^^^[0m
[31m[1m>[0m [90m10 |[0m   [33mUsers[0m,
  [90m   |[0m [31m[1m^^^^^^^^[0m
[31m[1m>[0m [90m11 |[0m   [33mWaves[0m,
  [90m   |[0m [31m[1m^^^^^^^^[0m
[31m[1m>[0m [90m12 |[0m } [36mfrom[0m [32m"lucide-react"[0m;
  [90m   |[0m [31m[1m^^^^^^^^^^^^^^^^^^^^^^[0m
  [90m13 |[0m [36mimport[0m {
  [90m14 |[0m   [33mPROPERTY_COLORS[0m,
  [90m15 |[0m   [33mPROPERTY_DEFAULTS[0m,



Import traces:
  Client Component Browser:
    ./src/components/Property/PropertyCard/PossessionAndPrice.tsx [Client Component Browser]
    ./src/components/Property/PropertyCard/PropertyCard.tsx [Client Component Browser]
    ./src/components/Profile/WishlistSection.tsx [Client Component Browser]
    ./src/app/(frontend)/(root)/profile/page.tsx [Client Component Browser]
    ./src/app/(frontend)/(root)/profile/page.tsx [Server Component]

  Client Component SSR:
    ./src/components/Property/PropertyCard/PossessionAndPrice.tsx [Client Component SSR]
    ./src/components/Property/PropertyCard/PropertyCard.tsx [Client Component SSR]
    ./src/components/Profile/WishlistSection.tsx [Client Component SSR]
    ./src/app/(frontend)/(root)/profile/page.tsx [Client Component SSR]
    ./src/app/(frontend)/(root)/profile/page.tsx [Server Component]

https://nextjs.org/docs/messages/module-not-found


./src/components/Property/PropertyCard/PropertyBadge.tsx:75:1
Module not found: Can't resolve 'lucide-react'
  [90m73 |[0m   [33mTooltipTrigger[0m,
  [90m74 |[0m } [36mfrom[0m [32m"@/components/ui/tooltip"[0m;
[31m[1m>[0m [90m75 |[0m [36mimport[0m { [33mBuilding2[0m, [33mGem[0m, [33mTag[0m } [36mfrom[0m [32m"lucide-react"[0m;
  [90m   |[0m [31m[1m^^^^^^^^^^^^^^^^^^^^^^^^^^^^^^^^^^^^^^^^^^^^^^^^^^^[0m
  [90m76 |[0m
  [90m77 |[0m [36mconst[0m [33mBadge[0m = [33mReact[0m.memo(({ variant, className }: [33mBadgeProps[0m) => {
  [90m78 |[0m   [36mconst[0m config = [33mBADGE_CONFIG[0m[variant];



Import traces:
  Client Component Browser:
    ./src/components/Property/PropertyCard/PropertyBadge.tsx [Client Component Browser]
    ./src/components/Property/PropertyCard/PropertyImageContainer.tsx [Client Component Browser]
    ./src/components/Property/PropertyCard/PropertyCard.tsx [Client Component Browser]
    ./src/components/Profile/WishlistSection.tsx [Client Component Browser]
    ./src/app/(frontend)/(root)/profile/page.tsx [Client Component Browser]
    ./src/app/(frontend)/(root)/profile/page.tsx [Server Component]

  Client Component SSR:
    ./src/components/Property/PropertyCard/PropertyBadge.tsx [Client Component SSR]
    ./src/components/Property/PropertyCard/PropertyImageContainer.tsx [Client Component SSR]
    ./src/components/Property/PropertyCard/PropertyCard.tsx [Client Component SSR]
    ./src/components/Profile/WishlistSection.tsx [Client Component SSR]
    ./src/app/(frontend)/(root)/profile/page.tsx [Client Component SSR]
    ./src/app/(frontend)/(root)/profile/page.tsx [Server Component]

https://nextjs.org/docs/messages/module-not-found


./src/components/Property/PropertyCard/PropertyCard.tsx:20:1
Module not found: Can't resolve 'lucide-react'
  [90m18 |[0m [36mimport[0m { [33mRatingBadge[0m } [36mfrom[0m [32m"./RatingBadge"[0m;
  [90m19 |[0m [36mimport[0m [33mImage[0m [36mfrom[0m [32m"next/image"[0m;
[31m[1m>[0m [90m20 |[0m [36mimport[0m { [33mPlay[0m } [36mfrom[0m [32m"lucide-react"[0m;
  [90m   |[0m [31m[1m^^^^^^^^^^^^^^^^^^^^^^^^^^^^^^^^^^^^[0m
  [90m21 |[0m [36mimport[0m { [33mNearbyLocation[0m } [36mfrom[0m [32m"@/types/property/base"[0m;
  [90m22 |[0m
  [90m23 |[0m [36mexport[0m [36minterface[0m [33mPropertyCardProps[0m [36mextends[0m [33mProperty[0m {



Import traces:
  Client Component Browser:
    ./src/components/Property/PropertyCard/PropertyCard.tsx [Client Component Browser]
    ./src/components/Profile/WishlistSection.tsx [Client Component Browser]
    ./src/app/(frontend)/(root)/profile/page.tsx [Client Component Browser]
    ./src/app/(frontend)/(root)/profile/page.tsx [Server Component]

  Client Component SSR:
    ./src/components/Property/PropertyCard/PropertyCard.tsx [Client Component SSR]
    ./src/components/Profile/WishlistSection.tsx [Client Component SSR]
    ./src/app/(frontend)/(root)/profile/page.tsx [Client Component SSR]
    ./src/app/(frontend)/(root)/profile/page.tsx [Server Component]

https://nextjs.org/docs/messages/module-not-found


./src/components/Property/PropertyCard/PropertyImageActions.tsx:6:1
Module not found: Can't resolve 'lucide-react'
  [90m4 |[0m [36mimport[0m { [33mDialog[0m, [33mDialogContent[0m, [33mDialogDescription[0m, [33mDialogTitle[0m, [33mDialogTrigger[0m } [36mfrom[0m [32m"@/com...[0m
  [90m5 |[0m [36mimport[0m { useMediaQuery } [36mfrom[0m [32m"@/hooks/use-media-query"[0m;
[31m[1m>[0m [90m6 |[0m [36mimport[0m { [33mHeart[0m, [33mMoreVertical[0m, [33mLoader2[0m } [36mfrom[0m [32m"lucide-react"[0m;
  [90m  |[0m [31m[1m^^^^^^^^^^^^^^^^^^^^^^^^^^^^^^^^^^^^^^^^^^^^^^^^^^^^^^^^^^^^[0m
  [90m7 |[0m [36mimport[0m { useAuth } [36mfrom[0m [32m"@/lib/auth"[0m;
  [90m8 |[0m [36mimport[0m { cn } [36mfrom[0m [32m"@/lib/utils"[0m;
  [90m9 |[0m [36mimport[0m [33mIcons[0m [36mfrom[0m [32m"./Icons"[0m;



Import traces:
  Client Component Browser:
    ./src/components/Property/PropertyCard/PropertyImageActions.tsx [Client Component Browser]
    ./src/components/Property/PropertyCard/PropertyImageContainer.tsx [Client Component Browser]
    ./src/components/Property/PropertyCard/PropertyCard.tsx [Client Component Browser]
    ./src/components/Profile/WishlistSection.tsx [Client Component Browser]
    ./src/app/(frontend)/(root)/profile/page.tsx [Client Component Browser]
    ./src/app/(frontend)/(root)/profile/page.tsx [Server Component]

  Client Component SSR:
    ./src/components/Property/PropertyCard/PropertyImageActions.tsx [Client Component SSR]
    ./src/components/Property/PropertyCard/PropertyImageContainer.tsx [Client Component SSR]
    ./src/components/Property/PropertyCard/PropertyCard.tsx [Client Component SSR]
    ./src/components/Profile/WishlistSection.tsx [Client Component SSR]
    ./src/app/(frontend)/(root)/profile/page.tsx [Client Component SSR]
    ./src/app/(frontend)/(root)/profile/page.tsx [Server Component]

https://nextjs.org/docs/messages/module-not-found


./src/components/Property/PropertyCard/RatingBadge.tsx:2:1
Module not found: Can't resolve 'lucide-react'
  [90m1 |[0m [36mimport[0m [33mReact[0m [36mfrom[0m [32m"react"[0m;
[31m[1m>[0m [90m2 |[0m [36mimport[0m { [33mStar[0m } [36mfrom[0m [32m"lucide-react"[0m;
  [90m  |[0m [31m[1m^^^^^^^^^^^^^^^^^^^^^^^^^^^^^^^^^^^^[0m
  [90m3 |[0m [36mimport[0m { cn } [36mfrom[0m [32m"@/lib/utils"[0m;
  [90m4 |[0m
  [90m5 |[0m [36mtype[0m [33mRatingBadgeProps[0m = {



Import traces:
  Client Component Browser:
    ./src/components/Property/PropertyCard/RatingBadge.tsx [Client Component Browser]
    ./src/components/Property/PropertyCard/TitleDetails.tsx [Client Component Browser]
    ./src/components/Property/PropertyCard/PropertyCard.tsx [Client Component Browser]
    ./src/components/Profile/WishlistSection.tsx [Client Component Browser]
    ./src/app/(frontend)/(root)/profile/page.tsx [Client Component Browser]
    ./src/app/(frontend)/(root)/profile/page.tsx [Server Component]

  Client Component SSR:
    ./src/components/Property/PropertyCard/RatingBadge.tsx [Client Component SSR]
    ./src/components/Property/PropertyCard/TitleDetails.tsx [Client Component SSR]
    ./src/components/Property/PropertyCard/PropertyCard.tsx [Client Component SSR]
    ./src/components/Profile/WishlistSection.tsx [Client Component SSR]
    ./src/app/(frontend)/(root)/profile/page.tsx [Client Component SSR]
    ./src/app/(frontend)/(root)/profile/page.tsx [Server Component]

https://nextjs.org/docs/messages/module-not-found


./src/components/Property/PropertyCard/RatingTagPropertyPage.tsx:2:1
Module not found: Can't resolve 'lucide-react'
  [90m1 |[0m [36mimport[0m [33mReact[0m, { useId } [36mfrom[0m [32m"react"[0m;
[31m[1m>[0m [90m2 |[0m [36mimport[0m { [33mStar[0m } [36mfrom[0m [32m"lucide-react"[0m;
  [90m  |[0m [31m[1m^^^^^^^^^^^^^^^^^^^^^^^^^^^^^^^^^^^^[0m
  [90m3 |[0m [36mimport[0m { cn } [36mfrom[0m [32m"@/lib/utils"[0m;
  [90m4 |[0m
  [90m5 |[0m [36mtype[0m [33mRatingBadgeProps[0m = {



Import traces:
  Client Component Browser:
    ./src/components/Property/PropertyCard/RatingTagPropertyPage.tsx [Client Component Browser]
    ./src/components/PropertyPage/PropertyHeader.tsx [Client Component Browser]
    ./src/components/PropertyPage/index.ts [Client Component Browser]
    ./src/app/(frontend)/(root)/property/[id]/page.tsx [Client Component Browser]
    ./src/app/(frontend)/(root)/property/[id]/page.tsx [Server Component]

  Client Component SSR:
    ./src/components/Property/PropertyCard/RatingTagPropertyPage.tsx [Client Component SSR]
    ./src/components/PropertyPage/PropertyHeader.tsx [Client Component SSR]
    ./src/components/PropertyPage/index.ts [Client Component SSR]
    ./src/app/(frontend)/(root)/property/[id]/page.tsx [Client Component SSR]
    ./src/app/(frontend)/(root)/property/[id]/page.tsx [Server Component]

https://nextjs.org/docs/messages/module-not-found


./src/components/Property/PropertyFilters/AreaOfInterestDialog.tsx:4:1
Module not found: Can't resolve 'lucide-react'
  [90m 2 |[0m [36mimport[0m { [33mButton[0m } [36mfrom[0m [32m"@/components/ui/button"[0m;
  [90m 3 |[0m [36mimport[0m { [33mSwitch[0m } [36mfrom[0m [32m"@/components/ui/switch"[0m;
[31m[1m>[0m [90m 4 |[0m [36mimport[0m {
  [90m   |[0m [31m[1m^^^^^^^[0m
[31m[1m>[0m [90m 5 |[0m   [33mX[0m,
  [90m   |[0m [31m[1m^^^^[0m
[31m[1m>[0m [90m 6 |[0m   [33mMapPin[0m,
  [90m   |[0m [31m[1m^^^^^^^^^[0m
[31m[1m>[0m [90m 7 |[0m   [33mGripVertical[0m,
  [90m   |[0m [31m[1m^^^^^^^^^^^^^^^[0m
[31m[1m>[0m [90m 8 |[0m   [33mSquarePen[0m,
  [90m   |[0m [31m[1m^^^^^^^^^^^^[0m
[31m[1m>[0m [90m 9 |[0m   [33mTrash2[0m,
  [90m   |[0m [31m[1m^^^^^^^^^[0m
[31m[1m>[0m [90m10 |[0m   [33mSearch[0m [36mas[0m [33mSearchIcon[0m,
  [90m   |[0m [31m[1m^^^^^^^^^^^^^^^^^^^^^^^[0m
[31m[1m>[0m [90m11 |[0m   [33mPen[0m,
  [90m   |[0m [31m[1m^^^^^^[0m
[31m[1m>[0m [90m12 |[0m   [33mCheck[0m,
  [90m   |[0m [31m[1m^^^^^^^^[0m
[31m[1m>[0m [90m13 |[0m } [36mfrom[0m [32m"lucide-react"[0m;
  [90m   |[0m [31m[1m^^^^^^^^^^^^^^^^^^^^^^[0m
  [90m14 |[0m [36mimport[0m [36mtype[0m { [33mAreaOfInterest[0m } [36mfrom[0m [32m"@/types/property"[0m;
  [90m15 |[0m [36mimport[0m usePlacesAutocomplete, {
  [90m16 |[0m   getGeocode,



Import traces:
  Client Component Browser:
    ./src/components/Property/PropertyFilters/AreaOfInterestDialog.tsx [Client Component Browser]
    ./src/components/Property/mobileView/MobilePageHeader.tsx [Client Component Browser]
    ./src/components/Property/mobileView/MobileMapView.tsx [Client Component Browser]
    ./src/components/Property/mobileView/MobilePropertyView.tsx [Client Component Browser]
    ./src/app/(frontend)/(root)/properties/page.tsx [Client Component Browser]
    ./src/app/(frontend)/(root)/properties/page.tsx [Server Component]

  Client Component SSR:
    ./src/components/Property/PropertyFilters/AreaOfInterestDialog.tsx [Client Component SSR]
    ./src/components/Property/mobileView/MobilePageHeader.tsx [Client Component SSR]
    ./src/components/Property/mobileView/MobileMapView.tsx [Client Component SSR]
    ./src/components/Property/mobileView/MobilePropertyView.tsx [Client Component SSR]
    ./src/app/(frontend)/(root)/properties/page.tsx [Client Component SSR]
    ./src/app/(frontend)/(root)/properties/page.tsx [Server Component]

https://nextjs.org/docs/messages/module-not-found


./src/components/Property/PropertyFilters/AreaOfInterestInput.tsx:6:1
Module not found: Can't resolve 'lucide-react'
  [90m4 |[0m [36mimport[0m [36mtype[0m { [33mAreaOfInterest[0m } [36mfrom[0m [32m"@/types/property"[0m;
  [90m5 |[0m [36mimport[0m { [33mAreaOfInterestDialog[0m } [36mfrom[0m [32m"./AreaOfInterestDialog"[0m;
[31m[1m>[0m [90m6 |[0m [36mimport[0m { [33mSquarePen[0m } [36mfrom[0m [32m"lucide-react"[0m;
  [90m  |[0m [31m[1m^^^^^^^^^^^^^^^^^^^^^^^^^^^^^^^^^^^^^^^^^[0m
  [90m7 |[0m
  [90m8 |[0m [36minterface[0m [33mAreaOfInterestInputProps[0m {
  [90m9 |[0m   areas: [33mAreaOfInterest[0m[];



Import traces:
  Client Component Browser:
    ./src/components/Property/PropertyFilters/AreaOfInterestInput.tsx [Client Component Browser]
    ./src/components/Property/PropertyFilters/MainControls.tsx [Client Component Browser]
    ./src/components/Property/PropertyFilters/PropertyFilters.tsx [Client Component Browser]
    ./src/components/Property/Properties/PropertiesPageHeader.tsx [Client Component Browser]
    ./src/components/Property/Properties/PropertyWithMapView.tsx [Client Component Browser]
    ./src/components/Property/desktopView/DesktopPropertyView.tsx [Client Component Browser]
    ./src/app/(frontend)/(root)/properties/page.tsx [Client Component Browser]
    ./src/app/(frontend)/(root)/properties/page.tsx [Server Component]

  Client Component SSR:
    ./src/components/Property/PropertyFilters/AreaOfInterestInput.tsx [Client Component SSR]
    ./src/components/Property/PropertyFilters/MainControls.tsx [Client Component SSR]
    ./src/components/Property/PropertyFilters/PropertyFilters.tsx [Client Component SSR]
    ./src/components/Property/Properties/PropertiesPageHeader.tsx [Client Component SSR]
    ./src/components/Property/Properties/PropertyWithMapView.tsx [Client Component SSR]
    ./src/components/Property/desktopView/DesktopPropertyView.tsx [Client Component SSR]
    ./src/app/(frontend)/(root)/properties/page.tsx [Client Component SSR]
    ./src/app/(frontend)/(root)/properties/page.tsx [Server Component]

https://nextjs.org/docs/messages/module-not-found


./src/components/Property/PropertyFilters/AutocompleteInput.tsx:6:1
Module not found: Can't resolve 'lucide-react'
  [90m4 |[0m     getLatLng,
  [90m5 |[0m } [36mfrom[0m [32m"use-places-autocomplete"[0m;
[31m[1m>[0m [90m6 |[0m [36mimport[0m { [33mMapPin[0m } [36mfrom[0m [32m"lucide-react"[0m;
  [90m  |[0m [31m[1m^^^^^^^^^^^^^^^^^^^^^^^^^^^^^^^^^^^^^^[0m
  [90m7 |[0m [36mimport[0m { [33mLocation[0m } [36mfrom[0m [32m"@/store/slices/locationSlice"[0m;
  [90m8 |[0m
  [90m9 |[0m [36minterface[0m [33mAutocompleteInputProps[0m {



Import traces:
  Client Component Browser:
    ./src/components/Property/PropertyFilters/AutocompleteInput.tsx [Client Component Browser]
    ./src/components/Property/PropertyFilters/AreaOfInterestDialog.tsx [Client Component Browser]
    ./src/components/Property/mobileView/MobilePageHeader.tsx [Client Component Browser]
    ./src/components/Property/mobileView/MobileMapView.tsx [Client Component Browser]
    ./src/components/Property/mobileView/MobilePropertyView.tsx [Client Component Browser]
    ./src/app/(frontend)/(root)/properties/page.tsx [Client Component Browser]
    ./src/app/(frontend)/(root)/properties/page.tsx [Server Component]

  Client Component SSR:
    ./src/components/Property/PropertyFilters/AutocompleteInput.tsx [Client Component SSR]
    ./src/components/Property/PropertyFilters/AreaOfInterestDialog.tsx [Client Component SSR]
    ./src/components/Property/mobileView/MobilePageHeader.tsx [Client Component SSR]
    ./src/components/Property/mobileView/MobileMapView.tsx [Client Component SSR]
    ./src/components/Property/mobileView/MobilePropertyView.tsx [Client Component SSR]
    ./src/app/(frontend)/(root)/properties/page.tsx [Client Component SSR]
    ./src/app/(frontend)/(root)/properties/page.tsx [Server Component]

https://nextjs.org/docs/messages/module-not-found


./src/components/Property/PropertyFilters/FilterControls.tsx:2:1
Module not found: Can't resolve 'lucide-react'
  [90m1 |[0m [36mimport[0m [33mReact[0m [36mfrom[0m [32m"react"[0m;
[31m[1m>[0m [90m2 |[0m [36mimport[0m { [33mFilter[0m } [36mfrom[0m [32m"lucide-react"[0m;
  [90m  |[0m [31m[1m^^^^^^^^^^^^^^^^^^^^^^^^^^^^^^^^^^^^^^[0m
  [90m3 |[0m [36mimport[0m { [33mButton[0m } [36mfrom[0m [32m"@/components/ui/button"[0m;
  [90m4 |[0m [36mimport[0m { [33mBadge[0m } [36mfrom[0m [32m"@/components/ui/badge"[0m;
  [90m5 |[0m [36mimport[0m { [33mSwitch[0m } [36mfrom[0m [32m"@/components/ui/switch"[0m;



Import traces:
  Client Component Browser:
    ./src/components/Property/PropertyFilters/FilterControls.tsx [Client Component Browser]
    ./src/components/Property/PropertyFilters/MainControls.tsx [Client Component Browser]
    ./src/components/Property/PropertyFilters/PropertyFilters.tsx [Client Component Browser]
    ./src/components/Property/Properties/PropertiesPageHeader.tsx [Client Component Browser]
    ./src/components/Property/Properties/PropertyWithMapView.tsx [Client Component Browser]
    ./src/components/Property/desktopView/DesktopPropertyView.tsx [Client Component Browser]
    ./src/app/(frontend)/(root)/properties/page.tsx [Client Component Browser]
    ./src/app/(frontend)/(root)/properties/page.tsx [Server Component]

  Client Component SSR:
    ./src/components/Property/PropertyFilters/FilterControls.tsx [Client Component SSR]
    ./src/components/Property/PropertyFilters/MainControls.tsx [Client Component SSR]
    ./src/components/Property/PropertyFilters/PropertyFilters.tsx [Client Component SSR]
    ./src/components/Property/Properties/PropertiesPageHeader.tsx [Client Component SSR]
    ./src/components/Property/Properties/PropertyWithMapView.tsx [Client Component SSR]
    ./src/components/Property/desktopView/DesktopPropertyView.tsx [Client Component SSR]
    ./src/app/(frontend)/(root)/properties/page.tsx [Client Component SSR]
    ./src/app/(frontend)/(root)/properties/page.tsx [Server Component]

https://nextjs.org/docs/messages/module-not-found


./src/components/Property/PropertyFilters/MainControls.tsx:13:1
Module not found: Can't resolve 'lucide-react'
  [90m11 |[0m   [36mtype[0m [33mSortOption[0m,
  [90m12 |[0m } [36mfrom[0m [32m"@/types/property"[0m;
[31m[1m>[0m [90m13 |[0m [36mimport[0m { [33mSearch[0m, [33mX[0m } [36mfrom[0m [32m"lucide-react"[0m;
  [90m   |[0m [31m[1m^^^^^^^^^^^^^^^^^^^^^^^^^^^^^^^^^^^^^^^^^[0m
  [90m14 |[0m [36mimport[0m { [33mButton[0m } [36mfrom[0m [32m"@/components/ui/button"[0m;
  [90m15 |[0m
  [90m16 |[0m [36minterface[0m [33mMainControlsProps[0m {



Import traces:
  Client Component Browser:
    ./src/components/Property/PropertyFilters/MainControls.tsx [Client Component Browser]
    ./src/components/Property/PropertyFilters/PropertyFilters.tsx [Client Component Browser]
    ./src/components/Property/Properties/PropertiesPageHeader.tsx [Client Component Browser]
    ./src/components/Property/Properties/PropertyWithMapView.tsx [Client Component Browser]
    ./src/components/Property/desktopView/DesktopPropertyView.tsx [Client Component Browser]
    ./src/app/(frontend)/(root)/properties/page.tsx [Client Component Browser]
    ./src/app/(frontend)/(root)/properties/page.tsx [Server Component]

  Client Component SSR:
    ./src/components/Property/PropertyFilters/MainControls.tsx [Client Component SSR]
    ./src/components/Property/PropertyFilters/PropertyFilters.tsx [Client Component SSR]
    ./src/components/Property/Properties/PropertiesPageHeader.tsx [Client Component SSR]
    ./src/components/Property/Properties/PropertyWithMapView.tsx [Client Component SSR]
    ./src/components/Property/desktopView/DesktopPropertyView.tsx [Client Component SSR]
    ./src/app/(frontend)/(root)/properties/page.tsx [Client Component SSR]
    ./src/app/(frontend)/(root)/properties/page.tsx [Server Component]

https://nextjs.org/docs/messages/module-not-found


./src/components/Property/PropertyFilters/MobileMapView.tsx:4:1
Module not found: Can't resolve 'lucide-react'
  [90m2 |[0m [36mimport[0m { [33mButton[0m } [36mfrom[0m [32m"@/components/ui/button"[0m;
  [90m3 |[0m [36mimport[0m { [33mSheet[0m, [33mSheetTrigger[0m, [33mSheetContent[0m } [36mfrom[0m [32m"@/components/ui/sheet"[0m;
[31m[1m>[0m [90m4 |[0m [36mimport[0m { [33mMapPin[0m } [36mfrom[0m [32m"lucide-react"[0m;
  [90m  |[0m [31m[1m^^^^^^^^^^^^^^^^^^^^^^^^^^^^^^^^^^^^^^[0m
  [90m5 |[0m
  [90m6 |[0m [36minterface[0m [33mMobileMapViewProps[0m {
  [90m7 |[0m   isMobile: boolean;



Import traces:
  Client Component Browser:
    ./src/components/Property/PropertyFilters/MobileMapView.tsx [Client Component Browser]
    ./src/components/Property/PropertyFilters/PropertyFilters.tsx [Client Component Browser]
    ./src/components/Property/Properties/PropertiesPageHeader.tsx [Client Component Browser]
    ./src/components/Property/Properties/PropertyWithMapView.tsx [Client Component Browser]
    ./src/components/Property/desktopView/DesktopPropertyView.tsx [Client Component Browser]
    ./src/app/(frontend)/(root)/properties/page.tsx [Client Component Browser]
    ./src/app/(frontend)/(root)/properties/page.tsx [Server Component]

  Client Component SSR:
    ./src/components/Property/PropertyFilters/MobileMapView.tsx [Client Component SSR]
    ./src/components/Property/PropertyFilters/PropertyFilters.tsx [Client Component SSR]
    ./src/components/Property/Properties/PropertiesPageHeader.tsx [Client Component SSR]
    ./src/components/Property/Properties/PropertyWithMapView.tsx [Client Component SSR]
    ./src/components/Property/desktopView/DesktopPropertyView.tsx [Client Component SSR]
    ./src/app/(frontend)/(root)/properties/page.tsx [Client Component SSR]
    ./src/app/(frontend)/(root)/properties/page.tsx [Server Component]

https://nextjs.org/docs/messages/module-not-found


./src/components/Property/mobileView/MobileListView.tsx:8:1
Module not found: Can't resolve 'lucide-react'
  [90m 6 |[0m [36mimport[0m { useRouter } [36mfrom[0m [32m"next/navigation"[0m;
  [90m 7 |[0m [36mimport[0m { useCallback } [36mfrom[0m [32m"react"[0m;
[31m[1m>[0m [90m 8 |[0m [36mimport[0m { [33mMap[0m, [33mFilter[0m } [36mfrom[0m [32m"lucide-react"[0m;
  [90m   |[0m [31m[1m^^^^^^^^^^^^^^^^^^^^^^^^^^^^^^^^^^^^^^^^^^^[0m
  [90m 9 |[0m [36mimport[0m { [33mButton[0m } [36mfrom[0m [32m"@/components/ui/button"[0m;
  [90m10 |[0m [36mimport[0m [33mFilterIcon[0m [36mfrom[0m [32m"../icons/FilterIcon"[0m;
  [90m11 |[0m



Import traces:
  Client Component Browser:
    ./src/components/Property/mobileView/MobileListView.tsx [Client Component Browser]
    ./src/components/Property/mobileView/MobilePropertyView.tsx [Client Component Browser]
    ./src/app/(frontend)/(root)/properties/page.tsx [Client Component Browser]
    ./src/app/(frontend)/(root)/properties/page.tsx [Server Component]

  Client Component SSR:
    ./src/components/Property/mobileView/MobileListView.tsx [Client Component SSR]
    ./src/components/Property/mobileView/MobilePropertyView.tsx [Client Component SSR]
    ./src/app/(frontend)/(root)/properties/page.tsx [Client Component SSR]
    ./src/app/(frontend)/(root)/properties/page.tsx [Server Component]

https://nextjs.org/docs/messages/module-not-found


./src/components/Property/mobileView/MobileListViewHeader.tsx:3:1
Module not found: Can't resolve 'lucide-react'
  [90m1 |[0m [36mimport[0m { [33mButton[0m } [36mfrom[0m [32m"@/components/ui/button"[0m;
  [90m2 |[0m [36mimport[0m { [33mLocation[0m } [36mfrom[0m [32m"@/types/property"[0m;
[31m[1m>[0m [90m3 |[0m [36mimport[0m { [33mChevronLeft[0m, [33mSearch[0m, [33mX[0m } [36mfrom[0m [32m"lucide-react"[0m;
  [90m  |[0m [31m[1m^^^^^^^^^^^^^^^^^^^^^^^^^^^^^^^^^^^^^^^^^^^^^^^^^^^^^^[0m
  [90m4 |[0m [36mimport[0m { [33mMobileViewState[0m } [36mfrom[0m [32m"./MobilePropertyView"[0m;
  [90m5 |[0m [36mimport[0m { useState } [36mfrom[0m [32m"react"[0m;
  [90m6 |[0m [36mimport[0m { useRouter } [36mfrom[0m [32m"next/navigation"[0m;



Import traces:
  Client Component Browser:
    ./src/components/Property/mobileView/MobileListViewHeader.tsx [Client Component Browser]
    ./src/components/Property/mobileView/MobileListView.tsx [Client Component Browser]
    ./src/components/Property/mobileView/MobilePropertyView.tsx [Client Component Browser]
    ./src/app/(frontend)/(root)/properties/page.tsx [Client Component Browser]
    ./src/app/(frontend)/(root)/properties/page.tsx [Server Component]

  Client Component SSR:
    ./src/components/Property/mobileView/MobileListViewHeader.tsx [Client Component SSR]
    ./src/components/Property/mobileView/MobileListView.tsx [Client Component SSR]
    ./src/components/Property/mobileView/MobilePropertyView.tsx [Client Component SSR]
    ./src/app/(frontend)/(root)/properties/page.tsx [Client Component SSR]
    ./src/app/(frontend)/(root)/properties/page.tsx [Server Component]

https://nextjs.org/docs/messages/module-not-found


./src/components/Property/mobileView/MobilePageHeader.tsx:2:1
Module not found: Can't resolve 'lucide-react'
  [90m1 |[0m ...[33mtton[0m } [36mfrom[0m [32m"@/components/ui/button"[0m;
[31m[1m>[0m [90m2 |[0m ...[33march[0m, [33mMenu[0m, [33mX[0m, [33mMapPin[0m, [33mMoveLeftIcon[0m, [33mArrowBigLeft[0m, [33mArrowDownLeft[0m, [33mChevronLeft[0m } [36mfrom[0m [32m"lu...[0m
  [90m  |[0m    [31m[1m^^^^^^^^^^^^^^^^^^^^^^^^^^^^^^^^^^^^^^^^^^^^^^^^^^^^^^^^^^^^^^^^^^^^^^^^^^^^^^^^^^^^^^^^^^^[0m
  [90m3 |[0m ... [36mfrom[0m [32m"next/link"[0m;
  [90m4 |[0m ...ePathname, useRouter } [36mfrom[0m [32m"next/navigation"[0m;
  [90m5 |[0m ...eState } [36mfrom[0m [32m"react"[0m;



Import traces:
  Client Component Browser:
    ./src/components/Property/mobileView/MobilePageHeader.tsx [Client Component Browser]
    ./src/components/Property/mobileView/MobileMapView.tsx [Client Component Browser]
    ./src/components/Property/mobileView/MobilePropertyView.tsx [Client Component Browser]
    ./src/app/(frontend)/(root)/properties/page.tsx [Client Component Browser]
    ./src/app/(frontend)/(root)/properties/page.tsx [Server Component]

  Client Component SSR:
    ./src/components/Property/mobileView/MobilePageHeader.tsx [Client Component SSR]
    ./src/components/Property/mobileView/MobileMapView.tsx [Client Component SSR]
    ./src/components/Property/mobileView/MobilePropertyView.tsx [Client Component SSR]
    ./src/app/(frontend)/(root)/properties/page.tsx [Client Component SSR]
    ./src/app/(frontend)/(root)/properties/page.tsx [Server Component]

https://nextjs.org/docs/messages/module-not-found


./src/components/Property/mobileView/MobilePropertyViewFooter.tsx:1:1
Module not found: Can't resolve 'lucide-react'
[31m[1m>[0m [90m1 |[0m [36mimport[0m { [33mArrowUpWideNarrow[0m, [33mChevronDown[0m, [33mChevronUp[0m, [33mFilter[0m, [33mList[0m, [33mMenu[0m } [36mfrom[0m [32m"lucide-react"[0m;
  [90m  |[0m [31m[1m^^^^^^^^^^^^^^^^^^^^^^^^^^^^^^^^^^^^^^^^^^^^^^^^^^^^^^^^^^^^^^^^^^^^^^^^^^^^^^^^^^^^^^^^^^^^^[0m
  [90m2 |[0m [36mimport[0m { [33mProperty[0m } [36mfrom[0m [32m"@/types/property"[0m;
  [90m3 |[0m [36mimport[0m { cn } [36mfrom[0m [32m"@/lib/utils"[0m;
  [90m4 |[0m [36mimport[0m [33mPropertyCard[0m [36mfrom[0m [32m"../PropertyCard/PropertyCard"[0m;



Import traces:
  Client Component Browser:
    ./src/components/Property/mobileView/MobilePropertyViewFooter.tsx [Client Component Browser]
    ./src/components/Property/mobileView/MobileMapView.tsx [Client Component Browser]
    ./src/components/Property/mobileView/MobilePropertyView.tsx [Client Component Browser]
    ./src/app/(frontend)/(root)/properties/page.tsx [Client Component Browser]
    ./src/app/(frontend)/(root)/properties/page.tsx [Server Component]

  Client Component SSR:
    ./src/components/Property/mobileView/MobilePropertyViewFooter.tsx [Client Component SSR]
    ./src/components/Property/mobileView/MobileMapView.tsx [Client Component SSR]
    ./src/components/Property/mobileView/MobilePropertyView.tsx [Client Component SSR]
    ./src/app/(frontend)/(root)/properties/page.tsx [Client Component SSR]
    ./src/app/(frontend)/(root)/properties/page.tsx [Server Component]

https://nextjs.org/docs/messages/module-not-found


./src/components/Property/mobileView/MobileSideMenu.tsx:1:1
Module not found: Can't resolve 'lucide-react'
[31m[1m>[0m [90m1 |[0m [36mimport[0m { [33mX[0m } [36mfrom[0m [32m"lucide-react"[0m;
  [90m  |[0m [31m[1m^^^^^^^^^^^^^^^^^^^^^^^^^^^^^^^^^[0m
  [90m2 |[0m [36mimport[0m [33mClickAwayListener[0m [36mfrom[0m [32m"react-click-away-listener"[0m;
  [90m3 |[0m
  [90m4 |[0m [36mtype[0m [33mMobileSideMenuProps[0m = {



Import traces:
  Client Component Browser:
    ./src/components/Property/mobileView/MobileSideMenu.tsx [Client Component Browser]
    ./src/components/Property/mobileView/MobileMapView.tsx [Client Component Browser]
    ./src/components/Property/mobileView/MobilePropertyView.tsx [Client Component Browser]
    ./src/app/(frontend)/(root)/properties/page.tsx [Client Component Browser]
    ./src/app/(frontend)/(root)/properties/page.tsx [Server Component]

  Client Component SSR:
    ./src/components/Property/mobileView/MobileSideMenu.tsx [Client Component SSR]
    ./src/components/Property/mobileView/MobileMapView.tsx [Client Component SSR]
    ./src/components/Property/mobileView/MobilePropertyView.tsx [Client Component SSR]
    ./src/app/(frontend)/(root)/properties/page.tsx [Client Component SSR]
    ./src/app/(frontend)/(root)/properties/page.tsx [Server Component]

https://nextjs.org/docs/messages/module-not-found


./src/components/Property/mobileView/MobileViewFilters.tsx:15:1
Module not found: Can't resolve 'lucide-react'
  [90m13 |[0m } [36mfrom[0m [32m"@/types/property"[0m;
  [90m14 |[0m [36mimport[0m [33mIcons[0m [36mfrom[0m [32m"../PropertyFilters/Icons"[0m;
[31m[1m>[0m [90m15 |[0m [36mimport[0m { [33mX[0m } [36mfrom[0m [32m"lucide-react"[0m;
  [90m   |[0m [31m[1m^^^^^^^^^^^^^^^^^^^^^^^^^^^^^^^^^[0m
  [90m16 |[0m [36mimport[0m { [33mMobileViewState[0m } [36mfrom[0m [32m"./MobilePropertyView"[0m;
  [90m17 |[0m
  [90m18 |[0m [36mtype[0m [33mMobileViewFiltersProps[0m = {



Import traces:
  Client Component Browser:
    ./src/components/Property/mobileView/MobileViewFilters.tsx [Client Component Browser]
    ./src/components/Property/mobileView/MobilePropertyView.tsx [Client Component Browser]
    ./src/app/(frontend)/(root)/properties/page.tsx [Client Component Browser]
    ./src/app/(frontend)/(root)/properties/page.tsx [Server Component]

  Client Component SSR:
    ./src/components/Property/mobileView/MobileViewFilters.tsx [Client Component SSR]
    ./src/components/Property/mobileView/MobilePropertyView.tsx [Client Component SSR]
    ./src/app/(frontend)/(root)/properties/page.tsx [Client Component SSR]
    ./src/app/(frontend)/(root)/properties/page.tsx [Server Component]

https://nextjs.org/docs/messages/module-not-found


./src/components/PropertyPage/PropertyAmenities.tsx:4:1
Module not found: Can't resolve 'lucide-react'
  [90m 2 |[0m
  [90m 3 |[0m [36mimport[0m [33mReact[0m, { useState } [36mfrom[0m [32m"react"[0m;
[31m[1m>[0m [90m 4 |[0m [36mimport[0m {
  [90m   |[0m [31m[1m^^^^^^^[0m
[31m[1m>[0m [90m 5 |[0m   [33mWaves[0m,
  [90m   |[0m [31m[1m^^^^^^^^[0m
[31m[1m>[0m [90m 6 |[0m   [33mDumbbell[0m,
  [90m   |[0m [31m[1m^^^^^^^^^^^[0m
[31m[1m>[0m [90m 7 |[0m   [33mGamepad2[0m,
  [90m   |[0m [31m[1m^^^^^^^^^^^[0m
[31m[1m>[0m [90m 8 |[0m   [33mUsers[0m,
  [90m   |[0m [31m[1m^^^^^^^^[0m
[31m[1m>[0m [90m 9 |[0m   [33mZap[0m,
  [90m   |[0m [31m[1m^^^^^^[0m
[31m[1m>[0m [90m10 |[0m   [33mActivity[0m,
  [90m   |[0m [31m[1m^^^^^^^^^^^[0m
[31m[1m>[0m [90m11 |[0m   [33mBaby[0m,
  [90m   |[0m [31m[1m^^^^^^^[0m
[31m[1m>[0m [90m12 |[0m   [33mTrees[0m,
  [90m   |[0m [31m[1m^^^^^^^^[0m
[31m[1m>[0m [90m13 |[0m } [36mfrom[0m [32m"lucide-react"[0m;
  [90m   |[0m [31m[1m^^^^^^^^^^^^^^^^^^^^^^[0m
  [90m14 |[0m [36mimport[0m { [33mButton[0m } [36mfrom[0m [32m"../ui/button"[0m;
  [90m15 |[0m
  [90m16 |[0m [36minterface[0m [33mAmenity[0m {



Import traces:
  Client Component Browser:
    ./src/components/PropertyPage/PropertyAmenities.tsx [Client Component Browser]
    ./src/components/PropertyPage/index.ts [Client Component Browser]
    ./src/app/(frontend)/(root)/property/[id]/page.tsx [Client Component Browser]
    ./src/app/(frontend)/(root)/property/[id]/page.tsx [Server Component]

  Client Component SSR:
    ./src/components/PropertyPage/PropertyAmenities.tsx [Client Component SSR]
    ./src/components/PropertyPage/index.ts [Client Component SSR]
    ./src/app/(frontend)/(root)/property/[id]/page.tsx [Client Component SSR]
    ./src/app/(frontend)/(root)/property/[id]/page.tsx [Server Component]

https://nextjs.org/docs/messages/module-not-found


./src/components/PropertyPage/PropertyContactSection.tsx:9:1
Module not found: Can't resolve 'lucide-react'
  [90m 7 |[0m [36mimport[0m { cn } [36mfrom[0m [32m"@/lib/utils"[0m;
  [90m 8 |[0m [36mimport[0m { usePropertyActions } [36mfrom[0m [32m"@/hooks/usePropertyActions"[0m;
[31m[1m>[0m [90m 9 |[0m [36mimport[0m { [33mHeart[0m, [33mLoader2[0m } [36mfrom[0m [32m"lucide-react"[0m;
  [90m   |[0m [31m[1m^^^^^^^^^^^^^^^^^^^^^^^^^^^^^^^^^^^^^^^^^^^^^^[0m
  [90m10 |[0m [36mimport[0m [33mPhoneAuthModal[0m [36mfrom[0m [32m"@/components/auth/PhoneAuthModal"[0m; [90m// Ensure this import exists[0m
  [90m11 |[0m
  [90m12 |[0m [36minterface[0m [33mBuilder[0m {



Import traces:
  Client Component Browser:
    ./src/components/PropertyPage/PropertyContactSection.tsx [Client Component Browser]
    ./src/components/PropertyPage/index.ts [Client Component Browser]
    ./src/app/(frontend)/(root)/property/[id]/page.tsx [Client Component Browser]
    ./src/app/(frontend)/(root)/property/[id]/page.tsx [Server Component]

  Client Component SSR:
    ./src/components/PropertyPage/PropertyContactSection.tsx [Client Component SSR]
    ./src/components/PropertyPage/index.ts [Client Component SSR]
    ./src/app/(frontend)/(root)/property/[id]/page.tsx [Client Component SSR]
    ./src/app/(frontend)/(root)/property/[id]/page.tsx [Server Component]

https://nextjs.org/docs/messages/module-not-found


./src/components/PropertyPage/PropertyHeader.tsx:4:1
Module not found: Can't resolve 'lucide-react'
  [90m2 |[0m
  [90m3 |[0m [36mimport[0m [33mReact[0m, { useState } [36mfrom[0m [32m"react"[0m;
[31m[1m>[0m [90m4 |[0m [36mimport[0m { [33mHeart[0m, [33mLoader2[0m } [36mfrom[0m [32m"lucide-react"[0m;
  [90m  |[0m [31m[1m^^^^^^^^^^^^^^^^^^^^^^^^^^^^^^^^^^^^^^^^^^^^^^[0m
  [90m5 |[0m [36mimport[0m { formatIndianCurrency } [36mfrom[0m [32m"@/utils/format-indian-currency"[0m;
  [90m6 |[0m [36mimport[0m [33mImage[0m [36mfrom[0m [32m"next/image"[0m;
  [90m7 |[0m [36mimport[0m { cn } [36mfrom[0m [32m"@/lib/utils"[0m;



Import traces:
  Client Component Browser:
    ./src/components/PropertyPage/PropertyHeader.tsx [Client Component Browser]
    ./src/components/PropertyPage/index.ts [Client Component Browser]
    ./src/app/(frontend)/(root)/property/[id]/page.tsx [Client Component Browser]
    ./src/app/(frontend)/(root)/property/[id]/page.tsx [Server Component]

  Client Component SSR:
    ./src/components/PropertyPage/PropertyHeader.tsx [Client Component SSR]
    ./src/components/PropertyPage/index.ts [Client Component SSR]
    ./src/app/(frontend)/(root)/property/[id]/page.tsx [Client Component SSR]
    ./src/app/(frontend)/(root)/property/[id]/page.tsx [Server Component]

https://nextjs.org/docs/messages/module-not-found


./src/components/PropertyPage/PropertyImageGallery.tsx:5:1
Module not found: Can't resolve 'lucide-react'
  [90m3 |[0m [36mimport[0m [33mReact[0m, { useCallback } [36mfrom[0m [32m"react"[0m;
  [90m4 |[0m [36mimport[0m [33mImage[0m [36mfrom[0m [32m"next/image"[0m;
[31m[1m>[0m [90m5 |[0m [36mimport[0m { [33mPlay[0m } [36mfrom[0m [32m"lucide-react"[0m;
  [90m  |[0m [31m[1m^^^^^^^^^^^^^^^^^^^^^^^^^^^^^^^^^^^^[0m
  [90m6 |[0m [36mimport[0m { useRouter } [36mfrom[0m [32m"next/navigation"[0m;
  [90m7 |[0m
  [90m8 |[0m [36minterface[0m [33mPropertyImageGalleryProps[0m {



Import traces:
  Client Component Browser:
    ./src/components/PropertyPage/PropertyImageGallery.tsx [Client Component Browser]
    ./src/components/PropertyPage/index.ts [Client Component Browser]
    ./src/app/(frontend)/(root)/property/[id]/page.tsx [Client Component Browser]
    ./src/app/(frontend)/(root)/property/[id]/page.tsx [Server Component]

  Client Component SSR:
    ./src/components/PropertyPage/PropertyImageGallery.tsx [Client Component SSR]
    ./src/components/PropertyPage/index.ts [Client Component SSR]
    ./src/app/(frontend)/(root)/property/[id]/page.tsx [Client Component SSR]
    ./src/app/(frontend)/(root)/property/[id]/page.tsx [Server Component]

https://nextjs.org/docs/messages/module-not-found


./src/components/PropertyPage/PropertyInfo.tsx:4:1
Module not found: Can't resolve 'lucide-react'
  [90m2 |[0m
  [90m3 |[0m [36mimport[0m [33mReact[0m [36mfrom[0m [32m"react"[0m;
[31m[1m>[0m [90m4 |[0m [36mimport[0m { [33mInfo[0m } [36mfrom[0m [32m"lucide-react"[0m;
  [90m  |[0m [31m[1m^^^^^^^^^^^^^^^^^^^^^^^^^^^^^^^^^^^^[0m
  [90m5 |[0m
  [90m6 |[0m [36minterface[0m [33mPropertyInfoProps[0m {
  [90m7 |[0m   areaInSqft: number | string;



Import traces:
  Client Component Browser:
    ./src/components/PropertyPage/PropertyInfo.tsx [Client Component Browser]
    ./src/components/PropertyPage/index.ts [Client Component Browser]
    ./src/app/(frontend)/(root)/property/[id]/page.tsx [Client Component Browser]
    ./src/app/(frontend)/(root)/property/[id]/page.tsx [Server Component]

  Client Component SSR:
    ./src/components/PropertyPage/PropertyInfo.tsx [Client Component SSR]
    ./src/components/PropertyPage/index.ts [Client Component SSR]
    ./src/app/(frontend)/(root)/property/[id]/page.tsx [Client Component SSR]
    ./src/app/(frontend)/(root)/property/[id]/page.tsx [Server Component]

https://nextjs.org/docs/messages/module-not-found


./src/components/Search/PropertyTypeCard.tsx:3:1
Module not found: Can't resolve 'lucide-react'
  [90m1 |[0m [36mimport[0m [33mReact[0m [36mfrom[0m [32m"react"[0m;
  [90m2 |[0m [36mimport[0m { motion } [36mfrom[0m [32m"framer-motion"[0m;
[31m[1m>[0m [90m3 |[0m [36mimport[0m { [33mSearch[0m } [36mfrom[0m [32m"lucide-react"[0m;
  [90m  |[0m [31m[1m^^^^^^^^^^^^^^^^^^^^^^^^^^^^^^^^^^^^^^[0m
  [90m4 |[0m [36mimport[0m { cn } [36mfrom[0m [32m"@/lib/utils"[0m;
  [90m5 |[0m [36mimport[0m { [33mPropertyType[0m } [36mfrom[0m [32m"@/types/property"[0m;
  [90m6 |[0m



Import traces:
  Client Component Browser:
    ./src/components/Search/PropertyTypeCard.tsx [Client Component Browser]
    ./src/components/SearchFilter.tsx [Client Component Browser]
    ./src/components/BuyersGuide/LargestReturn.tsx [Client Component Browser]
    ./src/app/(frontend)/(root)/buyers-guide/page.tsx [Client Component Browser]
    ./src/app/(frontend)/(root)/buyers-guide/page.tsx [Server Component]

  Client Component SSR:
    ./src/components/Search/PropertyTypeCard.tsx [Client Component SSR]
    ./src/components/SearchFilter.tsx [Client Component SSR]
    ./src/components/BuyersGuide/LargestReturn.tsx [Client Component SSR]
    ./src/app/(frontend)/(root)/buyers-guide/page.tsx [Client Component SSR]
    ./src/app/(frontend)/(root)/buyers-guide/page.tsx [Server Component]

https://nextjs.org/docs/messages/module-not-found


./src/components/SearchFilter.tsx:5:1
Module not found: Can't resolve 'lucide-react'
  [90m 3 |[0m [36mimport[0m { [33mCard[0m } [36mfrom[0m [32m"@/components/ui/card"[0m;
  [90m 4 |[0m [36mimport[0m { [33mSlider[0m } [36mfrom[0m [32m"@/components/ui/slider"[0m;
[31m[1m>[0m [90m 5 |[0m [36mimport[0m {
  [90m   |[0m [31m[1m^^^^^^^[0m
[31m[1m>[0m [90m 6 |[0m   [33mBuilding[0m,
  [90m   |[0m [31m[1m^^^^^^^^^^^[0m
[31m[1m>[0m [90m 7 |[0m   [33mSearch[0m [36mas[0m [33mSearchIcon[0m,
  [90m   |[0m [31m[1m^^^^^^^^^^^^^^^^^^^^^^^[0m
[31m[1m>[0m [90m 8 |[0m   [33mMapPin[0m,
  [90m   |[0m [31m[1m^^^^^^^^^[0m
[31m[1m>[0m [90m 9 |[0m   [33mChevronDown[0m,
  [90m   |[0m [31m[1m^^^^^^^^^^^^^^[0m
[31m[1m>[0m [90m10 |[0m   [33mLocateFixed[0m,
  [90m   |[0m [31m[1m^^^^^^^^^^^^^^[0m
[31m[1m>[0m [90m11 |[0m } [36mfrom[0m [32m"lucide-react"[0m;
  [90m   |[0m [31m[1m^^^^^^^^^^^^^^^^^^^^^^[0m
  [90m12 |[0m [36mimport[0m { propertySegments } [36mfrom[0m [32m"@/constants/property-constant"[0m;
  [90m13 |[0m [36mimport[0m { [33mPropertyTypeIcons[0m } [36mfrom[0m [32m"@/constants/search-constants"[0m;
  [90m14 |[0m [36mimport[0m { [33mSegmentButton[0m } [36mfrom[0m [32m"@/components/Search/SegmentButton"[0m;



Import traces:
  Client Component Browser:
    ./src/components/SearchFilter.tsx [Client Component Browser]
    ./src/components/BuyersGuide/LargestReturn.tsx [Client Component Browser]
    ./src/app/(frontend)/(root)/buyers-guide/page.tsx [Client Component Browser]
    ./src/app/(frontend)/(root)/buyers-guide/page.tsx [Server Component]

  Client Component SSR:
    ./src/components/SearchFilter.tsx [Client Component SSR]
    ./src/components/BuyersGuide/LargestReturn.tsx [Client Component SSR]
    ./src/app/(frontend)/(root)/buyers-guide/page.tsx [Client Component SSR]
    ./src/app/(frontend)/(root)/buyers-guide/page.tsx [Server Component]

https://nextjs.org/docs/messages/module-not-found


./src/components/SmartTools/BeyondSearchBar.tsx:4:1
Module not found: Can't resolve 'lucide-react'
  [90m2 |[0m
  [90m3 |[0m [36mimport[0m [33mImage[0m [36mfrom[0m [32m"next/image"[0m;
[31m[1m>[0m [90m4 |[0m [36mimport[0m { [33mCheck[0m } [36mfrom[0m [32m"lucide-react"[0m;
  [90m  |[0m [31m[1m^^^^^^^^^^^^^^^^^^^^^^^^^^^^^^^^^^^^^[0m
  [90m5 |[0m [36mimport[0m { motion } [36mfrom[0m [32m"framer-motion"[0m;
  [90m6 |[0m
  [90m7 |[0m [36mconst[0m [33mBeyondSearchBarSection[0m = () => {



Import traces:
  Client Component Browser:
    ./src/components/SmartTools/BeyondSearchBar.tsx [Client Component Browser]
    ./src/app/(frontend)/(root)/tools/page.tsx [Client Component Browser]
    ./src/app/(frontend)/(root)/tools/page.tsx [Server Component]

  Client Component SSR:
    ./src/components/SmartTools/BeyondSearchBar.tsx [Client Component SSR]
    ./src/app/(frontend)/(root)/tools/page.tsx [Client Component SSR]
    ./src/app/(frontend)/(root)/tools/page.tsx [Server Component]

https://nextjs.org/docs/messages/module-not-found


./src/components/WhyUs/CommitmentSection.tsx:2:1
Module not found: Can't resolve 'lucide-react'
  [90m1 |[0m [36mimport[0m [33mImage[0m [36mfrom[0m [32m"next/image"[0m;
[31m[1m>[0m [90m2 |[0m [36mimport[0m { [33mPhone[0m, [33mVideo[0m } [36mfrom[0m [32m"lucide-react"[0m;
  [90m  |[0m [31m[1m^^^^^^^^^^^^^^^^^^^^^^^^^^^^^^^^^^^^^^^^^^^^[0m
  [90m3 |[0m [36mimport[0m { motion } [36mfrom[0m [32m"framer-motion"[0m;
  [90m4 |[0m
  [90m5 |[0m [36mexport[0m [36mdefault[0m [36mfunction[0m [33mCommitmentSection[0m() {



Import traces:
  Client Component Browser:
    ./src/components/WhyUs/CommitmentSection.tsx [Client Component Browser]
    ./src/app/(frontend)/(root)/why-us/page.tsx [Client Component Browser]
    ./src/app/(frontend)/(root)/why-us/page.tsx [Server Component]

  Client Component SSR:
    ./src/components/WhyUs/CommitmentSection.tsx [Client Component SSR]
    ./src/app/(frontend)/(root)/why-us/page.tsx [Client Component SSR]
    ./src/app/(frontend)/(root)/why-us/page.tsx [Server Component]

https://nextjs.org/docs/messages/module-not-found


./src/components/WhyUs/ExploreSection.tsx:4:1
Module not found: Can't resolve 'lucide-react'
  [90m2 |[0m
  [90m3 |[0m [36mimport[0m [33mImage[0m [36mfrom[0m [32m"next/image"[0m;
[31m[1m>[0m [90m4 |[0m [36mimport[0m { [33mCheck[0m } [36mfrom[0m [32m"lucide-react"[0m;
  [90m  |[0m [31m[1m^^^^^^^^^^^^^^^^^^^^^^^^^^^^^^^^^^^^^[0m
  [90m5 |[0m [36mimport[0m { motion } [36mfrom[0m [32m"framer-motion"[0m;
  [90m6 |[0m
  [90m7 |[0m [36mconst[0m [33mExploreSection[0m = () => {



Import traces:
  Client Component Browser:
    ./src/components/WhyUs/ExploreSection.tsx [Client Component Browser]
    ./src/app/(frontend)/(root)/why-us/page.tsx [Client Component Browser]
    ./src/app/(frontend)/(root)/why-us/page.tsx [Server Component]

  Client Component SSR:
    ./src/components/WhyUs/ExploreSection.tsx [Client Component SSR]
    ./src/app/(frontend)/(root)/why-us/page.tsx [Client Component SSR]
    ./src/app/(frontend)/(root)/why-us/page.tsx [Server Component]

https://nextjs.org/docs/messages/module-not-found


./src/components/WhyUs/FavouritesSection.tsx:3:1
Module not found: Can't resolve 'lucide-react'
  [90m1 |[0m [36mimport[0m [33mReact[0m [36mfrom[0m [32m"react"[0m;
  [90m2 |[0m [36mimport[0m [33mImage[0m [36mfrom[0m [32m"next/image"[0m;
[31m[1m>[0m [90m3 |[0m [36mimport[0m { [33mHeart[0m, [33mThumbsUp[0m } [36mfrom[0m [32m"lucide-react"[0m;
  [90m  |[0m [31m[1m^^^^^^^^^^^^^^^^^^^^^^^^^^^^^^^^^^^^^^^^^^^^^^^[0m
  [90m4 |[0m [36mimport[0m { motion } [36mfrom[0m [32m"framer-motion"[0m;
  [90m5 |[0m
  [90m6 |[0m [36mconst[0m floatingHeart = {



Import traces:
  Client Component Browser:
    ./src/components/WhyUs/FavouritesSection.tsx [Client Component Browser]
    ./src/app/(frontend)/(root)/why-us/page.tsx [Client Component Browser]
    ./src/app/(frontend)/(root)/why-us/page.tsx [Server Component]

  Client Component SSR:
    ./src/components/WhyUs/FavouritesSection.tsx [Client Component SSR]
    ./src/app/(frontend)/(root)/why-us/page.tsx [Client Component SSR]
    ./src/app/(frontend)/(root)/why-us/page.tsx [Server Component]

https://nextjs.org/docs/messages/module-not-found


./src/components/WhyUs/PropertyEligibility.tsx:4:1
Module not found: Can't resolve 'lucide-react'
  [90m2 |[0m
  [90m3 |[0m [36mimport[0m [33mImage[0m [36mfrom[0m [32m"next/image"[0m;
[31m[1m>[0m [90m4 |[0m [36mimport[0m { [33mSearch[0m } [36mfrom[0m [32m"lucide-react"[0m;
  [90m  |[0m [31m[1m^^^^^^^^^^^^^^^^^^^^^^^^^^^^^^^^^^^^^^[0m
  [90m5 |[0m [36mimport[0m { motion } [36mfrom[0m [32m"framer-motion"[0m;
  [90m6 |[0m
  [90m7 |[0m [36mexport[0m [36mdefault[0m [36mfunction[0m [33mPropertyEligibilitySection[0m() {



Import traces:
  Client Component Browser:
    ./src/components/WhyUs/PropertyEligibility.tsx [Client Component Browser]
    ./src/app/(frontend)/(root)/why-us/page.tsx [Client Component Browser]
    ./src/app/(frontend)/(root)/why-us/page.tsx [Server Component]

  Client Component SSR:
    ./src/components/WhyUs/PropertyEligibility.tsx [Client Component SSR]
    ./src/app/(frontend)/(root)/why-us/page.tsx [Client Component SSR]
    ./src/app/(frontend)/(root)/why-us/page.tsx [Server Component]

https://nextjs.org/docs/messages/module-not-found


./src/components/WhyUs/PropertyVisitSection.tsx:4:1
Module not found: Can't resolve 'lucide-react'
  [90m2 |[0m [36mimport[0m [33mImage[0m [36mfrom[0m [32m"next/image"[0m;
  [90m3 |[0m [36mimport[0m { motion } [36mfrom[0m [32m"framer-motion"[0m;
[31m[1m>[0m [90m4 |[0m [36mimport[0m { [33mCalendarDays[0m } [36mfrom[0m [32m"lucide-react"[0m;
  [90m  |[0m [31m[1m^^^^^^^^^^^^^^^^^^^^^^^^^^^^^^^^^^^^^^^^^^^^[0m
  [90m5 |[0m
  [90m6 |[0m [36mconst[0m [33mPropertyVisitSection[0m = () => {
  [90m7 |[0m   [36mreturn[0m (



Import traces:
  Client Component Browser:
    ./src/components/WhyUs/PropertyVisitSection.tsx [Client Component Browser]
    ./src/app/(frontend)/(root)/why-us/page.tsx [Client Component Browser]
    ./src/app/(frontend)/(root)/why-us/page.tsx [Server Component]

  Client Component SSR:
    ./src/components/WhyUs/PropertyVisitSection.tsx [Client Component SSR]
    ./src/app/(frontend)/(root)/why-us/page.tsx [Client Component SSR]
    ./src/app/(frontend)/(root)/why-us/page.tsx [Server Component]

https://nextjs.org/docs/messages/module-not-found


./src/components/auth/ModalContent.tsx:8:1
Module not found: Can't resolve 'lucide-react'
  [90m 6 |[0m [36mimport[0m { [33mFormField[0m } [36mfrom[0m [32m"@/components/Form/FormField"[0m;
  [90m 7 |[0m [36mimport[0m { [33mFormSelect[0m } [36mfrom[0m [32m"@/components/Form/FormSelect"[0m;
[31m[1m>[0m [90m 8 |[0m [36mimport[0m { [33mCheck[0m } [36mfrom[0m [32m"lucide-react"[0m;
  [90m   |[0m [31m[1m^^^^^^^^^^^^^^^^^^^^^^^^^^^^^^^^^^^^^[0m
  [90m 9 |[0m [36mimport[0m { [33mProfileFormData[0m } [36mfrom[0m [32m"@/hooks/useProfileForm"[0m;
  [90m10 |[0m
  [90m11 |[0m [36mconst[0m benefits = [



Import traces:
  Client Component Browser:
    ./src/components/auth/ModalContent.tsx [Client Component Browser]
    ./src/components/auth/RequirementModal.tsx [Client Component Browser]
    ./src/components/auth/PhoneAuthModal.tsx [Client Component Browser]
    ./src/components/PropertyPage/PropertyContactSection.tsx [Client Component Browser]
    ./src/components/PropertyPage/index.ts [Client Component Browser]
    ./src/app/(frontend)/(root)/property/[id]/page.tsx [Client Component Browser]
    ./src/app/(frontend)/(root)/property/[id]/page.tsx [Server Component]

  Client Component SSR:
    ./src/components/auth/ModalContent.tsx [Client Component SSR]
    ./src/components/auth/RequirementModal.tsx [Client Component SSR]
    ./src/components/auth/PhoneAuthModal.tsx [Client Component SSR]
    ./src/components/PropertyPage/PropertyContactSection.tsx [Client Component SSR]
    ./src/components/PropertyPage/index.ts [Client Component SSR]
    ./src/app/(frontend)/(root)/property/[id]/page.tsx [Client Component SSR]
    ./src/app/(frontend)/(root)/property/[id]/page.tsx [Server Component]

https://nextjs.org/docs/messages/module-not-found


./src/components/error/ErrorPage.tsx:3:1
Module not found: Can't resolve 'lucide-react'
  [90m1 |[0m [36mimport[0m { [33mButton[0m } [36mfrom[0m [32m"@/components/ui/button"[0m;
  [90m2 |[0m [36mimport[0m { useRouter } [36mfrom[0m [32m"next/navigation"[0m;
[31m[1m>[0m [90m3 |[0m [36mimport[0m { [33mAlertTriangle[0m } [36mfrom[0m [32m"lucide-react"[0m;
  [90m  |[0m [31m[1m^^^^^^^^^^^^^^^^^^^^^^^^^^^^^^^^^^^^^^^^^^^^^[0m
  [90m4 |[0m [36mimport[0m { [33mPROPERTY_COLORS[0m } [36mfrom[0m [32m"@/constants/property-ui-constants"[0m;
  [90m5 |[0m
  [90m6 |[0m [36minterface[0m [33mErrorPageProps[0m {



Import traces:
  Client Component Browser:
    ./src/components/error/ErrorPage.tsx [Client Component Browser]
    ./src/components/error/ErrorBoundary.tsx [Client Component Browser]
    ./src/components/error/ErrorBoundary.tsx [Server Component]
    ./src/app/(frontend)/(root)/layout.tsx [Server Component]

  Client Component SSR:
    ./src/components/error/ErrorPage.tsx [Client Component SSR]
    ./src/components/error/ErrorBoundary.tsx [Client Component SSR]
    ./src/components/error/ErrorBoundary.tsx [Server Component]
    ./src/app/(frontend)/(root)/layout.tsx [Server Component]

https://nextjs.org/docs/messages/module-not-found


./src/components/sections/BlogsPreviewSection.tsx:7:1
Module not found: Can't resolve 'lucide-react'
  [90m 5 |[0m [36mimport[0m [33mLink[0m [36mfrom[0m [32m"next/link"[0m;
  [90m 6 |[0m [36mimport[0m { motion } [36mfrom[0m [32m"framer-motion"[0m;
[31m[1m>[0m [90m 7 |[0m [36mimport[0m { [33mArrowRight[0m } [36mfrom[0m [32m"lucide-react"[0m;
  [90m   |[0m [31m[1m^^^^^^^^^^^^^^^^^^^^^^^^^^^^^^^^^^^^^^^^^^[0m
  [90m 8 |[0m [36mimport[0m { [33mBlogsResponse[0m, [33mBlog[0m } [36mfrom[0m [32m"@/lib/types/blog"[0m;
  [90m 9 |[0m
  [90m10 |[0m [36minterface[0m [33mBlogsPreviewSectionProps[0m {



Import traces:
  Client Component Browser:
    ./src/components/sections/BlogsPreviewSection.tsx [Client Component Browser]
    ./src/components/Blogs/BlogsPageContent.tsx [Client Component Browser]
    ./src/components/Blogs/BlogsPageContent.tsx [Server Component]
    ./src/app/(frontend)/(root)/blogs/page.tsx [Server Component]

  Client Component SSR:
    ./src/components/sections/BlogsPreviewSection.tsx [Client Component SSR]
    ./src/components/Blogs/BlogsPageContent.tsx [Client Component SSR]
    ./src/components/Blogs/BlogsPageContent.tsx [Server Component]
    ./src/app/(frontend)/(root)/blogs/page.tsx [Server Component]

https://nextjs.org/docs/messages/module-not-found


./src/components/sections/FaqsSection.tsx:3:1
Module not found: Can't resolve 'lucide-react'
  [90m1 |[0m [32m"use client"[0m;
  [90m2 |[0m
[31m[1m>[0m [90m3 |[0m [36mimport[0m { [33mChevronDown[0m } [36mfrom[0m [32m"lucide-react"[0m;
  [90m  |[0m [31m[1m^^^^^^^^^^^^^^^^^^^^^^^^^^^^^^^^^^^^^^^^^^^[0m
  [90m4 |[0m [36mimport[0m [33mReact[0m, { useState, useMemo } [36mfrom[0m [32m"react"[0m;
  [90m5 |[0m [36mimport[0m { motion, [33mAnimatePresence[0m } [36mfrom[0m [32m"framer-motion"[0m;
  [90m6 |[0m



Import traces:
  Client Component Browser:
    ./src/components/sections/FaqsSection.tsx [Client Component Browser]
    ./src/app/(frontend)/(root)/tools/page.tsx [Client Component Browser]
    ./src/app/(frontend)/(root)/tools/page.tsx [Server Component]

  Client Component SSR:
    ./src/components/sections/FaqsSection.tsx [Client Component SSR]
    ./src/app/(frontend)/(root)/tools/page.tsx [Client Component SSR]
    ./src/app/(frontend)/(root)/tools/page.tsx [Server Component]

https://nextjs.org/docs/messages/module-not-found


./src/components/shared/ScheduleCallDialog.tsx:12:1
Module not found: Can't resolve 'lucide-react'
  [90m10 |[0m } [36mfrom[0m [32m"@/components/ui/dialog"[0m;
  [90m11 |[0m [36mimport[0m { format, addDays, isSameDay } [36mfrom[0m [32m"date-fns"[0m;
[31m[1m>[0m [90m12 |[0m [36mimport[0m { [33mCalendarDays[0m [36mas[0m [33mCalendarIcon[0m, [33mChevronLeft[0m, [33mChevronRight[0m } [36mfrom[0m [32m"lucide-react"[0m;
  [90m   |[0m [31m[1m^^^^^^^^^^^^^^^^^^^^^^^^^^^^^^^^^^^^^^^^^^^^^^^^^^^^^^^^^^^^^^^^^^^^^^^^^^^^^^^^^^^^^^^[0m
  [90m13 |[0m [36mimport[0m { useToast } [36mfrom[0m [32m"@/hooks/use-toast"[0m;
  [90m14 |[0m [36mimport[0m { [33mButton[0m } [36mfrom[0m [32m"../ui/button"[0m;
  [90m15 |[0m [36mimport[0m [33mCalendar[0m [36mfrom[0m [32m"react-calendar"[0m;



Import traces:
  Client Component Browser:
    ./src/components/shared/ScheduleCallDialog.tsx [Client Component Browser]
    ./src/components/Property/PropertyCard/BuilderInfo.tsx [Client Component Browser]
    ./src/components/Property/PropertyCard/PropertyCard.tsx [Client Component Browser]
    ./src/components/Profile/WishlistSection.tsx [Client Component Browser]
    ./src/app/(frontend)/(root)/profile/page.tsx [Client Component Browser]
    ./src/app/(frontend)/(root)/profile/page.tsx [Server Component]

  Client Component SSR:
    ./src/components/shared/ScheduleCallDialog.tsx [Client Component SSR]
    ./src/components/Property/PropertyCard/BuilderInfo.tsx [Client Component SSR]
    ./src/components/Property/PropertyCard/PropertyCard.tsx [Client Component SSR]
    ./src/components/Profile/WishlistSection.tsx [Client Component SSR]
    ./src/app/(frontend)/(root)/profile/page.tsx [Client Component SSR]
    ./src/app/(frontend)/(root)/profile/page.tsx [Server Component]

https://nextjs.org/docs/messages/module-not-found


./src/components/shared/SharePropertyDialog.tsx:6:1
Module not found: Can't resolve 'lucide-react'
  [90m4 |[0m [36mimport[0m { [33mDialog[0m, [33mDialogContent[0m, [33mDialogTrigger[0m, [33mDialogTitle[0m, [33mDialogDescription[0m } [36mfrom[0m [32m"@/com...[0m
  [90m5 |[0m [36mimport[0m { [33mButton[0m } [36mfrom[0m [32m"@/components/ui/button"[0m;
[31m[1m>[0m [90m6 |[0m [36mimport[0m { [33mCheck[0m, [33mLink2[0m } [36mfrom[0m [32m"lucide-react"[0m;
  [90m  |[0m [31m[1m^^^^^^^^^^^^^^^^^^^^^^^^^^^^^^^^^^^^^^^^^^^^[0m
  [90m7 |[0m [36mimport[0m { cn } [36mfrom[0m [32m"@/lib/utils"[0m;
  [90m8 |[0m [36mimport[0m { toast } [36mfrom[0m [32m"@/hooks/use-toast"[0m;
  [90m9 |[0m [36mimport[0m { shareOptions, [33mShareOption[0m } [36mfrom[0m [32m"@/config/shareOptions"[0m;



Import traces:
  Client Component Browser:
    ./src/components/shared/SharePropertyDialog.tsx [Client Component Browser]
    ./src/components/Property/PropertyCard/PropertyImageActions.tsx [Client Component Browser]
    ./src/components/Property/PropertyCard/PropertyImageContainer.tsx [Client Component Browser]
    ./src/components/Property/PropertyCard/PropertyCard.tsx [Client Component Browser]
    ./src/components/Profile/WishlistSection.tsx [Client Component Browser]
    ./src/app/(frontend)/(root)/profile/page.tsx [Client Component Browser]
    ./src/app/(frontend)/(root)/profile/page.tsx [Server Component]

  Client Component SSR:
    ./src/components/shared/SharePropertyDialog.tsx [Client Component SSR]
    ./src/components/Property/PropertyCard/PropertyImageActions.tsx [Client Component SSR]
    ./src/components/Property/PropertyCard/PropertyImageContainer.tsx [Client Component SSR]
    ./src/components/Property/PropertyCard/PropertyCard.tsx [Client Component SSR]
    ./src/components/Profile/WishlistSection.tsx [Client Component SSR]
    ./src/app/(frontend)/(root)/profile/page.tsx [Client Component SSR]
    ./src/app/(frontend)/(root)/profile/page.tsx [Server Component]

https://nextjs.org/docs/messages/module-not-found


./src/components/ui/carousel.tsx:7:1
Module not found: Can't resolve 'lucide-react'
  [90m 5 |[0m   [36mtype[0m [33mUseEmblaCarouselType[0m,
  [90m 6 |[0m } [36mfrom[0m [32m"embla-carousel-react"[0m;
[31m[1m>[0m [90m 7 |[0m [36mimport[0m { [33mArrowLeft[0m, [33mArrowRight[0m } [36mfrom[0m [32m"lucide-react"[0m;
  [90m   |[0m [31m[1m^^^^^^^^^^^^^^^^^^^^^^^^^^^^^^^^^^^^^^^^^^^^^^^^^^^^^[0m
  [90m 8 |[0m
  [90m 9 |[0m [36mimport[0m { cn } [36mfrom[0m [32m"@/lib/utils"[0m;
  [90m10 |[0m [36mimport[0m { [33mButton[0m } [36mfrom[0m [32m"@/components/ui/button"[0m;



Import traces:
  Client Component Browser:
    ./src/components/ui/carousel.tsx [Client Component Browser]
    ./src/components/Property/PropertyCard/PropertyImageContainer.tsx [Client Component Browser]
    ./src/components/Property/PropertyCard/PropertyCard.tsx [Client Component Browser]
    ./src/components/Profile/WishlistSection.tsx [Client Component Browser]
    ./src/app/(frontend)/(root)/profile/page.tsx [Client Component Browser]
    ./src/app/(frontend)/(root)/profile/page.tsx [Server Component]

  Client Component SSR:
    ./src/components/ui/carousel.tsx [Client Component SSR]
    ./src/components/Property/PropertyCard/PropertyImageContainer.tsx [Client Component SSR]
    ./src/components/Property/PropertyCard/PropertyCard.tsx [Client Component SSR]
    ./src/components/Profile/WishlistSection.tsx [Client Component SSR]
    ./src/app/(frontend)/(root)/profile/page.tsx [Client Component SSR]
    ./src/app/(frontend)/(root)/profile/page.tsx [Server Component]

https://nextjs.org/docs/messages/module-not-found


./src/components/ui/dialog.tsx:5:1
Module not found: Can't resolve 'lucide-react'
  [90m3 |[0m [36mimport[0m * [36mas[0m [33mReact[0m [36mfrom[0m [32m"react"[0m;
  [90m4 |[0m [36mimport[0m * [36mas[0m [33mDialogPrimitive[0m [36mfrom[0m [32m"@radix-ui/react-dialog"[0m;
[31m[1m>[0m [90m5 |[0m [36mimport[0m { [33mX[0m } [36mfrom[0m [32m"lucide-react"[0m;
  [90m  |[0m [31m[1m^^^^^^^^^^^^^^^^^^^^^^^^^^^^^^^^^[0m
  [90m6 |[0m
  [90m7 |[0m [36mimport[0m { cn } [36mfrom[0m [32m"@/lib/utils"[0m;
  [90m8 |[0m



Import traces:
  Client Component Browser:
    ./src/components/ui/dialog.tsx [Client Component Browser]
    ./src/components/Property/LocationPicker/LocationPickerModal.tsx [Client Component Browser]
    ./src/components/Loaning/BuyabilityCalculator.tsx [Client Component Browser]
    ./src/app/(frontend)/(root)/loaning/page.tsx [Client Component Browser]
    ./src/app/(frontend)/(root)/loaning/page.tsx [Server Component]

  Client Component SSR:
    ./src/components/ui/dialog.tsx [Client Component SSR]
    ./src/components/Property/LocationPicker/LocationPickerModal.tsx [Client Component SSR]
    ./src/components/Loaning/BuyabilityCalculator.tsx [Client Component SSR]
    ./src/app/(frontend)/(root)/loaning/page.tsx [Client Component SSR]
    ./src/app/(frontend)/(root)/loaning/page.tsx [Server Component]

https://nextjs.org/docs/messages/module-not-found


./src/components/ui/dropdown-menu.tsx:5:1
Module not found: Can't resolve 'lucide-react'
  [90m3 |[0m [36mimport[0m * [36mas[0m [33mReact[0m [36mfrom[0m [32m"react"[0m
  [90m4 |[0m [36mimport[0m * [36mas[0m [33mDropdownMenuPrimitive[0m [36mfrom[0m [32m"@radix-ui/react-dropdown-menu"[0m
[31m[1m>[0m [90m5 |[0m [36mimport[0m { [33mCheck[0m, [33mChevronRight[0m, [33mCircle[0m } [36mfrom[0m [32m"lucide-react"[0m
  [90m  |[0m [31m[1m^^^^^^^^^^^^^^^^^^^^^^^^^^^^^^^^^^^^^^^^^^^^^^^^^^^^^^^^^^[0m
  [90m6 |[0m
  [90m7 |[0m [36mimport[0m { cn } [36mfrom[0m [32m"@/lib/utils"[0m
  [90m8 |[0m



Import traces:
  Client Component Browser:
    ./src/components/ui/dropdown-menu.tsx [Client Component Browser]
    ./src/components/Navbar.tsx [Client Component Browser]
    ./src/components/Navbar.tsx [Server Component]
    ./src/app/(frontend)/(root)/layout.tsx [Server Component]

  Client Component SSR:
    ./src/components/ui/dropdown-menu.tsx [Client Component SSR]
    ./src/components/Navbar.tsx [Client Component SSR]
    ./src/components/Navbar.tsx [Server Component]
    ./src/app/(frontend)/(root)/layout.tsx [Server Component]

https://nextjs.org/docs/messages/module-not-found


./src/components/ui/sheet.tsx:6:1
Module not found: Can't resolve 'lucide-react'
  [90m4 |[0m [36mimport[0m * [36mas[0m [33mSheetPrimitive[0m [36mfrom[0m [32m"@radix-ui/react-dialog"[0m
  [90m5 |[0m [36mimport[0m { cva, [36mtype[0m [33mVariantProps[0m } [36mfrom[0m [32m"class-variance-authority"[0m
[31m[1m>[0m [90m6 |[0m [36mimport[0m { [33mX[0m } [36mfrom[0m [32m"lucide-react"[0m
  [90m  |[0m [31m[1m^^^^^^^^^^^^^^^^^^^^^^^^^^^^^^^^[0m
  [90m7 |[0m
  [90m8 |[0m [36mimport[0m { cn } [36mfrom[0m [32m"@/lib/utils"[0m
  [90m9 |[0m



Import traces:
  Client Component Browser:
    ./src/components/ui/sheet.tsx [Client Component Browser]
    ./src/components/auth/PhoneAuthModal.tsx [Client Component Browser]
    ./src/components/Loaning/BuyabilityCalculator.tsx [Client Component Browser]
    ./src/app/(frontend)/(root)/tools/page.tsx [Client Component Browser]
    ./src/app/(frontend)/(root)/tools/page.tsx [Server Component]

  Client Component SSR:
    ./src/components/ui/sheet.tsx [Client Component SSR]
    ./src/components/auth/PhoneAuthModal.tsx [Client Component SSR]
    ./src/components/Loaning/BuyabilityCalculator.tsx [Client Component SSR]
    ./src/app/(frontend)/(root)/tools/page.tsx [Client Component SSR]
    ./src/app/(frontend)/(root)/tools/page.tsx [Server Component]

https://nextjs.org/docs/messages/module-not-found


./src/components/ui/toast.tsx:6:1
Module not found: Can't resolve 'lucide-react'
  [90m4 |[0m [36mimport[0m * [36mas[0m [33mToastPrimitives[0m [36mfrom[0m [32m"@radix-ui/react-toast"[0m
  [90m5 |[0m [36mimport[0m { cva, [36mtype[0m [33mVariantProps[0m } [36mfrom[0m [32m"class-variance-authority"[0m
[31m[1m>[0m [90m6 |[0m [36mimport[0m { [33mX[0m } [36mfrom[0m [32m"lucide-react"[0m
  [90m  |[0m [31m[1m^^^^^^^^^^^^^^^^^^^^^^^^^^^^^^^^[0m
  [90m7 |[0m
  [90m8 |[0m [36mimport[0m { cn } [36mfrom[0m [32m"@/lib/utils"[0m
  [90m9 |[0m



Import traces:
  Client Component Browser:
    ./src/components/ui/toast.tsx [Client Component Browser]
    ./src/components/ui/toaster.tsx [Client Component Browser]
    ./src/components/ui/toaster.tsx [Server Component]
    ./src/app/(frontend)/layout.tsx [Server Component]

  Client Component SSR:
    ./src/components/ui/toast.tsx [Client Component SSR]
    ./src/components/ui/toaster.tsx [Client Component SSR]
    ./src/components/ui/toaster.tsx [Server Component]
    ./src/app/(frontend)/layout.tsx [Server Component]

https://nextjs.org/docs/messages/module-not-found


./src/constants/search-constants.ts:1:1
Module not found: Can't resolve 'lucide-react'
[31m[1m>[0m [90m 1 |[0m [36mimport[0m {
  [90m   |[0m [31m[1m^^^^^^^[0m
[31m[1m>[0m [90m 2 |[0m   [33mHome[0m,
  [90m   |[0m [31m[1m^^^^^^^[0m
[31m[1m>[0m [90m 3 |[0m   [33mBuilding[0m,
  [90m   |[0m [31m[1m^^^^^^^^^^^[0m
[31m[1m>[0m [90m 4 |[0m   [33mMapPin[0m,
  [90m   |[0m [31m[1m^^^^^^^^^[0m
[31m[1m>[0m [90m 5 |[0m   [33mBuilding2[0m,
  [90m   |[0m [31m[1m^^^^^^^^^^^^[0m
[31m[1m>[0m [90m 6 |[0m   [33mCrown[0m,
  [90m   |[0m [31m[1m^^^^^^^^[0m
[31m[1m>[0m [90m 7 |[0m   [33mStore[0m,
  [90m   |[0m [31m[1m^^^^^^^^[0m
[31m[1m>[0m [90m 8 |[0m   [33mWarehouse[0m,
  [90m   |[0m [31m[1m^^^^^^^^^^^^[0m
[31m[1m>[0m [90m 9 |[0m   [33mFactory[0m,
  [90m   |[0m [31m[1m^^^^^^^^^^[0m
[31m[1m>[0m [90m10 |[0m   [33mCoffee[0m,
  [90m   |[0m [31m[1m^^^^^^^^^[0m
[31m[1m>[0m [90m11 |[0m } [36mfrom[0m [32m"lucide-react"[0m;
  [90m   |[0m [31m[1m^^^^^^^^^^^^^^^^^^^^^^[0m
  [90m12 |[0m [36mimport[0m { [33mPropertyType[0m } [36mfrom[0m [32m"@/types/property"[0m;
  [90m13 |[0m
  [90m14 |[0m [36mexport[0m [36mconst[0m [33mPropertyTypeIcons[0m: [33mRecord[0m<[33mPropertyType[0m, [33mReact[0m.[33mElementType[0m> = {



Import traces:
  Client Component Browser:
    ./src/constants/search-constants.ts [Client Component Browser]
    ./src/components/SearchFilter.tsx [Client Component Browser]
    ./src/components/BuyersGuide/LargestReturn.tsx [Client Component Browser]
    ./src/app/(frontend)/(root)/buyers-guide/page.tsx [Client Component Browser]
    ./src/app/(frontend)/(root)/buyers-guide/page.tsx [Server Component]

  Client Component SSR:
    ./src/constants/search-constants.ts [Client Component SSR]
    ./src/components/SearchFilter.tsx [Client Component SSR]
    ./src/components/BuyersGuide/LargestReturn.tsx [Client Component SSR]
    ./src/app/(frontend)/(root)/buyers-guide/page.tsx [Client Component SSR]
    ./src/app/(frontend)/(root)/buyers-guide/page.tsx [Server Component]

https://nextjs.org/docs/messages/module-not-found


./src/hooks/use-map-bound-filter-property.ts:2:1
Module not found: Can't resolve 'rbush'
  [90m1 |[0m [36mimport[0m { useState, useEffect, useRef } [36mfrom[0m [32m'react'[0m;
[31m[1m>[0m [90m2 |[0m [36mimport[0m [33mRBush[0m [36mfrom[0m [32m'rbush'[0m;
  [90m  |[0m [31m[1m^^^^^^^^^^^^^^^^^^^^^^^^^^[0m
  [90m3 |[0m [36mimport[0m { [33mCoordinates[0m, [33mProperty[0m } [36mfrom[0m [32m'@/types/property'[0m;
  [90m4 |[0m
  [90m5 |[0m [36minterface[0m [33mMapBound[0m {



Import traces:
  Client Component Browser:
    ./src/hooks/use-map-bound-filter-property.ts [Client Component Browser]
    ./src/app/(frontend)/(root)/properties/page.tsx [Client Component Browser]
    ./src/app/(frontend)/(root)/properties/page.tsx [Server Component]

  Client Component SSR:
    ./src/hooks/use-map-bound-filter-property.ts [Client Component SSR]
    ./src/app/(frontend)/(root)/properties/page.tsx [Client Component SSR]
    ./src/app/(frontend)/(root)/properties/page.tsx [Server Component]

https://nextjs.org/docs/messages/module-not-found


./src/components/shared/ScheduleCallDialog.tsx:15:1
Module not found: Can't resolve 'react-calendar'
  [90m13 |[0m [36mimport[0m { useToast } [36mfrom[0m [32m"@/hooks/use-toast"[0m;
  [90m14 |[0m [36mimport[0m { [33mButton[0m } [36mfrom[0m [32m"../ui/button"[0m;
[31m[1m>[0m [90m15 |[0m [36mimport[0m [33mCalendar[0m [36mfrom[0m [32m"react-calendar"[0m;
  [90m   |[0m [31m[1m^^^^^^^^^^^^^^^^^^^^^^^^^^^^^^^^^^^^^^[0m
  [90m16 |[0m [36mimport[0m { useMediaQuery } [36mfrom[0m [32m"@/hooks/use-media-query"[0m;
  [90m17 |[0m
  [90m18 |[0m [36minterface[0m [33mScheduleCallDialogProps[0m {



Import traces:
  Client Component Browser:
    ./src/components/shared/ScheduleCallDialog.tsx [Client Component Browser]
    ./src/components/Property/PropertyCard/BuilderInfo.tsx [Client Component Browser]
    ./src/components/Property/PropertyCard/PropertyCard.tsx [Client Component Browser]
    ./src/components/Profile/WishlistSection.tsx [Client Component Browser]
    ./src/app/(frontend)/(root)/profile/page.tsx [Client Component Browser]
    ./src/app/(frontend)/(root)/profile/page.tsx [Server Component]

  Client Component SSR:
    ./src/components/shared/ScheduleCallDialog.tsx [Client Component SSR]
    ./src/components/Property/PropertyCard/BuilderInfo.tsx [Client Component SSR]
    ./src/components/Property/PropertyCard/PropertyCard.tsx [Client Component SSR]
    ./src/components/Profile/WishlistSection.tsx [Client Component SSR]
    ./src/app/(frontend)/(root)/profile/page.tsx [Client Component SSR]
    ./src/app/(frontend)/(root)/profile/page.tsx [Server Component]

https://nextjs.org/docs/messages/module-not-found


./src/components/Property/mobileView/MobilePropertyViewFooter.tsx:6:1
Module not found: Can't resolve 'react-click-away-listener'
  [90m4 |[0m [36mimport[0m [33mPropertyCard[0m [36mfrom[0m [32m"../PropertyCard/PropertyCard"[0m;
  [90m5 |[0m [36mimport[0m { useRouter } [36mfrom[0m [32m"next/navigation"[0m;
[31m[1m>[0m [90m6 |[0m [36mimport[0m [33mClickAwayListener[0m [36mfrom[0m [32m"react-click-away-listener"[0m;
  [90m  |[0m [31m[1m^^^^^^^^^^^^^^^^^^^^^^^^^^^^^^^^^^^^^^^^^^^^^^^^^^^^^^^^^^[0m
  [90m7 |[0m [36mimport[0m { useEffect, useRef } [36mfrom[0m [32m"react"[0m;
  [90m8 |[0m [36mimport[0m {
  [90m9 |[0m   [33mBottomPropertyListAction[0m,



Import traces:
  Client Component Browser:
    ./src/components/Property/mobileView/MobilePropertyViewFooter.tsx [Client Component Browser]
    ./src/components/Property/mobileView/MobileMapView.tsx [Client Component Browser]
    ./src/components/Property/mobileView/MobilePropertyView.tsx [Client Component Browser]
    ./src/app/(frontend)/(root)/properties/page.tsx [Client Component Browser]
    ./src/app/(frontend)/(root)/properties/page.tsx [Server Component]

  Client Component SSR:
    ./src/components/Property/mobileView/MobilePropertyViewFooter.tsx [Client Component SSR]
    ./src/components/Property/mobileView/MobileMapView.tsx [Client Component SSR]
    ./src/components/Property/mobileView/MobilePropertyView.tsx [Client Component SSR]
    ./src/app/(frontend)/(root)/properties/page.tsx [Client Component SSR]
    ./src/app/(frontend)/(root)/properties/page.tsx [Server Component]

https://nextjs.org/docs/messages/module-not-found


./src/components/Property/mobileView/MobileSideMenu.tsx:2:1
Module not found: Can't resolve 'react-click-away-listener'
  [90m1 |[0m [36mimport[0m { [33mX[0m } [36mfrom[0m [32m"lucide-react"[0m;
[31m[1m>[0m [90m2 |[0m [36mimport[0m [33mClickAwayListener[0m [36mfrom[0m [32m"react-click-away-listener"[0m;
  [90m  |[0m [31m[1m^^^^^^^^^^^^^^^^^^^^^^^^^^^^^^^^^^^^^^^^^^^^^^^^^^^^^^^^^^[0m
  [90m3 |[0m
  [90m4 |[0m [36mtype[0m [33mMobileSideMenuProps[0m = {
  [90m5 |[0m     showSideMenu: boolean;



Import traces:
  Client Component Browser:
    ./src/components/Property/mobileView/MobileSideMenu.tsx [Client Component Browser]
    ./src/components/Property/mobileView/MobileMapView.tsx [Client Component Browser]
    ./src/components/Property/mobileView/MobilePropertyView.tsx [Client Component Browser]
    ./src/app/(frontend)/(root)/properties/page.tsx [Client Component Browser]
    ./src/app/(frontend)/(root)/properties/page.tsx [Server Component]

  Client Component SSR:
    ./src/components/Property/mobileView/MobileSideMenu.tsx [Client Component SSR]
    ./src/components/Property/mobileView/MobileMapView.tsx [Client Component SSR]
    ./src/components/Property/mobileView/MobilePropertyView.tsx [Client Component SSR]
    ./src/app/(frontend)/(root)/properties/page.tsx [Client Component SSR]
    ./src/app/(frontend)/(root)/properties/page.tsx [Server Component]

https://nextjs.org/docs/messages/module-not-found


./src/app/(frontend)/(root)/contact/page.tsx:2:1
Module not found: Can't resolve 'react-icons/fa'
  [90m1 |[0m [36mimport[0m [33mReact[0m [36mfrom[0m [32m"react"[0m;
[31m[1m>[0m [90m2 |[0m [36mimport[0m { [33mFaTools[0m, [33mFaEnvelope[0m } [36mfrom[0m [32m"react-icons/fa"[0m;
  [90m  |[0m [31m[1m^^^^^^^^^^^^^^^^^^^^^^^^^^^^^^^^^^^^^^^^^^^^^^^^^^^^^[0m
  [90m3 |[0m
  [90m4 |[0m [36mexport[0m [36mdefault[0m [36mfunction[0m [33mContact[0m() {
  [90m5 |[0m   [36mreturn[0m (



https://nextjs.org/docs/messages/module-not-found


./src/components/Property/Properties/PropertiesPageHeader.tsx:11:1
Module not found: Can't resolve 'react-redux'
  [90m 9 |[0m } [36mfrom[0m [32m"@/types/property"[0m;
  [90m10 |[0m [36mimport[0m { [33mAppPropertyFilters[0m } [36mfrom[0m [32m"../PropertyFilters/PropertyFilters"[0m;
[31m[1m>[0m [90m11 |[0m [36mimport[0m { useSelector } [36mfrom[0m [32m"react-redux"[0m;
  [90m   |[0m [31m[1m^^^^^^^^^^^^^^^^^^^^^^^^^^^^^^^^^^^^^^^^^^[0m
  [90m12 |[0m [36mimport[0m {
  [90m13 |[0m   selectFilteredProperties,
  [90m14 |[0m   selectAllProperties,



Import traces:
  Client Component Browser:
    ./src/components/Property/Properties/PropertiesPageHeader.tsx [Client Component Browser]
    ./src/components/Property/Properties/PropertyWithMapView.tsx [Client Component Browser]
    ./src/components/Property/desktopView/DesktopPropertyView.tsx [Client Component Browser]
    ./src/app/(frontend)/(root)/properties/page.tsx [Client Component Browser]
    ./src/app/(frontend)/(root)/properties/page.tsx [Server Component]

  Client Component SSR:
    ./src/components/Property/Properties/PropertiesPageHeader.tsx [Client Component SSR]
    ./src/components/Property/Properties/PropertyWithMapView.tsx [Client Component SSR]
    ./src/components/Property/desktopView/DesktopPropertyView.tsx [Client Component SSR]
    ./src/app/(frontend)/(root)/properties/page.tsx [Client Component SSR]
    ./src/app/(frontend)/(root)/properties/page.tsx [Server Component]

https://nextjs.org/docs/messages/module-not-found


./src/components/Property/Properties/PropertyListOnlyView.tsx:3:1
Module not found: Can't resolve 'react-redux'
  [90m1 |[0m [36mimport[0m [33mPropertyCard[0m [36mfrom[0m [32m"@/components/Property/PropertyCard/PropertyCard"[0m;
  [90m2 |[0m [36mimport[0m { [33mPropertyCardSkeleton[0m } [36mfrom[0m [32m"@/components/Property/PropertyCardSkeleton"[0m;
[31m[1m>[0m [90m3 |[0m [36mimport[0m { useSelector } [36mfrom[0m [32m"react-redux"[0m;
  [90m  |[0m [31m[1m^^^^^^^^^^^^^^^^^^^^^^^^^^^^^^^^^^^^^^^^^^[0m
  [90m4 |[0m [36mimport[0m { useRouter } [36mfrom[0m [32m"next/navigation"[0m;
  [90m5 |[0m [36mimport[0m { useCallback, useMemo } [36mfrom[0m [32m"react"[0m;
  [90m6 |[0m [36mimport[0m [36mtype[0m { [33mProperty[0m } [36mfrom[0m [32m"@/types/property"[0m;



Import traces:
  Client Component Browser:
    ./src/components/Property/Properties/PropertyListOnlyView.tsx [Client Component Browser]
    ./src/components/Property/desktopView/DesktopPropertyView.tsx [Client Component Browser]
    ./src/app/(frontend)/(root)/properties/page.tsx [Client Component Browser]
    ./src/app/(frontend)/(root)/properties/page.tsx [Server Component]

  Client Component SSR:
    ./src/components/Property/Properties/PropertyListOnlyView.tsx [Client Component SSR]
    ./src/components/Property/desktopView/DesktopPropertyView.tsx [Client Component SSR]
    ./src/app/(frontend)/(root)/properties/page.tsx [Client Component SSR]
    ./src/app/(frontend)/(root)/properties/page.tsx [Server Component]

https://nextjs.org/docs/messages/module-not-found


./src/components/Property/Properties/PropertyWithMapView.tsx:12:1
Module not found: Can't resolve 'react-redux'
  [90m10 |[0m   selectAllProperties,
  [90m11 |[0m } [36mfrom[0m [32m"@/store/slices/propertySlice"[0m;
[31m[1m>[0m [90m12 |[0m [36mimport[0m { useSelector } [36mfrom[0m [32m"react-redux"[0m;
  [90m   |[0m [31m[1m^^^^^^^^^^^^^^^^^^^^^^^^^^^^^^^^^^^^^^^^^^[0m
  [90m13 |[0m [36mimport[0m [33mEndOfResults[0m [36mfrom[0m [32m"@/components/EndOfResult"[0m;
  [90m14 |[0m [36mimport[0m [33mRegionFilter[0m [36mfrom[0m [32m"../desktopView/RegionFilter"[0m;
  [90m15 |[0m [36mimport[0m [33mPropertiesPageHeader[0m [36mfrom[0m [32m"./PropertiesPageHeader"[0m;



Import traces:
  Client Component Browser:
    ./src/components/Property/Properties/PropertyWithMapView.tsx [Client Component Browser]
    ./src/components/Property/desktopView/DesktopPropertyView.tsx [Client Component Browser]
    ./src/app/(frontend)/(root)/properties/page.tsx [Client Component Browser]
    ./src/app/(frontend)/(root)/properties/page.tsx [Server Component]

  Client Component SSR:
    ./src/components/Property/Properties/PropertyWithMapView.tsx [Client Component SSR]
    ./src/components/Property/desktopView/DesktopPropertyView.tsx [Client Component SSR]
    ./src/app/(frontend)/(root)/properties/page.tsx [Client Component SSR]
    ./src/app/(frontend)/(root)/properties/page.tsx [Server Component]

https://nextjs.org/docs/messages/module-not-found


./src/components/shared/GoogleMapsWrapper.tsx:14:1
Module not found: Can't resolve 'react-redux'
  [90m12 |[0m [36mimport[0m { [33mMapError[0m } [36mfrom[0m [32m"@/components/error/MapError"[0m;
  [90m13 |[0m [36mimport[0m { cn } [36mfrom[0m [32m"@/lib/utils"[0m;
[31m[1m>[0m [90m14 |[0m [36mimport[0m { useSelector } [36mfrom[0m [32m"react-redux"[0m;
  [90m   |[0m [31m[1m^^^^^^^^^^^^^^^^^^^^^^^^^^^^^^^^^^^^^^^^^^[0m
  [90m15 |[0m [36mimport[0m { selectLocation } [36mfrom[0m [32m"@/store/slices/locationSlice"[0m;
  [90m16 |[0m [36mimport[0m { selectCurrentZoom } [36mfrom[0m [32m"@/store/slices/propertySlice"[0m;
  [90m17 |[0m



Import traces:
  Client Component Browser:
    ./src/components/shared/GoogleMapsWrapper.tsx [Client Component Browser]
    ./src/components/Property/mobileView/MobileMapView.tsx [Client Component Browser]
    ./src/components/Property/mobileView/MobilePropertyView.tsx [Client Component Browser]
    ./src/app/(frontend)/(root)/properties/page.tsx [Client Component Browser]
    ./src/app/(frontend)/(root)/properties/page.tsx [Server Component]

  Client Component SSR:
    ./src/components/shared/GoogleMapsWrapper.tsx [Client Component SSR]
    ./src/components/Property/mobileView/MobileMapView.tsx [Client Component SSR]
    ./src/components/Property/mobileView/MobilePropertyView.tsx [Client Component SSR]
    ./src/app/(frontend)/(root)/properties/page.tsx [Client Component SSR]
    ./src/app/(frontend)/(root)/properties/page.tsx [Server Component]

https://nextjs.org/docs/messages/module-not-found


./src/hooks/useAppDispatch.ts:1:1
Module not found: Can't resolve 'react-redux'
[31m[1m>[0m [90m1 |[0m [36mimport[0m { useDispatch } [36mfrom[0m [32m'react-redux'[0m
  [90m  |[0m [31m[1m^^^^^^^^^^^^^^^^^^^^^^^^^^^^^^^^^^^^^^^^^[0m
  [90m2 |[0m [36mimport[0m [36mtype[0m { [33mAppDispatch[0m } [36mfrom[0m [32m'../store/index'[0m
  [90m3 |[0m
  [90m4 |[0m [36mexport[0m [36mconst[0m useAppDispatch = () => useDispatch<[33mAppDispatch[0m>()



Import traces:
  Client Component Browser:
    ./src/hooks/useAppDispatch.ts [Client Component Browser]
    ./src/hooks/useLocationPicker.ts [Client Component Browser]
    ./src/components/Loaning/BuyabilityCalculator.tsx [Client Component Browser]
    ./src/app/(frontend)/(root)/tools/page.tsx [Client Component Browser]
    ./src/app/(frontend)/(root)/tools/page.tsx [Server Component]

  Client Component SSR:
    ./src/hooks/useAppDispatch.ts [Client Component SSR]
    ./src/hooks/useLocationPicker.ts [Client Component SSR]
    ./src/components/Loaning/BuyabilityCalculator.tsx [Client Component SSR]
    ./src/app/(frontend)/(root)/tools/page.tsx [Client Component SSR]
    ./src/app/(frontend)/(root)/tools/page.tsx [Server Component]

https://nextjs.org/docs/messages/module-not-found


./src/hooks/useAppSelector.ts:2:1
Module not found: Can't resolve 'react-redux'
  [90m1 |[0m [36mimport[0m { [33mRootState[0m } [36mfrom[0m [32m'@/store'[0m
[31m[1m>[0m [90m2 |[0m [36mimport[0m { useSelector } [36mfrom[0m [32m'react-redux'[0m
  [90m  |[0m [31m[1m^^^^^^^^^^^^^^^^^^^^^^^^^^^^^^^^^^^^^^^^^[0m
  [90m3 |[0m [36mimport[0m [36mtype[0m { [33mTypedUseSelectorHook[0m } [36mfrom[0m [32m'react-redux'[0m
  [90m4 |[0m
  [90m5 |[0m [36mexport[0m [36mconst[0m useAppSelector: [33mTypedUseSelectorHook[0m<[33mRootState[0m> = useSelector



Import traces:
  Client Component Browser:
    ./src/hooks/useAppSelector.ts [Client Component Browser]
    ./src/hooks/useLocationPicker.ts [Client Component Browser]
    ./src/components/Loaning/BuyabilityCalculator.tsx [Client Component Browser]
    ./src/app/(frontend)/(root)/tools/page.tsx [Client Component Browser]
    ./src/app/(frontend)/(root)/tools/page.tsx [Server Component]

  Client Component SSR:
    ./src/hooks/useAppSelector.ts [Client Component SSR]
    ./src/hooks/useLocationPicker.ts [Client Component SSR]
    ./src/components/Loaning/BuyabilityCalculator.tsx [Client Component SSR]
    ./src/app/(frontend)/(root)/tools/page.tsx [Client Component SSR]
    ./src/app/(frontend)/(root)/tools/page.tsx [Server Component]

https://nextjs.org/docs/messages/module-not-found


./src/hooks/useMapBounds.ts:2:1
Module not found: Can't resolve 'react-redux'
  [90m1 |[0m [36mimport[0m { useEffect, useCallback } [36mfrom[0m [32m"react"[0m;
[31m[1m>[0m [90m2 |[0m [36mimport[0m { useSelector, useDispatch } [36mfrom[0m [32m"react-redux"[0m;
  [90m  |[0m [31m[1m^^^^^^^^^^^^^^^^^^^^^^^^^^^^^^^^^^^^^^^^^^^^^^^^^^^^^^^[0m
  [90m3 |[0m [36mimport[0m { [33mProperty[0m } [36mfrom[0m [32m"@/types/property"[0m;
  [90m4 |[0m [36mimport[0m {
  [90m5 |[0m   selectLocation,



Import traces:
  Client Component Browser:
    ./src/hooks/useMapBounds.ts [Client Component Browser]
    ./src/components/Property/PropertyMap/PropertyMapMarker.tsx [Client Component Browser]
    ./src/components/Property/mobileView/MobileMapView.tsx [Client Component Browser]
    ./src/components/Property/mobileView/MobilePropertyView.tsx [Client Component Browser]
    ./src/app/(frontend)/(root)/properties/page.tsx [Client Component Browser]
    ./src/app/(frontend)/(root)/properties/page.tsx [Server Component]

  Client Component SSR:
    ./src/hooks/useMapBounds.ts [Client Component SSR]
    ./src/components/Property/PropertyMap/PropertyMapMarker.tsx [Client Component SSR]
    ./src/components/Property/mobileView/MobileMapView.tsx [Client Component SSR]
    ./src/components/Property/mobileView/MobilePropertyView.tsx [Client Component SSR]
    ./src/app/(frontend)/(root)/properties/page.tsx [Client Component SSR]
    ./src/app/(frontend)/(root)/properties/page.tsx [Server Component]

https://nextjs.org/docs/messages/module-not-found


./src/hooks/useWishlist.ts:1:1
Module not found: Can't resolve 'react-redux'
[31m[1m>[0m [90m1 |[0m [36mimport[0m { useDispatch, useSelector } [36mfrom[0m [32m"react-redux"[0m;
  [90m  |[0m [31m[1m^^^^^^^^^^^^^^^^^^^^^^^^^^^^^^^^^^^^^^^^^^^^^^^^^^^^^^^[0m
  [90m2 |[0m [36mimport[0m { useCallback, useEffect, useState } [36mfrom[0m [32m"react"[0m;
  [90m3 |[0m [36mimport[0m { [33mAppDispatch[0m } [36mfrom[0m [32m"@/store"[0m;
  [90m4 |[0m [36mimport[0m {



Import traces:
  Client Component Browser:
    ./src/hooks/useWishlist.ts [Client Component Browser]
    ./src/hooks/usePropertyActions.tsx [Client Component Browser]
    ./src/components/PropertyPage/PropertyHeader.tsx [Client Component Browser]
    ./src/components/PropertyPage/index.ts [Client Component Browser]
    ./src/app/(frontend)/(root)/property/[id]/page.tsx [Client Component Browser]
    ./src/app/(frontend)/(root)/property/[id]/page.tsx [Server Component]

  Client Component SSR:
    ./src/hooks/useWishlist.ts [Client Component SSR]
    ./src/hooks/usePropertyActions.tsx [Client Component SSR]
    ./src/components/PropertyPage/PropertyHeader.tsx [Client Component SSR]
    ./src/components/PropertyPage/index.ts [Client Component SSR]
    ./src/app/(frontend)/(root)/property/[id]/page.tsx [Client Component SSR]
    ./src/app/(frontend)/(root)/property/[id]/page.tsx [Server Component]

https://nextjs.org/docs/messages/module-not-found


./src/providers/ClientProviders.tsx:3:1
Module not found: Can't resolve 'react-redux'
  [90m1 |[0m [32m"use client"[0m;
  [90m2 |[0m
[31m[1m>[0m [90m3 |[0m [36mimport[0m { [33mProvider[0m } [36mfrom[0m [32m"react-redux"[0m;
  [90m  |[0m [31m[1m^^^^^^^^^^^^^^^^^^^^^^^^^^^^^^^^^^^^^^^[0m
  [90m4 |[0m [36mimport[0m { store } [36mfrom[0m [32m"@/store"[0m;
  [90m5 |[0m [36mimport[0m { [33mWishlistInitializer[0m } [36mfrom[0m [32m"./WishlistInitializer"[0m;
  [90m6 |[0m



Import trace:
  Server Component:
    ./src/providers/ClientProviders.tsx
    ./src/app/(frontend)/(root)/layout.tsx

https://nextjs.org/docs/messages/module-not-found


./src/components/PropertyPage/PriceTrends.tsx:11:1
Module not found: Can't resolve 'recharts'
  [90m 9 |[0m   [33mCardDescription[0m,
  [90m10 |[0m } [36mfrom[0m [32m"@/components/ui/card"[0m;
[31m[1m>[0m [90m11 |[0m [36mimport[0m {
  [90m   |[0m [31m[1m^^^^^^^[0m
[31m[1m>[0m [90m12 |[0m   [33mAreaChart[0m,
  [90m   |[0m [31m[1m^^^^^^^^^^^^[0m
[31m[1m>[0m [90m13 |[0m   [33mArea[0m,
  [90m   |[0m [31m[1m^^^^^^^[0m
[31m[1m>[0m [90m14 |[0m   [33mXAxis[0m,
  [90m   |[0m [31m[1m^^^^^^^^[0m
[31m[1m>[0m [90m15 |[0m   [33mYAxis[0m,
  [90m   |[0m [31m[1m^^^^^^^^[0m
[31m[1m>[0m [90m16 |[0m   [33mCartesianGrid[0m,
  [90m   |[0m [31m[1m^^^^^^^^^^^^^^^^[0m
[31m[1m>[0m [90m17 |[0m   [33mTooltip[0m,
  [90m   |[0m [31m[1m^^^^^^^^^^[0m
[31m[1m>[0m [90m18 |[0m   [33mResponsiveContainer[0m,
  [90m   |[0m [31m[1m^^^^^^^^^^^^^^^^^^^^^^[0m
[31m[1m>[0m [90m19 |[0m   [33mBarChart[0m,
  [90m   |[0m [31m[1m^^^^^^^^^^^[0m
[31m[1m>[0m [90m20 |[0m   [33mBar[0m,
  [90m   |[0m [31m[1m^^^^^^[0m
[31m[1m>[0m [90m21 |[0m   [33mCell[0m,
  [90m   |[0m [31m[1m^^^^^^^[0m
[31m[1m>[0m [90m22 |[0m   [33mReferenceDot[0m,
  [90m   |[0m [31m[1m^^^^^^^^^^^^^^^[0m
[31m[1m>[0m [90m23 |[0m } [36mfrom[0m [32m"recharts"[0m;
  [90m   |[0m [31m[1m^^^^^^^^^^^^^^^^^^[0m
  [90m24 |[0m
  [90m25 |[0m [36minterface[0m [33mPriceTrendsProps[0m {
  [90m26 |[0m   city?: string;



Import traces:
  Client Component Browser:
    ./src/components/PropertyPage/PriceTrends.tsx [Client Component Browser]
    ./src/components/PropertyPage/index.ts [Client Component Browser]
    ./src/app/(frontend)/(root)/property/[id]/page.tsx [Client Component Browser]
    ./src/app/(frontend)/(root)/property/[id]/page.tsx [Server Component]

  Client Component SSR:
    ./src/components/PropertyPage/PriceTrends.tsx [Client Component SSR]
    ./src/components/PropertyPage/index.ts [Client Component SSR]
    ./src/app/(frontend)/(root)/property/[id]/page.tsx [Client Component SSR]
    ./src/app/(frontend)/(root)/property/[id]/page.tsx [Server Component]

https://nextjs.org/docs/messages/module-not-found


./src/lib/utils.ts:2:1
Module not found: Can't resolve 'tailwind-merge'
  [90m1 |[0m [36mimport[0m { clsx, [36mtype[0m [33mClassValue[0m } [36mfrom[0m [32m"clsx"[0m
[31m[1m>[0m [90m2 |[0m [36mimport[0m { twMerge } [36mfrom[0m [32m"tailwind-merge"[0m
  [90m  |[0m [31m[1m^^^^^^^^^^^^^^^^^^^^^^^^^^^^^^^^^^^^^^^^[0m
  [90m3 |[0m
  [90m4 |[0m [36mexport[0m [36mfunction[0m cn(...inputs: [33mClassValue[0m[]) {
  [90m5 |[0m   [36mreturn[0m twMerge(clsx(inputs))



Import traces:
  Client Component Browser:
    ./src/lib/utils.ts [Client Component Browser]
    ./src/components/ui/toast.tsx [Client Component Browser]
    ./src/components/ui/toaster.tsx [Client Component Browser]
    ./src/components/ui/toaster.tsx [Server Component]
    ./src/app/(frontend)/layout.tsx [Server Component]

  Client Component SSR:
    ./src/lib/utils.ts [Client Component SSR]
    ./src/components/ui/toast.tsx [Client Component SSR]
    ./src/components/ui/toaster.tsx [Client Component SSR]
    ./src/components/ui/toaster.tsx [Server Component]
    ./src/app/(frontend)/layout.tsx [Server Component]

https://nextjs.org/docs/messages/module-not-found


./src/hooks/usePropertiesPageHandlers.ts:4:1
Module not found: Can't resolve 'use-debounce'
  [90m2 |[0m [36mimport[0m { useAppDispatch } [36mfrom[0m [32m"@/hooks/useAppDispatch"[0m;
  [90m3 |[0m [36mimport[0m { useAppSelector } [36mfrom[0m [32m"@/hooks/useAppSelector"[0m;
[31m[1m>[0m [90m4 |[0m [36mimport[0m { useDebounce } [36mfrom[0m [32m"use-debounce"[0m;
  [90m  |[0m [31m[1m^^^^^^^^^^^^^^^^^^^^^^^^^^^^^^^^^^^^^^^^^^^[0m
  [90m5 |[0m [36mimport[0m {
  [90m6 |[0m   selectProperty,
  [90m7 |[0m   updateLocation,



Import traces:
  Client Component Browser:
    ./src/hooks/usePropertiesPageHandlers.ts [Client Component Browser]
    ./src/app/(frontend)/(root)/properties/page.tsx [Client Component Browser]
    ./src/app/(frontend)/(root)/properties/page.tsx [Server Component]

  Client Component SSR:
    ./src/hooks/usePropertiesPageHandlers.ts [Client Component SSR]
    ./src/app/(frontend)/(root)/properties/page.tsx [Client Component SSR]
    ./src/app/(frontend)/(root)/properties/page.tsx [Server Component]

https://nextjs.org/docs/messages/module-not-found


./src/components/Form/AddressAutocompleteField.tsx:2:1
Module not found: Can't resolve 'use-places-autocomplete'
  [90m1 |[0m [36mimport[0m [33mReact[0m, { useState } [36mfrom[0m [32m"react"[0m;
[31m[1m>[0m [90m2 |[0m [36mimport[0m usePlacesAutocomplete, {
  [90m  |[0m [31m[1m^^^^^^^^^^^^^^^^^^^^^^^^^^^^^^[0m
[31m[1m>[0m [90m3 |[0m     getGeocode,
  [90m  |[0m [31m[1m^^^^^^^^^^^^^^^[0m
[31m[1m>[0m [90m4 |[0m } [36mfrom[0m [32m"use-places-autocomplete"[0m;
  [90m  |[0m [31m[1m^^^^^^^^^^^^^^^^^^^^^^^^^^^^^^^^^[0m
  [90m5 |[0m [36mimport[0m { [33mMapPin[0m } [36mfrom[0m [32m"lucide-react"[0m;
  [90m6 |[0m [36mimport[0m { [33mPROPERTY_COLORS[0m } [36mfrom[0m [32m"@/constants/property-ui-constants"[0m;
  [90m7 |[0m



Import traces:
  Client Component Browser:
    ./src/components/Form/AddressAutocompleteField.tsx [Client Component Browser]
    ./src/components/Profile/PersonalInfoCard.tsx [Client Component Browser]
    ./src/app/(frontend)/(root)/profile/page.tsx [Client Component Browser]
    ./src/app/(frontend)/(root)/profile/page.tsx [Server Component]

  Client Component SSR:
    ./src/components/Form/AddressAutocompleteField.tsx [Client Component SSR]
    ./src/components/Profile/PersonalInfoCard.tsx [Client Component SSR]
    ./src/app/(frontend)/(root)/profile/page.tsx [Client Component SSR]
    ./src/app/(frontend)/(root)/profile/page.tsx [Server Component]

https://nextjs.org/docs/messages/module-not-found


./src/components/Property/LocationPicker/CitySearchInput.tsx:3:1
Module not found: Can't resolve 'use-places-autocomplete'
  [90m1 |[0m [36mimport[0m [33mReact[0m [36mfrom[0m [32m"react"[0m;
  [90m2 |[0m [36mimport[0m { [33mSearch[0m, [33mX[0m, [33mMapPin[0m } [36mfrom[0m [32m"lucide-react"[0m;
[31m[1m>[0m [90m3 |[0m [36mimport[0m usePlacesAutocomplete [36mfrom[0m [32m"use-places-autocomplete"[0m;
  [90m  |[0m [31m[1m^^^^^^^^^^^^^^^^^^^^^^^^^^^^^^^^^^^^^^^^^^^^^^^^^^^^^^^^^^^^[0m
  [90m4 |[0m [36mimport[0m [36mtype[0m { [33mCity[0m } [36mfrom[0m [32m"@/hooks/useLocationPicker"[0m;
  [90m5 |[0m
  [90m6 |[0m [36minterface[0m [33mCitySearchInputProps[0m {



Import traces:
  Client Component Browser:
    ./src/components/Property/LocationPicker/CitySearchInput.tsx [Client Component Browser]
    ./src/components/Property/LocationPicker/index.ts [Client Component Browser]
    ./src/components/Loaning/BuyabilityCalculator.tsx [Client Component Browser]
    ./src/app/(frontend)/(root)/tools/page.tsx [Client Component Browser]
    ./src/app/(frontend)/(root)/tools/page.tsx [Server Component]

  Client Component SSR:
    ./src/components/Property/LocationPicker/CitySearchInput.tsx [Client Component SSR]
    ./src/components/Property/LocationPicker/index.ts [Client Component SSR]
    ./src/components/Loaning/BuyabilityCalculator.tsx [Client Component SSR]
    ./src/app/(frontend)/(root)/tools/page.tsx [Client Component SSR]
    ./src/app/(frontend)/(root)/tools/page.tsx [Server Component]

https://nextjs.org/docs/messages/module-not-found


./src/components/Property/PropertyFilters/AreaOfInterestDialog.tsx:15:1
Module not found: Can't resolve 'use-places-autocomplete'
  [90m13 |[0m } [36mfrom[0m [32m"lucide-react"[0m;
  [90m14 |[0m [36mimport[0m [36mtype[0m { [33mAreaOfInterest[0m } [36mfrom[0m [32m"@/types/property"[0m;
[31m[1m>[0m [90m15 |[0m [36mimport[0m usePlacesAutocomplete, {
  [90m   |[0m [31m[1m^^^^^^^^^^^^^^^^^^^^^^^^^^^^^^[0m
[31m[1m>[0m [90m16 |[0m   getGeocode,
  [90m   |[0m [31m[1m^^^^^^^^^^^^^[0m
[31m[1m>[0m [90m17 |[0m   getLatLng,
  [90m   |[0m [31m[1m^^^^^^^^^^^^[0m
[31m[1m>[0m [90m18 |[0m } [36mfrom[0m [32m"use-places-autocomplete"[0m;
  [90m   |[0m [31m[1m^^^^^^^^^^^^^^^^^^^^^^^^^^^^^^^^^[0m
  [90m19 |[0m [36mimport[0m {
  [90m20 |[0m   [33mDialog[0m,
  [90m21 |[0m   [33mDialogContent[0m,



Import traces:
  Client Component Browser:
    ./src/components/Property/PropertyFilters/AreaOfInterestDialog.tsx [Client Component Browser]
    ./src/components/Property/mobileView/MobilePageHeader.tsx [Client Component Browser]
    ./src/components/Property/mobileView/MobileMapView.tsx [Client Component Browser]
    ./src/components/Property/mobileView/MobilePropertyView.tsx [Client Component Browser]
    ./src/app/(frontend)/(root)/properties/page.tsx [Client Component Browser]
    ./src/app/(frontend)/(root)/properties/page.tsx [Server Component]

  Client Component SSR:
    ./src/components/Property/PropertyFilters/AreaOfInterestDialog.tsx [Client Component SSR]
    ./src/components/Property/mobileView/MobilePageHeader.tsx [Client Component SSR]
    ./src/components/Property/mobileView/MobileMapView.tsx [Client Component SSR]
    ./src/components/Property/mobileView/MobilePropertyView.tsx [Client Component SSR]
    ./src/app/(frontend)/(root)/properties/page.tsx [Client Component SSR]
    ./src/app/(frontend)/(root)/properties/page.tsx [Server Component]

https://nextjs.org/docs/messages/module-not-found


./src/components/Property/PropertyFilters/AutocompleteInput.tsx:2:1
Module not found: Can't resolve 'use-places-autocomplete'
  [90m1 |[0m [36mimport[0m { useEffect, useState, useRef } [36mfrom[0m [32m"react"[0m;
[31m[1m>[0m [90m2 |[0m [36mimport[0m usePlacesAutocomplete, {
  [90m  |[0m [31m[1m^^^^^^^^^^^^^^^^^^^^^^^^^^^^^^[0m
[31m[1m>[0m [90m3 |[0m     getGeocode,
  [90m  |[0m [31m[1m^^^^^^^^^^^^^^^[0m
[31m[1m>[0m [90m4 |[0m     getLatLng,
  [90m  |[0m [31m[1m^^^^^^^^^^^^^^[0m
[31m[1m>[0m [90m5 |[0m } [36mfrom[0m [32m"use-places-autocomplete"[0m;
  [90m  |[0m [31m[1m^^^^^^^^^^^^^^^^^^^^^^^^^^^^^^^^^[0m
  [90m6 |[0m [36mimport[0m { [33mMapPin[0m } [36mfrom[0m [32m"lucide-react"[0m;
  [90m7 |[0m [36mimport[0m { [33mLocation[0m } [36mfrom[0m [32m"@/store/slices/locationSlice"[0m;
  [90m8 |[0m



Import traces:
  Client Component Browser:
    ./src/components/Property/PropertyFilters/AutocompleteInput.tsx [Client Component Browser]
    ./src/components/Property/PropertyFilters/AreaOfInterestDialog.tsx [Client Component Browser]
    ./src/components/Property/mobileView/MobilePageHeader.tsx [Client Component Browser]
    ./src/components/Property/mobileView/MobileMapView.tsx [Client Component Browser]
    ./src/components/Property/mobileView/MobilePropertyView.tsx [Client Component Browser]
    ./src/app/(frontend)/(root)/properties/page.tsx [Client Component Browser]
    ./src/app/(frontend)/(root)/properties/page.tsx [Server Component]

  Client Component SSR:
    ./src/components/Property/PropertyFilters/AutocompleteInput.tsx [Client Component SSR]
    ./src/components/Property/PropertyFilters/AreaOfInterestDialog.tsx [Client Component SSR]
    ./src/components/Property/mobileView/MobilePageHeader.tsx [Client Component SSR]
    ./src/components/Property/mobileView/MobileMapView.tsx [Client Component SSR]
    ./src/components/Property/mobileView/MobilePropertyView.tsx [Client Component SSR]
    ./src/app/(frontend)/(root)/properties/page.tsx [Client Component SSR]
    ./src/app/(frontend)/(root)/properties/page.tsx [Server Component]

https://nextjs.org/docs/messages/module-not-found


./src/hooks/useLocationPicker.ts:2:1
Module not found: Can't resolve 'use-places-autocomplete'
  [90m1 |[0m [36mimport[0m { useState, useEffect } [36mfrom[0m [32m"react"[0m;
[31m[1m>[0m [90m2 |[0m [36mimport[0m { getGeocode } [36mfrom[0m [32m"use-places-autocomplete"[0m;
  [90m  |[0m [31m[1m^^^^^^^^^^^^^^^^^^^^^^^^^^^^^^^^^^^^^^^^^^^^^^^^^^^^^[0m
  [90m3 |[0m [36mimport[0m { useToast } [36mfrom[0m [32m"@/hooks/use-toast"[0m;
  [90m4 |[0m [36mimport[0m { useAppDispatch } [36mfrom[0m [32m"@/hooks/useAppDispatch"[0m;
  [90m5 |[0m [36mimport[0m { useAppSelector } [36mfrom[0m [32m"@/hooks/useAppSelector"[0m;



Import traces:
  Client Component Browser:
    ./src/hooks/useLocationPicker.ts [Client Component Browser]
    ./src/components/Loaning/BuyabilityCalculator.tsx [Client Component Browser]
    ./src/app/(frontend)/(root)/tools/page.tsx [Client Component Browser]
    ./src/app/(frontend)/(root)/tools/page.tsx [Server Component]

  Client Component SSR:
    ./src/hooks/useLocationPicker.ts [Client Component SSR]
    ./src/components/Loaning/BuyabilityCalculator.tsx [Client Component SSR]
    ./src/app/(frontend)/(root)/tools/page.tsx [Client Component SSR]
    ./src/app/(frontend)/(root)/tools/page.tsx [Server Component]

https://nextjs.org/docs/messages/module-not-found


    at <unknown> (./src/app/(frontend)/layout.tsx:6:1)
    at <unknown> (https://nextjs.org/docs/messages/module-not-found)
    at <unknown> (./src/app/(frontend)/layout.tsx:2:1)
    at <unknown> (https://nextjs.org/docs/messages/module-not-found)
    at <unknown> (./src/utils/ImgProxyURLGenerator.tsx:18:1)
    at <unknown> (https://nextjs.org/docs/messages/module-not-found)
    at <unknown> (./src/components/ui/avatar.tsx:4:1)
    at <unknown> (https://nextjs.org/docs/messages/module-not-found)
    at <unknown> (./src/components/ui/dialog.tsx:4:1)
    at <unknown> (https://nextjs.org/docs/messages/module-not-found)
    at <unknown> (./src/components/ui/sheet.tsx:4:1)
    at <unknown> (https://nextjs.org/docs/messages/module-not-found)
    at <unknown> (./src/components/ui/dropdown-menu.tsx:4:1)
    at <unknown> (https://nextjs.org/docs/messages/module-not-found)
    at <unknown> (./src/components/ui/popover.tsx:4:1)
    at <unknown> (https://nextjs.org/docs/messages/module-not-found)
    at <unknown> (./src/components/ui/slider.tsx:4:1)
    at <unknown> (https://nextjs.org/docs/messages/module-not-found)
    at <unknown> (./src/components/ui/button.tsx:2:1)
    at <unknown> (https://nextjs.org/docs/messages/module-not-found)
    at <unknown> (./src/components/ui/switch.tsx:4:1)
    at <unknown> (https://nextjs.org/docs/messages/module-not-found)
    at <unknown> (./src/components/ui/toast.tsx:4:1)
    at <unknown> (https://nextjs.org/docs/messages/module-not-found)
    at <unknown> (./src/store/index.ts:1:1)
    at <unknown> (https://nextjs.org/docs/messages/module-not-found)
    at <unknown> (./src/store/slices/locationSlice.ts:1:1)
    at <unknown> (https://nextjs.org/docs/messages/module-not-found)
    at <unknown> (./src/store/slices/propertySlice.ts:1:1)
    at <unknown> (https://nextjs.org/docs/messages/module-not-found)
    at <unknown> (./src/store/slices/wishlistSlice.ts:2:1)
    at <unknown> (https://nextjs.org/docs/messages/module-not-found)
    at <unknown> (./src/components/Property/PropertyMap/PropertyAreaHighlight.tsx:2:1)
    at <unknown> (https://nextjs.org/docs/messages/module-not-found)
    at <unknown> (./src/components/Property/PropertyMap/PropertyMapMarker.tsx:23:1)
    at <unknown> (https://nextjs.org/docs/messages/module-not-found)
    at <unknown> (./src/components/Property/PropertyMap/markers/AreaOfInterestMarker.tsx:2:1)
    at <unknown> (https://nextjs.org/docs/messages/module-not-found)
    at <unknown> (./src/components/Property/PropertyMap/markers/NearbyLocationMarkers.tsx:2:1)
    at <unknown> (https://nextjs.org/docs/messages/module-not-found)
    at <unknown> (./src/components/Property/PropertyMap/markers/SelectedPropertyMarker.tsx:2:1)
    at <unknown> (https://nextjs.org/docs/messages/module-not-found)
    at <unknown> (./src/components/Property/PropertyMap/markers/UserLocationMarker.tsx:2:1)
    at <unknown> (https://nextjs.org/docs/messages/module-not-found)
    at <unknown> (./src/components/PropertyPage/PropertyMap.tsx:4:1)
    at <unknown> (https://nextjs.org/docs/messages/module-not-found)
    at <unknown> (./src/components/shared/GoogleMapsWrapper.tsx:4:1)
    at <unknown> (https://nextjs.org/docs/messages/module-not-found)
    at <unknown> (./src/hooks/useMapInstance.ts:2:1)
    at <unknown> (https://nextjs.org/docs/messages/module-not-found)
    at <unknown> (./src/components/ui/badge.tsx:2:1)
    at <unknown> (https://nextjs.org/docs/messages/module-not-found)
    at <unknown> (./src/components/ui/button.tsx:3:1)
    at <unknown> (https://nextjs.org/docs/messages/module-not-found)
    at <unknown> (./src/components/ui/sheet.tsx:5:1)
    at <unknown> (https://nextjs.org/docs/messages/module-not-found)
    at <unknown> (./src/components/ui/toast.tsx:5:1)
    at <unknown> (https://nextjs.org/docs/messages/module-not-found)
    at <unknown> (./src/components/ui/carousel.tsx:4:1)
    at <unknown> (https://nextjs.org/docs/messages/module-not-found)
    at <unknown> (./src/app/(frontend)/(root)/property-media-gallery/[id]/page.tsx:8:1)
    at <unknown> (https://nextjs.org/docs/messages/module-not-found)
    at <unknown> (./src/app/(frontend)/(root)/property/[id]/ImageViewer.tsx:13:1)
    at <unknown> (https://nextjs.org/docs/messages/module-not-found)
    at <unknown> (./src/components/Blogs/BlogListingContent.tsx:6:1)
    at <unknown> (https://nextjs.org/docs/messages/module-not-found)
    at <unknown> (./src/components/Blogs/HeaderSection.tsx:5:1)
    at <unknown> (https://nextjs.org/docs/messages/module-not-found)
    at <unknown> (./src/components/BookSiteVisit/BookingJourney.tsx:5:1)
    at <unknown> (https://nextjs.org/docs/messages/module-not-found)
    at <unknown> (./src/components/BookSiteVisit/ProcessSection.tsx:4:1)
    at <unknown> (https://nextjs.org/docs/messages/module-not-found)
    at <unknown> (./src/components/BookSiteVisit/ScheduleVisit.tsx:4:1)
    at <unknown> (https://nextjs.org/docs/messages/module-not-found)
    at <unknown> (./src/components/BuyersGuide/InvestorGuide.tsx:5:1)
    at <unknown> (https://nextjs.org/docs/messages/module-not-found)
    at <unknown> (./src/components/BuyersGuide/PrePurchaseSection.tsx:3:1)
    at <unknown> (https://nextjs.org/docs/messages/module-not-found)
    at <unknown> (./src/components/BuyersGuide/PremiumProjects.tsx:5:1)
    at <unknown> (https://nextjs.org/docs/messages/module-not-found)
    at <unknown> (./src/components/BuyersGuide/PropertyBudget.tsx:3:1)
    at <unknown> (https://nextjs.org/docs/messages/module-not-found)
    at <unknown> (./src/components/BuyersGuide/PropertyMap.tsx:3:1)
    at <unknown> (https://nextjs.org/docs/messages/module-not-found)
    at <unknown> (./src/components/Careers/CeoWordsSection.tsx:4:1)
    at <unknown> (https://nextjs.org/docs/messages/module-not-found)
    at <unknown> (./src/components/Careers/ChannelPartnerSection.tsx:3:1)
    at <unknown> (https://nextjs.org/docs/messages/module-not-found)
    at <unknown> (./src/components/Careers/CoreValuesSection.tsx:3:1)
    at <unknown> (https://nextjs.org/docs/messages/module-not-found)
    at <unknown> (./src/components/Careers/GrowHeroSection.tsx:3:1)
    at <unknown> (https://nextjs.org/docs/messages/module-not-found)
    at <unknown> (./src/components/Careers/JoinTeamSection.tsx:3:1)
    at <unknown> (https://nextjs.org/docs/messages/module-not-found)
    at <unknown> (./src/components/Careers/MarqueeSection.tsx:2:1)
    at <unknown> (https://nextjs.org/docs/messages/module-not-found)
    at <unknown> (./src/components/Careers/PartOfHoodSection.tsx:3:1)
    at <unknown> (https://nextjs.org/docs/messages/module-not-found)
    at <unknown> (./src/components/Careers/UnlockSmarterSell.tsx:4:1)
    at <unknown> (https://nextjs.org/docs/messages/module-not-found)
    at <unknown> (./src/components/Footer.tsx:7:1)
    at <unknown> (https://nextjs.org/docs/messages/module-not-found)
    at <unknown> (./src/components/Loaning/BuyAbilitySection.tsx:4:1)
    at <unknown> (https://nextjs.org/docs/messages/module-not-found)
    at <unknown> (./src/components/Loaning/BuyabilityCalculator.tsx:5:1)
    at <unknown> (https://nextjs.org/docs/messages/module-not-found)
    at <unknown> (./src/components/Loaning/PreApprovalSection.tsx:5:1)
    at <unknown> (https://nextjs.org/docs/messages/module-not-found)
    at <unknown> (./src/components/Loaning/PropertyScoreSteps.tsx:4:1)
    at <unknown> (https://nextjs.org/docs/messages/module-not-found)
    at <unknown> (./src/components/Navbar.tsx:3:1)
    at <unknown> (https://nextjs.org/docs/messages/module-not-found)
    at <unknown> (./src/components/Search/PropertyTypeCard.tsx:2:1)
    at <unknown> (https://nextjs.org/docs/messages/module-not-found)
    at <unknown> (./src/components/SearchFilter.tsx:2:1)
    at <unknown> (https://nextjs.org/docs/messages/module-not-found)
    at <unknown> (./src/components/SmartTools/BeyondSearchBar.tsx:5:1)
    at <unknown> (https://nextjs.org/docs/messages/module-not-found)
    at <unknown> (./src/components/SmartTools/EstateIQ.tsx:4:1)
    at <unknown> (https://nextjs.org/docs/messages/module-not-found)
    at <unknown> (./src/components/SmartTools/HotHomeProperties.tsx:4:1)
    at <unknown> (https://nextjs.org/docs/messages/module-not-found)
    at <unknown> (./src/components/SmartTools/PreLaunchSection.tsx:4:1)
    at <unknown> (https://nextjs.org/docs/messages/module-not-found)
    at <unknown> (./src/components/SmartTools/PropertyFeature.tsx:4:1)
    at <unknown> (https://nextjs.org/docs/messages/module-not-found)
    at <unknown> (./src/components/WhyUs/CommitmentSection.tsx:3:1)
    at <unknown> (https://nextjs.org/docs/messages/module-not-found)
    at <unknown> (./src/components/WhyUs/ConnectionSection.tsx:2:1)
    at <unknown> (https://nextjs.org/docs/messages/module-not-found)
    at <unknown> (./src/components/WhyUs/ExploreSection.tsx:5:1)
    at <unknown> (https://nextjs.org/docs/messages/module-not-found)
    at <unknown> (./src/components/WhyUs/FavouritesSection.tsx:4:1)
    at <unknown> (https://nextjs.org/docs/messages/module-not-found)
    at <unknown> (./src/components/WhyUs/GetAccessSection.tsx:3:1)
    at <unknown> (https://nextjs.org/docs/messages/module-not-found)
    at <unknown> (./src/components/WhyUs/HomeFeatures.tsx:3:1)
    at <unknown> (https://nextjs.org/docs/messages/module-not-found)
    at <unknown> (./src/components/WhyUs/PropertyComparison.tsx:3:1)
    at <unknown> (https://nextjs.org/docs/messages/module-not-found)
    at <unknown> (./src/components/WhyUs/PropertyEligibility.tsx:5:1)
    at <unknown> (https://nextjs.org/docs/messages/module-not-found)
    at <unknown> (./src/components/WhyUs/PropertyVisitSection.tsx:3:1)
    at <unknown> (https://nextjs.org/docs/messages/module-not-found)
    at <unknown> (./src/components/WhyUs/RedefiningTrustSection.tsx:4:1)
    at <unknown> (https://nextjs.org/docs/messages/module-not-found)
    at <unknown> (./src/components/WhyUs/TestimonialSection.tsx:3:1)
    at <unknown> (https://nextjs.org/docs/messages/module-not-found)
    at <unknown> (./src/components/WhyUs/UnitBookingSection.tsx:2:1)
    at <unknown> (https://nextjs.org/docs/messages/module-not-found)
    at <unknown> (./src/components/sections/CommercialComingSoon.tsx:3:1)
    at <unknown> (https://nextjs.org/docs/messages/module-not-found)
    at <unknown> (./src/components/sections/FaqsSection.tsx:5:1)
    at <unknown> (https://nextjs.org/docs/messages/module-not-found)
    at <unknown> (./src/components/sections/FeaturesSection.tsx:3:1)
    at <unknown> (https://nextjs.org/docs/messages/module-not-found)
    at <unknown> (./src/components/sections/PerfectHomeSection.tsx:5:1)
    at <unknown> (https://nextjs.org/docs/messages/module-not-found)
    at <unknown> (./src/app/(frontend)/(root)/property-media-gallery/[id]/page.tsx:6:1)
    at <unknown> (https://nextjs.org/docs/messages/module-not-found)
    at <unknown> (./src/app/(frontend)/(root)/property/[id]/ImageViewer.tsx:11:1)
    at <unknown> (https://nextjs.org/docs/messages/module-not-found)
    at <unknown> (./src/components/Blogs/BlogListingContent.tsx:5:1)
    at <unknown> (https://nextjs.org/docs/messages/module-not-found)
    at <unknown> (./src/components/BookSiteVisit/BookingJourney.tsx:3:1)
    at <unknown> (https://nextjs.org/docs/messages/module-not-found)
    at <unknown> (./src/components/BookSiteVisit/ProcessSection.tsx:3:1)
    at <unknown> (https://nextjs.org/docs/messages/module-not-found)
    at <unknown> (./src/components/BuyersGuide/InvestorGuide.tsx:3:1)
    at <unknown> (https://nextjs.org/docs/messages/module-not-found)
    at <unknown> (./src/components/Careers/UnlockSmarterSell.tsx:1:1)
    at <unknown> (https://nextjs.org/docs/messages/module-not-found)
    at <unknown> (./src/components/Form/AddressAutocompleteField.tsx:5:1)
    at <unknown> (https://nextjs.org/docs/messages/module-not-found)
    at <unknown> (./src/components/Form/FormActions.tsx:3:1)
    at <unknown> (https://nextjs.org/docs/messages/module-not-found)
    at <unknown> (./src/components/Form/FormMultiSelect.tsx:3:1)
    at <unknown> (https://nextjs.org/docs/messages/module-not-found)
    at <unknown> (./src/components/Form/FormSelect.tsx:3:1)
    at <unknown> (https://nextjs.org/docs/messages/module-not-found)
    at <unknown> (./src/components/Form/ProfileImageUpload.tsx:3:1)
    at <unknown> (https://nextjs.org/docs/messages/module-not-found)
    at <unknown> (./src/components/Loaning/PreApprovalSection.tsx:3:1)
    at <unknown> (https://nextjs.org/docs/messages/module-not-found)
    at <unknown> (./src/components/Navbar.tsx:5:1)
    at <unknown> (https://nextjs.org/docs/messages/module-not-found)
    at <unknown> (./src/components/Profile/WishlistSection.tsx:2:1)
    at <unknown> (https://nextjs.org/docs/messages/module-not-found)
    at <unknown> (./src/components/Property/LocationPicker/CitySearchInput.tsx:2:1)
    at <unknown> (https://nextjs.org/docs/messages/module-not-found)
    at <unknown> (./src/components/Property/LocationPicker/LocationButton.tsx:4:1)
    at <unknown> (https://nextjs.org/docs/messages/module-not-found)
    at <unknown> (./src/components/Property/PropertyCard/BuilderInfo.tsx:9:1)
    at <unknown> (https://nextjs.org/docs/messages/module-not-found)
    at <unknown> (./src/components/Property/PropertyCard/PossessionAndPrice.tsx:3:1)
    at <unknown> (https://nextjs.org/docs/messages/module-not-found)
    at <unknown> (./src/components/Property/PropertyCard/PropertyBadge.tsx:75:1)
    at <unknown> (https://nextjs.org/docs/messages/module-not-found)
    at <unknown> (./src/components/Property/PropertyCard/PropertyCard.tsx:20:1)
    at <unknown> (https://nextjs.org/docs/messages/module-not-found)
    at <unknown> (./src/components/Property/PropertyCard/PropertyImageActions.tsx:6:1)
    at <unknown> (https://nextjs.org/docs/messages/module-not-found)
    at <unknown> (./src/components/Property/PropertyCard/RatingBadge.tsx:2:1)
    at <unknown> (https://nextjs.org/docs/messages/module-not-found)
    at <unknown> (./src/components/Property/PropertyCard/RatingTagPropertyPage.tsx:2:1)
    at <unknown> (https://nextjs.org/docs/messages/module-not-found)
    at <unknown> (./src/components/Property/PropertyFilters/AreaOfInterestDialog.tsx:4:1)
    at <unknown> (https://nextjs.org/docs/messages/module-not-found)
    at <unknown> (./src/components/Property/PropertyFilters/AreaOfInterestInput.tsx:6:1)
    at <unknown> (https://nextjs.org/docs/messages/module-not-found)
    at <unknown> (./src/components/Property/PropertyFilters/AutocompleteInput.tsx:6:1)
    at <unknown> (https://nextjs.org/docs/messages/module-not-found)
    at <unknown> (./src/components/Property/PropertyFilters/FilterControls.tsx:2:1)
    at <unknown> (https://nextjs.org/docs/messages/module-not-found)
    at <unknown> (./src/components/Property/PropertyFilters/MainControls.tsx:13:1)
    at <unknown> (https://nextjs.org/docs/messages/module-not-found)
    at <unknown> (./src/components/Property/PropertyFilters/MobileMapView.tsx:4:1)
    at <unknown> (https://nextjs.org/docs/messages/module-not-found)
    at <unknown> (./src/components/Property/mobileView/MobileListView.tsx:8:1)
    at <unknown> (https://nextjs.org/docs/messages/module-not-found)
    at <unknown> (./src/components/Property/mobileView/MobileListViewHeader.tsx:3:1)
    at <unknown> (https://nextjs.org/docs/messages/module-not-found)
    at <unknown> (./src/components/Property/mobileView/MobilePageHeader.tsx:2:1)
    at <unknown> (https://nextjs.org/docs/messages/module-not-found)
    at <unknown> (./src/components/Property/mobileView/MobilePropertyViewFooter.tsx:1:1)
    at <unknown> (https://nextjs.org/docs/messages/module-not-found)
    at <unknown> (./src/components/Property/mobileView/MobileSideMenu.tsx:1:1)
    at <unknown> (https://nextjs.org/docs/messages/module-not-found)
    at <unknown> (./src/components/Property/mobileView/MobileViewFilters.tsx:15:1)
    at <unknown> (https://nextjs.org/docs/messages/module-not-found)
    at <unknown> (./src/components/PropertyPage/PropertyAmenities.tsx:4:1)
    at <unknown> (https://nextjs.org/docs/messages/module-not-found)
    at <unknown> (./src/components/PropertyPage/PropertyContactSection.tsx:9:1)
    at <unknown> (https://nextjs.org/docs/messages/module-not-found)
    at <unknown> (./src/components/PropertyPage/PropertyHeader.tsx:4:1)
    at <unknown> (https://nextjs.org/docs/messages/module-not-found)
    at <unknown> (./src/components/PropertyPage/PropertyImageGallery.tsx:5:1)
    at <unknown> (https://nextjs.org/docs/messages/module-not-found)
    at <unknown> (./src/components/PropertyPage/PropertyInfo.tsx:4:1)
    at <unknown> (https://nextjs.org/docs/messages/module-not-found)
    at <unknown> (./src/components/Search/PropertyTypeCard.tsx:3:1)
    at <unknown> (https://nextjs.org/docs/messages/module-not-found)
    at <unknown> (./src/components/SearchFilter.tsx:5:1)
    at <unknown> (https://nextjs.org/docs/messages/module-not-found)
    at <unknown> (./src/components/SmartTools/BeyondSearchBar.tsx:4:1)
    at <unknown> (https://nextjs.org/docs/messages/module-not-found)
    at <unknown> (./src/components/WhyUs/CommitmentSection.tsx:2:1)
    at <unknown> (https://nextjs.org/docs/messages/module-not-found)
    at <unknown> (./src/components/WhyUs/ExploreSection.tsx:4:1)
    at <unknown> (https://nextjs.org/docs/messages/module-not-found)
    at <unknown> (./src/components/WhyUs/FavouritesSection.tsx:3:1)
    at <unknown> (https://nextjs.org/docs/messages/module-not-found)
    at <unknown> (./src/components/WhyUs/PropertyEligibility.tsx:4:1)
    at <unknown> (https://nextjs.org/docs/messages/module-not-found)
    at <unknown> (./src/components/WhyUs/PropertyVisitSection.tsx:4:1)
    at <unknown> (https://nextjs.org/docs/messages/module-not-found)
    at <unknown> (./src/components/auth/ModalContent.tsx:8:1)
    at <unknown> (https://nextjs.org/docs/messages/module-not-found)
    at <unknown> (./src/components/error/ErrorPage.tsx:3:1)
    at <unknown> (https://nextjs.org/docs/messages/module-not-found)
    at <unknown> (./src/components/sections/BlogsPreviewSection.tsx:7:1)
    at <unknown> (https://nextjs.org/docs/messages/module-not-found)
    at <unknown> (./src/components/sections/FaqsSection.tsx:3:1)
    at <unknown> (https://nextjs.org/docs/messages/module-not-found)
    at <unknown> (./src/components/shared/ScheduleCallDialog.tsx:12:1)
    at <unknown> (https://nextjs.org/docs/messages/module-not-found)
    at <unknown> (./src/components/shared/SharePropertyDialog.tsx:6:1)
    at <unknown> (https://nextjs.org/docs/messages/module-not-found)
    at <unknown> (./src/components/ui/carousel.tsx:7:1)
    at <unknown> (https://nextjs.org/docs/messages/module-not-found)
    at <unknown> (./src/components/ui/dialog.tsx:5:1)
    at <unknown> (https://nextjs.org/docs/messages/module-not-found)
    at <unknown> (./src/components/ui/dropdown-menu.tsx:5:1)
    at <unknown> (https://nextjs.org/docs/messages/module-not-found)
    at <unknown> (./src/components/ui/sheet.tsx:6:1)
    at <unknown> (https://nextjs.org/docs/messages/module-not-found)
    at <unknown> (./src/components/ui/toast.tsx:6:1)
    at <unknown> (https://nextjs.org/docs/messages/module-not-found)
    at <unknown> (./src/constants/search-constants.ts:1:1)
    at <unknown> (https://nextjs.org/docs/messages/module-not-found)
    at <unknown> (./src/hooks/use-map-bound-filter-property.ts:2:1)
    at <unknown> (https://nextjs.org/docs/messages/module-not-found)
    at <unknown> (./src/components/shared/ScheduleCallDialog.tsx:15:1)
    at <unknown> (https://nextjs.org/docs/messages/module-not-found)
    at <unknown> (./src/components/Property/mobileView/MobilePropertyViewFooter.tsx:6:1)
    at <unknown> (https://nextjs.org/docs/messages/module-not-found)
    at <unknown> (./src/components/Property/mobileView/MobileSideMenu.tsx:2:1)
    at <unknown> (https://nextjs.org/docs/messages/module-not-found)
    at <unknown> (./src/app/(frontend)/(root)/contact/page.tsx:2:1)
    at <unknown> (https://nextjs.org/docs/messages/module-not-found)
    at <unknown> (./src/components/Property/Properties/PropertiesPageHeader.tsx:11:1)
    at <unknown> (https://nextjs.org/docs/messages/module-not-found)
    at <unknown> (./src/components/Property/Properties/PropertyListOnlyView.tsx:3:1)
    at <unknown> (https://nextjs.org/docs/messages/module-not-found)
    at <unknown> (./src/components/Property/Properties/PropertyWithMapView.tsx:12:1)
    at <unknown> (https://nextjs.org/docs/messages/module-not-found)
    at <unknown> (./src/components/shared/GoogleMapsWrapper.tsx:14:1)
    at <unknown> (https://nextjs.org/docs/messages/module-not-found)
    at <unknown> (./src/hooks/useAppDispatch.ts:1:1)
    at <unknown> (https://nextjs.org/docs/messages/module-not-found)
    at <unknown> (./src/hooks/useAppSelector.ts:2:1)
    at <unknown> (https://nextjs.org/docs/messages/module-not-found)
    at <unknown> (./src/hooks/useMapBounds.ts:2:1)
    at <unknown> (https://nextjs.org/docs/messages/module-not-found)
    at <unknown> (./src/hooks/useWishlist.ts:1:1)
    at <unknown> (https://nextjs.org/docs/messages/module-not-found)
    at <unknown> (./src/providers/ClientProviders.tsx:3:1)
    at <unknown> (https://nextjs.org/docs/messages/module-not-found)
    at <unknown> (./src/components/PropertyPage/PriceTrends.tsx:11:1)
    at <unknown> (https://nextjs.org/docs/messages/module-not-found)
    at <unknown> (./src/lib/utils.ts:2:1)
    at <unknown> (https://nextjs.org/docs/messages/module-not-found)
    at <unknown> (./src/hooks/usePropertiesPageHandlers.ts:4:1)
    at <unknown> (https://nextjs.org/docs/messages/module-not-found)
    at <unknown> (./src/components/Form/AddressAutocompleteField.tsx:2:1)
    at <unknown> (https://nextjs.org/docs/messages/module-not-found)
    at <unknown> (./src/components/Property/LocationPicker/CitySearchInput.tsx:3:1)
    at <unknown> (https://nextjs.org/docs/messages/module-not-found)
    at <unknown> (./src/components/Property/PropertyFilters/AreaOfInterestDialog.tsx:15:1)
    at <unknown> (https://nextjs.org/docs/messages/module-not-found)
    at <unknown> (./src/components/Property/PropertyFilters/AutocompleteInput.tsx:2:1)
    at <unknown> (https://nextjs.org/docs/messages/module-not-found)
    at <unknown> (./src/hooks/useLocationPicker.ts:2:1)
    at <unknown> (https://nextjs.org/docs/messages/module-not-found)
